<html>
<body>
<pre>
<h1>µVision Build Log</h1>
<h2>Tool Versions:</h2>
IDE-Version: ¦ÌVision V5.16a
Copyright (C) 2015 ARM Ltd and ARM Germany GmbH. All rights reserved.
License Information: 54545 Administrator, 54, LIC=LSNY8-3L05H-IIM5V-PB14S-R57IQ-5MT0W
 
Tool Versions:
Toolchain:       MDK-ARM Standard  Version: 5.16a
Toolchain Path:  E:\Keil_v5\ARM\ARMCC\Bin
C Compiler:      Armcc.exe V5.06 (build 20)
Assembler:       Armasm.exe V5.06 (build 20)
Linker/Locator:  ArmLink.exe V5.06 (build 20)
Library Manager: ArmAr.exe V5.06 (build 20)
Hex Converter:   FromElf.exe V5.06 (build 20)
CPU DLL:         SARMCM3.DLL V5.16a
Dialog DLL:      DARMSTM.DLL V1.65.0.0
Target DLL:      STLink\ST-LINKIII-KEIL_SWO.dll V2.0.18.0
Dialog DLL:      TARMSTM.DLL V1.64.0.0
 
<h2>Project:</h2>
C:\Users\Administrator\Desktop\STM32 FX\freertos\USER\STM32-DEMO.uvproj
Project File Date:  12/26/2017

<h2>Output:</h2>
*** Using Compiler 'V5.06 (build 20)', folder: 'E:\Keil_v5\ARM\ARMCC\Bin'
Rebuild target 'Target 1'
assembling startup_stm32f10x_hd.s...
compiling stm32f10x_it.c...
compiling system.c...
compiling usart.c...
compiling driver.c...
compiling main.c...
compiling RTC.c...
compiling tim.c...
compiling misc.c...
compiling stm32f10x_adc.c...
compiling stm32f10x_bkp.c...
compiling stm32f10x_can.c...
compiling stm32f10x_cec.c...
compiling stm32f10x_crc.c...
compiling stm32f10x_dac.c...
compiling stm32f10x_dbgmcu.c...
compiling stm32f10x_dma.c...
compiling stm32f10x_exti.c...
compiling stm32f10x_flash.c...
compiling stm32f10x_gpio.c...
compiling stm32f10x_fsmc.c...
compiling stm32f10x_iwdg.c...
compiling stm32f10x_i2c.c...
compiling stm32f10x_pwr.c...
compiling stm32f10x_sdio.c...
compiling stm32f10x_rcc.c...
compiling stm32f10x_rtc.c...
compiling stm32f10x_spi.c...
compiling stm32f10x_usart.c...
compiling stm32f10x_tim.c...
compiling stm32f10x_wwdg.c...
compiling system_stm32f10x.c...
compiling list.c...
compiling tasks.c...
compiling heap_4.c...
compiling sta_tcpclent_test.c...
compiling esp8266_drive.c...
compiling port.c...
compiling core_cm3.c...
compiling SYN6288.C...
..\FWlib\inc\SYN6288.C(64): warning:  #550-D: variable "Res" was set but never used
  	u8 Res;
..\FWlib\inc\SYN6288.C: 1 warning, 0 errors
compiling esp8266_public.c...
compiling key.c...
compiling lcd.c...
compiling ADC.c...
compiling GUI.c...
compiling test.c...
linking...
Program Size: Code=32780 RO-data=5852 RW-data=248 ZI-data=19976  
"..\Output\STM32-DEMO.axf" - 0 Error(s), 1 Warning(s).
Build Time Elapsed:  00:00:46
</pre>
</body>
</html>
