Component: ARM Compiler 5.06 (build 20) Tool: armlink [4d35a3]

==============================================================================

Section Cross References

    startup_stm32f10x_hd.o(RESET) refers to startup_stm32f10x_hd.o(STACK) for __initial_sp
    startup_stm32f10x_hd.o(RESET) refers to startup_stm32f10x_hd.o(.text) for Reset_Handler
    startup_stm32f10x_hd.o(RESET) refers to stm32f10x_it.o(.text) for NMI_Handler
    startup_stm32f10x_hd.o(RESET) refers to usart.o(.text) for USART1_IRQHandler
    startup_stm32f10x_hd.o(RESET) refers to esp8266_drive.o(.text) for USART2_IRQHandler
    startup_stm32f10x_hd.o(.text) refers to system_stm32f10x.o(.text) for SystemInit
    startup_stm32f10x_hd.o(.text) refers to entry.o(.ARM.Collect$$$$00000000) for __main
    main.o(.text) refers to stm32f10x_rcc.o(.text) for RCC_APB2PeriphClockCmd
    main.o(.text) refers to stm32f10x_gpio.o(.text) for GPIO_Init
    main.o(.text) refers to driver.o(.text) for Driver_MCU_Init
    main.o(.text) refers to misc.o(.text) for NVIC_PriorityGroupConfig
    main.o(.text) refers to systick.o(.text) for Systick_Init
    main.o(.text) refers to tim.o(.text) for TIM2_NVIC_Configuration
    main.o(.text) refers to esp8266_drive.o(.text) for ESP8266_Init
    main.o(.text) refers to sta_tcpclent_test.o(.text) for ESP8266_STA_TCPClient_Test
    main.o(.text) refers to ds18b20.o(.text) for ds18b20_init
    main.o(.text) refers to key.o(.text) for send
    stm32f10x_it.o(.text) refers to stm32f10x_tim.o(.text) for TIM_GetITStatus
    stm32f10x_it.o(.text) refers to key.o(.text) for key_scan
    stm32f10x_it.o(.text) refers to stm32f10x_gpio.o(.text) for GPIO_SetBits
    stm32f10x_it.o(.text) refers to stm32f10x_it.o(.data) for times
    key.o(.text) refers to stm32f10x_gpio.o(.text) for GPIO_Init
    key.o(.text) refers to stm32f10x_tim.o(.text) for TIM_Cmd
    key.o(.text) refers to memseta.o(.text) for __aeabi_memclr4
    key.o(.text) refers to ds18b20.o(.text) for ds18b20_read
    key.o(.text) refers to adc.o(.text) for Rt_ADC
    key.o(.text) refers to ffixi.o(.text) for __aeabi_f2iz
    key.o(.text) refers to cfrcmple.o(.text) for __aeabi_cfrcmple
    key.o(.text) refers to f2d.o(.text) for __aeabi_f2d
    key.o(.text) refers to printfa.o(i.__0sprintf) for __2sprintf
    key.o(.text) refers to esp8266_drive.o(.text) for ESP8266_SendString
    key.o(.text) refers to key.o(.data) for StartFlag
    sta_tcpclent_test.o(.text) refers to stm32f10x_gpio.o(.text) for GPIO_SetBits
    sta_tcpclent_test.o(.text) refers to esp8266_drive.o(.text) for ESP8266_AT_Test
    esp8266_drive.o(.text) refers to stm32f10x_rcc.o(.text) for RCC_APB1PeriphClockCmd
    esp8266_drive.o(.text) refers to stm32f10x_gpio.o(.text) for GPIO_Init
    esp8266_drive.o(.text) refers to misc.o(.text) for NVIC_Init
    esp8266_drive.o(.text) refers to stm32f10x_usart.o(.text) for USART_Init
    esp8266_drive.o(.text) refers to strstr.o(.text) for strstr
    esp8266_drive.o(.text) refers to usart.o(.text) for USART1_Init
    esp8266_drive.o(.text) refers to esp8266_public.o(.text) for USART_printf
    esp8266_drive.o(.text) refers to systick.o(.text) for delay_ms
    esp8266_drive.o(.text) refers to printfa.o(i.__0printf) for __2printf
    esp8266_drive.o(.text) refers to printfa.o(i.__0sprintf) for __2sprintf
    esp8266_drive.o(.text) refers to esp8266_drive.o(.bss) for ESP8266_Fram_Record_Struct
    esp8266_drive.o(.text) refers to sta_tcpclent_test.o(.data) for TcpClosedFlag
    esp8266_drive.o(.text) refers to esp8266_drive.o(.data) for hz
    esp8266_drive.o(.text) refers to memseta.o(.text) for __aeabi_memclr4
    esp8266_public.o(.text) refers to stm32f10x_usart.o(.text) for USART_SendData
    usart.o(.text) refers to stm32f10x_usart.o(.text) for USART_SendData
    usart.o(.text) refers to stm32f10x_rcc.o(.text) for RCC_APB2PeriphClockCmd
    usart.o(.text) refers to stm32f10x_gpio.o(.text) for GPIO_Init
    usart.o(.text) refers to misc.o(.text) for NVIC_Init
    usart.o(.text) refers to strstr.o(.text) for strstr
    usart.o(.text) refers to esp8266_drive.o(.bss) for ESP8266_Fram_Record_Struct
    usart.o(.text) refers to sta_tcpclent_test.o(.data) for TcpClosedFlag
    systick.o(.text) refers to misc.o(.text) for SysTick_CLKSourceConfig
    systick.o(.text) refers to systick.o(.data) for fac_us
    driver.o(.text) refers to stm32f10x_rcc.o(.text) for RCC_DeInit
    driver.o(.text) refers to stm32f10x_gpio.o(.text) for GPIO_Init
    driver.o(.text) refers to stm32f10x_tim.o(.text) for TIM_TimeBaseInit
    tim.o(.text) refers to misc.o(.text) for NVIC_Init
    tim.o(.text) refers to stm32f10x_rcc.o(.text) for RCC_APB1PeriphClockCmd
    tim.o(.text) refers to stm32f10x_tim.o(.text) for TIM_DeInit
    ds18b20.o(.text) refers to stm32f10x_gpio.o(.text) for GPIO_SetBits
    ds18b20.o(.text) refers to stm32f10x_rcc.o(.text) for RCC_APB2PeriphClockCmd
    ds18b20.o(.text) refers to ffltui.o(.text) for __aeabi_ui2f
[...]
    printf3.o(i.__0snprintf$3) refers to printf3.o(i._printf_core) for _printf_core
    printf3.o(i.__0snprintf$3) refers to printf3.o(i._snputc) for _snputc
    printf3.o(i.__0sprintf$3) refers to printf3.o(i._printf_core) for _printf_core
    printf3.o(i.__0sprintf$3) refers to printf3.o(i._sputc) for _sputc
    printf3.o(i.__0vfprintf$3) refers to printf3.o(i._printf_core) for _printf_core
    printf3.o(i.__0vfprintf$3) refers to usart.o(.text) for fputc
    printf3.o(i.__0vprintf$3) refers to printf3.o(i._printf_core) for _printf_core
    printf3.o(i.__0vprintf$3) refers to usart.o(.text) for fputc
    printf3.o(i.__0vprintf$3) refers to usart.o(.data) for __stdout
    printf3.o(i.__0vsnprintf$3) refers to printf3.o(i._printf_core) for _printf_core
    printf3.o(i.__0vsnprintf$3) refers to printf3.o(i._snputc) for _snputc
    printf3.o(i.__0vsprintf$3) refers to printf3.o(i._printf_core) for _printf_core
    printf3.o(i.__0vsprintf$3) refers to printf3.o(i._sputc) for _sputc
    printf3.o(i._printf_core) refers to uidiv.o(.text) for __aeabi_uidivmod
    printf4.o(i.__0fprintf$4) refers to printf4.o(i._printf_core) for _printf_core
    printf4.o(i.__0fprintf$4) refers to usart.o(.text) for fputc
    printf4.o(i.__0printf$4) refers to printf4.o(i._printf_core) for _printf_core
    printf4.o(i.__0printf$4) refers to usart.o(.text) for fputc
    printf4.o(i.__0printf$4) refers to usart.o(.data) for __stdout
    printf4.o(i.__0snprintf$4) refers to printf4.o(i._printf_core) for _printf_core
    printf4.o(i.__0snprintf$4) refers to printf4.o(i._snputc) for _snputc
    printf4.o(i.__0sprintf$4) refers to printf4.o(i._printf_core) for _printf_core
    printf4.o(i.__0sprintf$4) refers to printf4.o(i._sputc) for _sputc
    printf4.o(i.__0vfprintf$4) refers to printf4.o(i._printf_core) for _printf_core
    printf4.o(i.__0vfprintf$4) refers to usart.o(.text) for fputc
    printf4.o(i.__0vprintf$4) refers to printf4.o(i._printf_core) for _printf_core
    printf4.o(i.__0vprintf$4) refers to usart.o(.text) for fputc
    printf4.o(i.__0vprintf$4) refers to usart.o(.data) for __stdout
    printf4.o(i.__0vsnprintf$4) refers to printf4.o(i._printf_core) for _printf_core
    printf4.o(i.__0vsnprintf$4) refers to printf4.o(i._snputc) for _snputc
    printf4.o(i.__0vsprintf$4) refers to printf4.o(i._printf_core) for _printf_core
    printf4.o(i.__0vsprintf$4) refers to printf4.o(i._sputc) for _sputc
    printf4.o(i._printf_core) refers to uldiv.o(.text) for __aeabi_uldivmod
    printf5.o(i.__0fprintf$5) refers to printf5.o(i._printf_core) for _printf_core
    printf5.o(i.__0fprintf$5) refers to usart.o(.text) for fputc
    printf5.o(i.__0printf$5) refers to printf5.o(i._printf_core) for _printf_core
    printf5.o(i.__0printf$5) refers to usart.o(.text) for fputc
    printf5.o(i.__0printf$5) refers to usart.o(.data) for __stdout
    printf5.o(i.__0snprintf$5) refers to printf5.o(i._printf_core) for _printf_core
    printf5.o(i.__0snprintf$5) refers to printf5.o(i._snputc) for _snputc
    printf5.o(i.__0sprintf$5) refers to printf5.o(i._printf_core) for _printf_core
    printf5.o(i.__0sprintf$5) refers to printf5.o(i._sputc) for _sputc
    printf5.o(i.__0vfprintf$5) refers to printf5.o(i._printf_core) for _printf_core
    printf5.o(i.__0vfprintf$5) refers to usart.o(.text) for fputc
    printf5.o(i.__0vprintf$5) refers to printf5.o(i._printf_core) for _printf_core
    printf5.o(i.__0vprintf$5) refers to usart.o(.text) for fputc
    printf5.o(i.__0vprintf$5) refers to usart.o(.data) for __stdout
    printf5.o(i.__0vsnprintf$5) refers to printf5.o(i._printf_core) for _printf_core
    printf5.o(i.__0vsnprintf$5) refers to printf5.o(i._snputc) for _snputc
    printf5.o(i.__0vsprintf$5) refers to printf5.o(i._printf_core) for _printf_core
    printf5.o(i.__0vsprintf$5) refers to printf5.o(i._sputc) for _sputc
    printf5.o(i._printf_core) refers to uldiv.o(.text) for __aeabi_uldivmod
    printf6.o(i.__0fprintf$6) refers to printf6.o(i._printf_core) for _printf_core
    printf6.o(i.__0fprintf$6) refers to usart.o(.text) for fputc
    printf6.o(i.__0printf$6) refers to printf6.o(i._printf_core) for _printf_core
    printf6.o(i.__0printf$6) refers to usart.o(.text) for fputc
    printf6.o(i.__0printf$6) refers to usart.o(.data) for __stdout
    printf6.o(i.__0snprintf$6) refers to printf6.o(i._printf_core) for _printf_core
    printf6.o(i.__0snprintf$6) refers to printf6.o(i._snputc) for _snputc
    printf6.o(i.__0sprintf$6) refers to printf6.o(i._printf_core) for _printf_core
    printf6.o(i.__0sprintf$6) refers to printf6.o(i._sputc) for _sputc
    printf6.o(i.__0vfprintf$6) refers to printf6.o(i._printf_core) for _printf_core
    printf6.o(i.__0vfprintf$6) refers to usart.o(.text) for fputc
    printf6.o(i.__0vprintf$6) refers to printf6.o(i._printf_core) for _printf_core
    printf6.o(i.__0vprintf$6) refers to usart.o(.text) for fputc
    printf6.o(i.__0vprintf$6) refers to usart.o(.data) for __stdout
    printf6.o(i.__0vsnprintf$6) refers to printf6.o(i._printf_core) for _printf_core
    printf6.o(i.__0vsnprintf$6) refers to printf6.o(i._snputc) for _snputc
    printf6.o(i.__0vsprintf$6) refers to printf6.o(i._printf_core) for _printf_core
    printf6.o(i.__0vsprintf$6) refers to printf6.o(i._sputc) for _sputc
    printf6.o(i._printf_core) refers to printf6.o(i._printf_pre_padding) for _printf_pre_padding
    printf6.o(i._printf_core) refers to uidiv.o(.text) for __aeabi_uidivmod
    printf6.o(i._printf_core) refers to printf6.o(i._printf_post_padding) for _printf_post_padding
    printf7.o(i.__0fprintf$7) refers to printf7.o(i._printf_core) for _printf_core
    printf7.o(i.__0fprintf$7) refers to usart.o(.text) for fputc
    printf7.o(i.__0printf$7) refers to printf7.o(i._printf_core) for _printf_core
    printf7.o(i.__0printf$7) refers to usart.o(.text) for fputc
    printf7.o(i.__0printf$7) refers to usart.o(.data) for __stdout
    printf7.o(i.__0snprintf$7) refers to printf7.o(i._printf_core) for _printf_core
    printf7.o(i.__0snprintf$7) refers to printf7.o(i._snputc) for _snputc
    printf7.o(i.__0sprintf$7) refers to printf7.o(i._printf_core) for _printf_core
    printf7.o(i.__0sprintf$7) refers to printf7.o(i._sputc) for _sputc
    printf7.o(i.__0vfprintf$7) refers to printf7.o(i._printf_core) for _printf_core
    printf7.o(i.__0vfprintf$7) refers to usart.o(.text) for fputc
    printf7.o(i.__0vprintf$7) refers to printf7.o(i._printf_core) for _printf_core
    printf7.o(i.__0vprintf$7) refers to usart.o(.text) for fputc
    printf7.o(i.__0vprintf$7) refers to usart.o(.data) for __stdout
    printf7.o(i.__0vsnprintf$7) refers to printf7.o(i._printf_core) for _printf_core
    printf7.o(i.__0vsnprintf$7) refers to printf7.o(i._snputc) for _snputc
    printf7.o(i.__0vsprintf$7) refers to printf7.o(i._printf_core) for _printf_core
    printf7.o(i.__0vsprintf$7) refers to printf7.o(i._sputc) for _sputc
    printf7.o(i._printf_core) refers to printf7.o(i._printf_pre_padding) for _printf_pre_padding
    printf7.o(i._printf_core) refers to uldiv.o(.text) for __aeabi_uldivmod
    printf7.o(i._printf_core) refers to printf7.o(i._printf_post_padding) for _printf_post_padding
    printf8.o(i.__0fprintf$8) refers to printf8.o(i._printf_core) for _printf_core
    printf8.o(i.__0fprintf$8) refers to usart.o(.text) for fputc
    printf8.o(i.__0printf$8) refers to printf8.o(i._printf_core) for _printf_core
    printf8.o(i.__0printf$8) refers to usart.o(.text) for fputc
    printf8.o(i.__0printf$8) refers to usart.o(.data) for __stdout
    printf8.o(i.__0snprintf$8) refers to printf8.o(i._printf_core) for _printf_core
    printf8.o(i.__0snprintf$8) refers to printf8.o(i._snputc) for _snputc
    printf8.o(i.__0sprintf$8) refers to printf8.o(i._printf_core) for _printf_core
    printf8.o(i.__0sprintf$8) refers to printf8.o(i._sputc) for _sputc
    printf8.o(i.__0vfprintf$8) refers to printf8.o(i._printf_core) for _printf_core
    printf8.o(i.__0vfprintf$8) refers to usart.o(.text) for fputc
    printf8.o(i.__0vprintf$8) refers to printf8.o(i._printf_core) for _printf_core
    printf8.o(i.__0vprintf$8) refers to usart.o(.text) for fputc
    printf8.o(i.__0vprintf$8) refers to usart.o(.data) for __stdout
    printf8.o(i.__0vsnprintf$8) refers to printf8.o(i._printf_core) for _printf_core
    printf8.o(i.__0vsnprintf$8) refers to printf8.o(i._snputc) for _snputc
    printf8.o(i.__0vsprintf$8) refers to printf8.o(i._printf_core) for _printf_core
    printf8.o(i.__0vsprintf$8) refers to printf8.o(i._sputc) for _sputc
    printf8.o(i._printf_core) refers to printf8.o(i._printf_pre_padding) for _printf_pre_padding
    printf8.o(i._printf_core) refers to uldiv.o(.text) for __aeabi_uldivmod
    printf8.o(i._printf_core) refers to printf8.o(i._printf_post_padding) for _printf_post_padding
    printfa.o(i.__0fprintf) refers (Special) to iusefp.o(.text) for __I$use$fp
    printfa.o(i.__0fprintf) refers to printfa.o(i._printf_core) for _printf_core
    printfa.o(i.__0fprintf) refers to usart.o(.text) for fputc
    printfa.o(i.__0printf) refers (Special) to iusefp.o(.text) for __I$use$fp
    printfa.o(i.__0printf) refers to printfa.o(i._printf_core) for _printf_core
    printfa.o(i.__0printf) refers to usart.o(.text) for fputc
    printfa.o(i.__0printf) refers to usart.o(.data) for __stdout
    printfa.o(i.__0snprintf) refers (Special) to iusefp.o(.text) for __I$use$fp
    printfa.o(i.__0snprintf) refers to printfa.o(i._printf_core) for _printf_core
    printfa.o(i.__0snprintf) refers to printfa.o(i._snputc) for _snputc
    printfa.o(i.__0sprintf) refers (Special) to iusefp.o(.text) for __I$use$fp
    printfa.o(i.__0sprintf) refers to printfa.o(i._printf_core) for _printf_core
    printfa.o(i.__0sprintf) refers to printfa.o(i._sputc) for _sputc
    printfa.o(i.__0vfprintf) refers (Special) to iusefp.o(.text) for __I$use$fp
    printfa.o(i.__0vfprintf) refers to printfa.o(i._printf_core) for _printf_core
    printfa.o(i.__0vfprintf) refers to usart.o(.text) for fputc
    printfa.o(i.__0vprintf) refers (Special) to iusefp.o(.text) for __I$use$fp
    printfa.o(i.__0vprintf) refers to printfa.o(i._printf_core) for _printf_core
    printfa.o(i.__0vprintf) refers to usart.o(.text) for fputc
    printfa.o(i.__0vprintf) refers to usart.o(.data) for __stdout
    printfa.o(i.__0vsnprintf) refers (Special) to iusefp.o(.text) for __I$use$fp
    printfa.o(i.__0vsnprintf) refers to printfa.o(i._printf_core) for _printf_core
    printfa.o(i.__0vsnprintf) refers to printfa.o(i._snputc) for _snputc
    printfa.o(i.__0vsprintf) refers (Special) to iusefp.o(.text) for __I$use$fp
    printfa.o(i.__0vsprintf) refers to printfa.o(i._printf_core) for _printf_core
    printfa.o(i.__0vsprintf) refers to printfa.o(i._sputc) for _sputc
    printfa.o(i._fp_digits) refers (Special) to iusefp.o(.text) for __I$use$fp
    printfa.o(i._fp_digits) refers to dmul.o(.text) for __aeabi_dmul
    printfa.o(i._fp_digits) refers to ddiv.o(.text) for __aeabi_ddiv
    printfa.o(i._fp_digits) refers to cdrcmple.o(.text) for __aeabi_cdrcmple
    printfa.o(i._fp_digits) refers to dadd.o(.text) for __aeabi_dadd
    printfa.o(i._fp_digits) refers to dfixul.o(.text) for __aeabi_d2ulz
    printfa.o(i._fp_digits) refers to uldiv.o(.text) for __aeabi_uldivmod
    printfa.o(i._printf_core) refers (Special) to iusefp.o(.text) for __I$use$fp
    printfa.o(i._printf_core) refers to printfa.o(i._printf_pre_padding) for _printf_pre_padding
    printfa.o(i._printf_core) refers to uldiv.o(.text) for __aeabi_uldivmod
    printfa.o(i._printf_core) refers to printfa.o(i._printf_post_padding) for _printf_post_padding
    printfa.o(i._printf_core) refers to printfa.o(i._fp_digits) for _fp_digits
    printfa.o(i._printf_core) refers to uidiv.o(.text) for __aeabi_uidivmod
    printfa.o(i._printf_post_padding) refers (Special) to iusefp.o(.text) for __I$use$fp
    printfa.o(i._printf_pre_padding) refers (Special) to iusefp.o(.text) for __I$use$fp
    printfa.o(i._snputc) refers (Special) to iusefp.o(.text) for __I$use$fp
    printfa.o(i._sputc) refers (Special) to iusefp.o(.text) for __I$use$fp
    fdiv.o(.text) refers (Special) to iusefp.o(.text) for __I$use$fp
    fdiv.o(.text) refers to fepilogue.o(.text) for _float_round
    dmul.o(.text) refers (Special) to iusefp.o(.text) for __I$use$fp
    dmul.o(.text) refers to depilogue.o(.text) for _double_epilogue
    ffltui.o(.text) refers (Special) to iusefp.o(.text) for __I$use$fp
    ffltui.o(.text) refers to fepilogue.o(.text) for _float_epilogue
    ffixi.o(.text) refers (Special) to iusefp.o(.text) for __I$use$fp
    f2d.o(.text) refers (Special) to iusefp.o(.text) for __I$use$fp
    d2f.o(.text) refers (Special) to iusefp.o(.text) for __I$use$fp
    d2f.o(.text) refers to fepilogue.o(.text) for _float_round
    cfrcmple.o(.text) refers (Special) to iusefp.o(.text) for __I$use$fp
    entry2.o(.ARM.Collect$$$$00000001) refers to entry2.o(.ARM.Collect$$$$00002712) for __lit__00000000
    entry2.o(.ARM.Collect$$$$00002712) refers to startup_stm32f10x_hd.o(STACK) for __initial_sp
    entry2.o(__vectab_stack_and_reset_area) refers to startup_stm32f10x_hd.o(STACK) for __initial_sp
    entry2.o(__vectab_stack_and_reset_area) refers to entry.o(.ARM.Collect$$$$00000000) for __main
    entry5.o(.ARM.Collect$$$$00000004) refers to init.o(.text) for __scatterload
    entry9a.o(.ARM.Collect$$$$0000000B) refers to main.o(.text) for main
    entry9b.o(.ARM.Collect$$$$0000000C) refers to main.o(.text) for main
    uldiv.o(.text) refers to llushr.o(.text) for __aeabi_llsr
    uldiv.o(.text) refers to llshl.o(.text) for __aeabi_llsl
    depilogue.o(.text) refers to llshl.o(.text) for __aeabi_llsl
    depilogue.o(.text) refers to llushr.o(.text) for __aeabi_llsr
    dadd.o(.text) refers to llshl.o(.text) for __aeabi_llsl
    dadd.o(.text) refers to llsshr.o(.text) for __aeabi_lasr
    dadd.o(.text) refers to depilogue.o(.text) for _double_epilogue
    ddiv.o(.text) refers to depilogue.o(.text) for _double_round
    dfixul.o(.text) refers to llushr.o(.text) for __aeabi_llsr
    dfixul.o(.text) refers to llshl.o(.text) for __aeabi_llsl
    init.o(.text) refers to entry5.o(.ARM.Collect$$$$00000004) for __main_after_scatterload


==============================================================================

Removing Unused input sections from the image.

    Removing startup_stm32f10x_hd.o(HEAP), (512 bytes).
    Removing main.o(.data), (12 bytes).
    Removing usart.o(.bss), (200 bytes).
    Removing driver.o(.data), (5 bytes).
    Removing stm32f10x_bkp.o(.text), (196 bytes).
    Removing stm32f10x_can.o(.text), (2544 bytes).
    Removing stm32f10x_cec.o(.text), (288 bytes).
    Removing stm32f10x_crc.o(.text), (72 bytes).
    Removing stm32f10x_dac.o(.text), (396 bytes).
    Removing stm32f10x_dbgmcu.o(.text), (48 bytes).
    Removing stm32f10x_dma.o(.text), (596 bytes).
    Removing stm32f10x_exti.o(.text), (284 bytes).
    Removing stm32f10x_flash.o(.text), (1468 bytes).
    Removing stm32f10x_fsmc.o(.text), (1548 bytes).
    Removing stm32f10x_i2c.o(.text), (1028 bytes).
    Removing stm32f10x_iwdg.o(.text), (64 bytes).
    Removing stm32f10x_pwr.o(.text), (204 bytes).
    Removing stm32f10x_rtc.o(.text), (328 bytes).
    Removing stm32f10x_sdio.o(.text), (468 bytes).
    Removing stm32f10x_spi.o(.text), (780 bytes).
    Removing stm32f10x_wwdg.o(.text), (136 bytes).
    Removing core_cm3.o(.emb_text), (32 bytes).

22 unused section(s) (total 11209 bytes) removed from the image.

==============================================================================

Image Symbol Table

    Local Symbols

    Symbol Name                              Value     Ov Type        Size  Object(Section)

    ../clib/microlib/division.c              0x00000000   Number         0  uidiv.o ABSOLUTE
    ../clib/microlib/division.c              0x00000000   Number         0  uldiv.o ABSOLUTE
    ../clib/microlib/init/entry.s            0x00000000   Number         0  entry7a.o ABSOLUTE
    ../clib/microlib/init/entry.s            0x00000000   Number         0  entry8a.o ABSOLUTE
    ../clib/microlib/init/entry.s            0x00000000   Number         0  entry8b.o ABSOLUTE
    ../clib/microlib/init/entry.s            0x00000000   Number         0  entry7b.o ABSOLUTE
    ../clib/microlib/init/entry.s            0x00000000   Number         0  entry9a.o ABSOLUTE
    ../clib/microlib/init/entry.s            0x00000000   Number         0  entry.o ABSOLUTE
    ../clib/microlib/init/entry.s            0x00000000   Number         0  entry9b.o ABSOLUTE
    ../clib/microlib/init/entry.s            0x00000000   Number         0  entry11a.o ABSOLUTE
    ../clib/microlib/init/entry.s            0x00000000   Number         0  entry5.o ABSOLUTE
    ../clib/microlib/init/entry.s            0x00000000   Number         0  entry2.o ABSOLUTE
    ../clib/microlib/init/entry.s            0x00000000   Number         0  entry11b.o ABSOLUTE
    ../clib/microlib/init/entry.s            0x00000000   Number         0  entry10b.o ABSOLUTE
    ../clib/microlib/init/entry.s            0x00000000   Number         0  entry10a.o ABSOLUTE
    ../clib/microlib/longlong.c              0x00000000   Number         0  llshl.o ABSOLUTE
    ../clib/microlib/longlong.c              0x00000000   Number         0  llushr.o ABSOLUTE
    ../clib/microlib/longlong.c              0x00000000   Number         0  llsshr.o ABSOLUTE
    ../clib/microlib/printf/printf.c         0x00000000   Number         0  printf1.o ABSOLUTE
    ../clib/microlib/printf/printf.c         0x00000000   Number         0  printfb.o ABSOLUTE
    ../clib/microlib/printf/printf.c         0x00000000   Number         0  printf0.o ABSOLUTE
    ../clib/microlib/printf/printf.c         0x00000000   Number         0  printfa.o ABSOLUTE
    ../clib/microlib/printf/printf.c         0x00000000   Number         0  printf5.o ABSOLUTE
    ../clib/microlib/printf/printf.c         0x00000000   Number         0  printf8.o ABSOLUTE
    ../clib/microlib/printf/printf.c         0x00000000   Number         0  printf7.o ABSOLUTE
    ../clib/microlib/printf/printf.c         0x00000000   Number         0  printf6.o ABSOLUTE
    ../clib/microlib/printf/printf.c         0x00000000   Number         0  printf4.o ABSOLUTE
    ../clib/microlib/printf/printf.c         0x00000000   Number         0  printf3.o ABSOLUTE
    ../clib/microlib/printf/printf.c         0x00000000   Number         0  printf2.o ABSOLUTE
    ../clib/microlib/printf/stubs.s          0x00000000   Number         0  stubs.o ABSOLUTE
    ../clib/microlib/string/memset.c         0x00000000   Number         0  memseta.o ABSOLUTE
    ../clib/microlib/string/strstr.c         0x00000000   Number         0  strstr.o ABSOLUTE
    ../clib/microlib/stubs.s                 0x00000000   Number         0  iusefp.o ABSOLUTE
    ../fplib/microlib/d2f.c                  0x00000000   Number         0  d2f.o ABSOLUTE
    ../fplib/microlib/f2d.c                  0x00000000   Number         0  f2d.o ABSOLUTE
    ../fplib/microlib/fpadd.c                0x00000000   Number         0  dadd.o ABSOLUTE
    ../fplib/microlib/fpdiv.c                0x00000000   Number         0  fdiv.o ABSOLUTE
    ../fplib/microlib/fpdiv.c                0x00000000   Number         0  ddiv.o ABSOLUTE
    ../fplib/microlib/fpepilogue.c           0x00000000   Number         0  depilogue.o ABSOLUTE
    ../fplib/microlib/fpepilogue.c           0x00000000   Number         0  fepilogue.o ABSOLUTE
    ../fplib/microlib/fpfix.c                0x00000000   Number         0  ffixi.o ABSOLUTE
    ../fplib/microlib/fpfix.c                0x00000000   Number         0  dfixul.o ABSOLUTE
    ../fplib/microlib/fpflt.c                0x00000000   Number         0  ffltui.o ABSOLUTE
    ../fplib/microlib/fpmul.c                0x00000000   Number         0  dmul.o ABSOLUTE
    ..\CMSIS\core_cm3.c                      0x00000000   Number         0  core_cm3.o ABSOLUTE
    ..\CMSIS\startup\startup_stm32f10x_hd.s  0x00000000   Number         0  startup_stm32f10x_hd.o ABSOLUTE
    ..\CMSIS\system_stm32f10x.c              0x00000000   Number         0  system_stm32f10x.o ABSOLUTE
    ..\FWlib\src\ADC.c                       0x00000000   Number         0  adc.o ABSOLUTE
    ..\FWlib\src\SysTick.c                   0x00000000   Number         0  systick.o ABSOLUTE
    ..\FWlib\src\driver.c                    0x00000000   Number         0  driver.o ABSOLUTE
    ..\FWlib\src\esp8266_drive.c             0x00000000   Number         0  esp8266_drive.o ABSOLUTE
    ..\FWlib\src\esp8266_public.c            0x00000000   Number         0  esp8266_public.o ABSOLUTE
    ..\FWlib\src\key.c                       0x00000000   Number         0  key.o ABSOLUTE
    ..\FWlib\src\misc.c                      0x00000000   Number         0  misc.o ABSOLUTE
    ..\FWlib\src\sta_tcpclent_test.c         0x00000000   Number         0  sta_tcpclent_test.o ABSOLUTE
    ..\FWlib\src\stm32f10x_adc.c             0x00000000   Number         0  stm32f10x_adc.o ABSOLUTE
    ..\FWlib\src\stm32f10x_bkp.c             0x00000000   Number         0  stm32f10x_bkp.o ABSOLUTE
    ..\FWlib\src\stm32f10x_can.c             0x00000000   Number         0  stm32f10x_can.o ABSOLUTE
    ..\FWlib\src\stm32f10x_cec.c             0x00000000   Number         0  stm32f10x_cec.o ABSOLUTE
    ..\FWlib\src\stm32f10x_crc.c             0x00000000   Number         0  stm32f10x_crc.o ABSOLUTE
    ..\FWlib\src\stm32f10x_dac.c             0x00000000   Number         0  stm32f10x_dac.o ABSOLUTE
    ..\FWlib\src\stm32f10x_dbgmcu.c          0x00000000   Number         0  stm32f10x_dbgmcu.o ABSOLUTE
    ..\FWlib\src\stm32f10x_dma.c             0x00000000   Number         0  stm32f10x_dma.o ABSOLUTE
    ..\FWlib\src\stm32f10x_exti.c            0x00000000   Number         0  stm32f10x_exti.o ABSOLUTE
    ..\FWlib\src\stm32f10x_flash.c           0x00000000   Number         0  stm32f10x_flash.o ABSOLUTE
    ..\FWlib\src\stm32f10x_fsmc.c            0x00000000   Number         0  stm32f10x_fsmc.o ABSOLUTE
    ..\FWlib\src\stm32f10x_gpio.c            0x00000000   Number         0  stm32f10x_gpio.o ABSOLUTE
    ..\FWlib\src\stm32f10x_i2c.c             0x00000000   Number         0  stm32f10x_i2c.o ABSOLUTE
    ..\FWlib\src\stm32f10x_iwdg.c            0x00000000   Number         0  stm32f10x_iwdg.o ABSOLUTE
    ..\FWlib\src\stm32f10x_pwr.c             0x00000000   Number         0  stm32f10x_pwr.o ABSOLUTE
    ..\FWlib\src\stm32f10x_rcc.c             0x00000000   Number         0  stm32f10x_rcc.o ABSOLUTE
    ..\FWlib\src\stm32f10x_rtc.c             0x00000000   Number         0  stm32f10x_rtc.o ABSOLUTE
    ..\FWlib\src\stm32f10x_sdio.c            0x00000000   Number         0  stm32f10x_sdio.o ABSOLUTE
    ..\FWlib\src\stm32f10x_spi.c             0x00000000   Number         0  stm32f10x_spi.o ABSOLUTE
    ..\FWlib\src\stm32f10x_tim.c             0x00000000   Number         0  stm32f10x_tim.o ABSOLUTE
    ..\FWlib\src\stm32f10x_usart.c           0x00000000   Number         0  stm32f10x_usart.o ABSOLUTE
    ..\FWlib\src\stm32f10x_wwdg.c            0x00000000   Number         0  stm32f10x_wwdg.o ABSOLUTE
    ..\FWlib\src\system.c                    0x00000000   Number         0  system.o ABSOLUTE
    ..\FWlib\src\tim.c                       0x00000000   Number         0  tim.o ABSOLUTE
    ..\FWlib\src\usart.c                     0x00000000   Number         0  usart.o ABSOLUTE
    ..\\CMSIS\\core_cm3.c                    0x00000000   Number         0  core_cm3.o ABSOLUTE
    cdrcmple.s                               0x00000000   Number         0  cdrcmple.o ABSOLUTE
    cfrcmple.s                               0x00000000   Number         0  cfrcmple.o ABSOLUTE
    dc.s                                     0x00000000   Number         0  dc.o ABSOLUTE
    ds18b20.c                                0x00000000   Number         0  ds18b20.o ABSOLUTE
    handlers.s                               0x00000000   Number         0  handlers.o ABSOLUTE
    init.s                                   0x00000000   Number         0  init.o ABSOLUTE
    main.c                                   0x00000000   Number         0  main.o ABSOLUTE
    stm32f10x_it.c                           0x00000000   Number         0  stm32f10x_it.o ABSOLUTE
    RESET                                    0x08000000   Section      304  startup_stm32f10x_hd.o(RESET)
    .ARM.Collect$$$$00000000                 0x08000130   Section        0  entry.o(.ARM.Collect$$$$00000000)
    .ARM.Collect$$$$00000001                 0x08000130   Section        4  entry2.o(.ARM.Collect$$$$00000001)
    .ARM.Collect$$$$00000004                 0x08000134   Section        4  entry5.o(.ARM.Collect$$$$00000004)
    .ARM.Collect$$$$00000008                 0x08000138   Section        0  entry7b.o(.ARM.Collect$$$$00000008)
    .ARM.Collect$$$$0000000A                 0x08000138   Section        0  entry8b.o(.ARM.Collect$$$$0000000A)
    .ARM.Collect$$$$0000000B                 0x08000138   Section        8  entry9a.o(.ARM.Collect$$$$0000000B)
    .ARM.Collect$$$$0000000D                 0x08000140   Section        0  entry10a.o(.ARM.Collect$$$$0000000D)
    .ARM.Collect$$$$0000000F                 0x08000140   Section        0  entry11a.o(.ARM.Collect$$$$0000000F)
    .ARM.Collect$$$$00002712                 0x08000140   Section        4  entry2.o(.ARM.Collect$$$$00002712)
    __lit__00000000                          0x08000140   Data           4  entry2.o(.ARM.Collect$$$$00002712)
    .text                                    0x08000144   Section       36  startup_stm32f10x_hd.o(.text)
    .text                                    0x08000168   Section        0  main.o(.text)
    .text                                    0x080001dc   Section        0  stm32f10x_it.o(.text)
    .text                                    0x0800025c   Section        0  key.o(.text)
    .text                                    0x080006a4   Section        0  sta_tcpclent_test.o(.text)
    .text                                    0x0800070c   Section        0  esp8266_drive.o(.text)
    .text                                    0x08000e14   Section        0  esp8266_public.o(.text)
    itoa                                     0x08000e15   Thumb Code    98  esp8266_public.o(.text)
    .text                                    0x08000f7c   Section        0  usart.o(.text)
    .text                                    0x080010f0   Section        0  systick.o(.text)
    .text                                    0x080011bc   Section        0  driver.o(.text)
    .text                                    0x08001344   Section        0  tim.o(.text)
    .text                                    0x0800140c   Section        0  ds18b20.o(.text)
    .text                                    0x08001654   Section        0  adc.o(.text)
    ADC1_GPIO_Config                         0x08001655   Thumb Code    34  adc.o(.text)
    ADC1_Mode_Config                         0x08001677   Thumb Code   126  adc.o(.text)
    .text                                    0x08001764   Section        0  misc.o(.text)
    .text                                    0x08001840   Section        0  stm32f10x_adc.o(.text)
    .text                                    0x08001c90   Section        0  stm32f10x_gpio.o(.text)
    .text                                    0x08001fec   Section        0  stm32f10x_rcc.o(.text)
    .text                                    0x08002390   Section        0  stm32f10x_tim.o(.text)
    TI4_Config                               0x08002837   Thumb Code   130  stm32f10x_tim.o(.text)
    TI3_Config                               0x080028cb   Thumb Code   122  stm32f10x_tim.o(.text)
    TI2_Config                               0x0800295f   Thumb Code   130  stm32f10x_tim.o(.text)
    TI1_Config                               0x080029f3   Thumb Code   108  stm32f10x_tim.o(.text)
    .text                                    0x080031ac   Section        0  stm32f10x_usart.o(.text)
    .text                                    0x080035b4   Section        0  system_stm32f10x.o(.text)
    SetSysClockTo72                          0x080035b5   Thumb Code   214  system_stm32f10x.o(.text)
    SetSysClock                              0x0800368b   Thumb Code     8  system_stm32f10x.o(.text)
    .text                                    0x08003794   Section        0  memseta.o(.text)
    .text                                    0x080037b8   Section        0  strstr.o(.text)
    .text                                    0x080037dc   Section        0  fdiv.o(.text)
    .text                                    0x08003858   Section        0  dmul.o(.text)
    .text                                    0x0800393c   Section        0  ffltui.o(.text)
    .text                                    0x08003946   Section        0  ffixi.o(.text)
    .text                                    0x08003978   Section        0  f2d.o(.text)
    .text                                    0x0800399e   Section        0  d2f.o(.text)
    .text                                    0x080039d8   Section       20  cfrcmple.o(.text)
    .text                                    0x080039ec   Section        0  uidiv.o(.text)
    .text                                    0x08003a18   Section        0  uldiv.o(.text)
    .text                                    0x08003a7a   Section        0  fepilogue.o(.text)
    .text                                    0x08003a7a   Section        0  iusefp.o(.text)
    .text                                    0x08003ae8   Section        0  depilogue.o(.text)
    .text                                    0x08003ba2   Section        0  dadd.o(.text)
    .text                                    0x08003cf0   Section        0  ddiv.o(.text)
    .text                                    0x08003dce   Section        0  dfixul.o(.text)
    .text                                    0x08003e00   Section       48  cdrcmple.o(.text)
    .text                                    0x08003e30   Section       36  init.o(.text)
    .text                                    0x08003e54   Section        0  llshl.o(.text)
    .text                                    0x08003e72   Section        0  llushr.o(.text)
    .text                                    0x08003e92   Section        0  llsshr.o(.text)
    i.__0printf                              0x08003eb8   Section        0  printfa.o(i.__0printf)
    i.__0sprintf                             0x08003ed8   Section        0  printfa.o(i.__0sprintf)
    i.__scatterload_copy                     0x08003f00   Section       14  handlers.o(i.__scatterload_copy)
    i.__scatterload_null                     0x08003f0e   Section        2  handlers.o(i.__scatterload_null)
    i.__scatterload_zeroinit                 0x08003f10   Section       14  handlers.o(i.__scatterload_zeroinit)
    i._fp_digits                             0x08003f20   Section        0  printfa.o(i._fp_digits)
    _fp_digits                               0x08003f21   Thumb Code   334  printfa.o(i._fp_digits)
    i._printf_core                           0x08004084   Section        0  printfa.o(i._printf_core)
    _printf_core                             0x08004085   Thumb Code  1744  printfa.o(i._printf_core)
    i._printf_post_padding                   0x08004760   Section        0  printfa.o(i._printf_post_padding)
    _printf_post_padding                     0x08004761   Thumb Code    36  printfa.o(i._printf_post_padding)
    i._printf_pre_padding                    0x08004784   Section        0  printfa.o(i._printf_pre_padding)
    _printf_pre_padding                      0x08004785   Thumb Code    46  printfa.o(i._printf_pre_padding)
    i._sputc                                 0x080047b2   Section        0  printfa.o(i._sputc)
    _sputc                                   0x080047b3   Thumb Code    10  printfa.o(i._sputc)
    .data                                    0x20000000   Section       16  stm32f10x_it.o(.data)
    ucKeyLock1                               0x20000000   Data           1  stm32f10x_it.o(.data)
    ucKeyLock2                               0x20000001   Data           1  stm32f10x_it.o(.data)
    ucKeyLock3                               0x20000002   Data           1  stm32f10x_it.o(.data)
    ucKeyLock4                               0x20000003   Data           1  stm32f10x_it.o(.data)
    ucKeyLock5                               0x20000004   Data           1  stm32f10x_it.o(.data)
    .data                                    0x20000010   Section       48  key.o(.data)
    ucKeyLock1                               0x20000010   Data           1  key.o(.data)
    ucKeyLock2                               0x20000011   Data           1  key.o(.data)
    ucKeyLock3                               0x20000012   Data           1  key.o(.data)
    ucKeyLock4                               0x20000013   Data           1  key.o(.data)
    ucKeyLock5                               0x20000014   Data           1  key.o(.data)
    StartFlag                                0x20000024   Data           1  key.o(.data)
    StartFlag                                0x20000025   Data           1  key.o(.data)
    StartFlag                                0x20000026   Data           1  key.o(.data)
    StartFlag                                0x20000027   Data           1  key.o(.data)
    StartFlag                                0x20000028   Data           1  key.o(.data)
    t                                        0x2000002c   Data           4  key.o(.data)
    counter                                  0x20000030   Data           4  key.o(.data)
    Dc                                       0x20000034   Data           4  key.o(.data)
    min                                      0x20000038   Data           4  key.o(.data)
    Sec                                      0x2000003c   Data           4  key.o(.data)
    .data                                    0x20000040   Section        1  sta_tcpclent_test.o(.data)
    .data                                    0x20000041   Section        1  esp8266_drive.o(.data)
    .data                                    0x20000044   Section        6  usart.o(.data)
    .data                                    0x2000004a   Section        4  systick.o(.data)
    fac_us                                   0x2000004a   Data           1  systick.o(.data)
    fac_ms                                   0x2000004c   Data           2  systick.o(.data)
    .data                                    0x20000050   Section        4  adc.o(.data)
    .data                                    0x20000054   Section       20  stm32f10x_rcc.o(.data)
    APBAHBPrescTable                         0x20000054   Data          16  stm32f10x_rcc.o(.data)
    ADCPrescTable                            0x20000064   Data           4  stm32f10x_rcc.o(.data)
    .data                                    0x20000068   Section       20  system_stm32f10x.o(.data)
    .bss                                     0x2000007c   Section     1026  esp8266_drive.o(.bss)
    STACK                                    0x20000480   Section     1024  startup_stm32f10x_hd.o(STACK)

    Global Symbols

    Symbol Name                              Value     Ov Type        Size  Object(Section)

    BuildAttributes$$THM_ISAv4$P$D$K$B$S$PE$A:L22UL41UL21$X:L11$S22US41US21$IEEE1$IW$USESV6$~STKCKD$USESV7$~SHL$OTIME$ROPI$EBA8$MICROLIB$REQ8$PRES8$EABIv2 0x00000000   Number         0  anon$$obj.o ABSOLUTE
    __ARM_use_no_argv                        0x00000000   Number         0  main.o ABSOLUTE
    _printf_a                                0x00000000   Number         0  stubs.o ABSOLUTE
    _printf_c                                0x00000000   Number         0  stubs.o ABSOLUTE
    _printf_charcount                        0x00000000   Number         0  stubs.o ABSOLUTE
    _printf_d                                0x00000000   Number         0  stubs.o ABSOLUTE
    _printf_e                                0x00000000   Number         0  stubs.o ABSOLUTE
    _printf_f                                0x00000000   Number         0  stubs.o ABSOLUTE
    _printf_flags                            0x00000000   Number         0  stubs.o ABSOLUTE
    _printf_fp_dec                           0x00000000   Number         0  stubs.o ABSOLUTE
    _printf_fp_hex                           0x00000000   Number         0  stubs.o ABSOLUTE
    _printf_g                                0x00000000   Number         0  stubs.o ABSOLUTE
    _printf_i                                0x00000000   Number         0  stubs.o ABSOLUTE
    _printf_int_dec                          0x00000000   Number         0  stubs.o ABSOLUTE
    _printf_l                                0x00000000   Number         0  stubs.o ABSOLUTE
    _printf_lc                               0x00000000   Number         0  stubs.o ABSOLUTE
    _printf_ll                               0x00000000   Number         0  stubs.o ABSOLUTE
    _printf_lld                              0x00000000   Number         0  stubs.o ABSOLUTE
    _printf_lli                              0x00000000   Number         0  stubs.o ABSOLUTE
    _printf_llo                              0x00000000   Number         0  stubs.o ABSOLUTE
    _printf_llu                              0x00000000   Number         0  stubs.o ABSOLUTE
    _printf_llx                              0x00000000   Number         0  stubs.o ABSOLUTE
    _printf_longlong_dec                     0x00000000   Number         0  stubs.o ABSOLUTE
    _printf_longlong_hex                     0x00000000   Number         0  stubs.o ABSOLUTE
    _printf_longlong_oct                     0x00000000   Number         0  stubs.o ABSOLUTE
    _printf_ls                               0x00000000   Number         0  stubs.o ABSOLUTE
    _printf_mbtowc                           0x00000000   Number         0  stubs.o ABSOLUTE
    _printf_n                                0x00000000   Number         0  stubs.o ABSOLUTE
    _printf_o                                0x00000000   Number         0  stubs.o ABSOLUTE
    _printf_p                                0x00000000   Number         0  stubs.o ABSOLUTE
    _printf_percent                          0x00000000   Number         0  stubs.o ABSOLUTE
    _printf_pre_padding                      0x00000000   Number         0  stubs.o ABSOLUTE
    _printf_return_value                     0x00000000   Number         0  stubs.o ABSOLUTE
    _printf_s                                0x00000000   Number         0  stubs.o ABSOLUTE
    _printf_sizespec                         0x00000000   Number         0  stubs.o ABSOLUTE
    _printf_str                              0x00000000   Number         0  stubs.o ABSOLUTE
    _printf_truncate_signed                  0x00000000   Number         0  stubs.o ABSOLUTE
    _printf_truncate_unsigned                0x00000000   Number         0  stubs.o ABSOLUTE
    _printf_u                                0x00000000   Number         0  stubs.o ABSOLUTE
    _printf_wc                               0x00000000   Number         0  stubs.o ABSOLUTE
    _printf_wctomb                           0x00000000   Number         0  stubs.o ABSOLUTE
    _printf_widthprec                        0x00000000   Number         0  stubs.o ABSOLUTE
    _printf_x                                0x00000000   Number         0  stubs.o ABSOLUTE
    __cpp_initialize__aeabi_                  - Undefined Weak Reference
    __cxa_finalize                            - Undefined Weak Reference
    __decompress                              - Undefined Weak Reference
    _clock_init                               - Undefined Weak Reference
    _microlib_exit                            - Undefined Weak Reference
    __Vectors_Size                           0x00000130   Number         0  startup_stm32f10x_hd.o ABSOLUTE
    __Vectors                                0x08000000   Data           4  startup_stm32f10x_hd.o(RESET)
    __Vectors_End                            0x08000130   Data           0  startup_stm32f10x_hd.o(RESET)
    __main                                   0x08000131   Thumb Code     0  entry.o(.ARM.Collect$$$$00000000)
    _main_stk                                0x08000131   Thumb Code     0  entry2.o(.ARM.Collect$$$$00000001)
    _main_scatterload                        0x08000135   Thumb Code     0  entry5.o(.ARM.Collect$$$$00000004)
    __main_after_scatterload                 0x08000139   Thumb Code     0  entry5.o(.ARM.Collect$$$$00000004)
    _main_clock                              0x08000139   Thumb Code     0  entry7b.o(.ARM.Collect$$$$00000008)
    _main_cpp_init                           0x08000139   Thumb Code     0  entry8b.o(.ARM.Collect$$$$0000000A)
    _main_init                               0x08000139   Thumb Code     0  entry9a.o(.ARM.Collect$$$$0000000B)
    __rt_final_cpp                           0x08000141   Thumb Code     0  entry10a.o(.ARM.Collect$$$$0000000D)
    __rt_final_exit                          0x08000141   Thumb Code     0  entry11a.o(.ARM.Collect$$$$0000000F)
    Reset_Handler                            0x08000145   Thumb Code     8  startup_stm32f10x_hd.o(.text)
    ADC1_2_IRQHandler                        0x0800015f   Thumb Code     0  startup_stm32f10x_hd.o(.text)
    ADC3_IRQHandler                          0x0800015f   Thumb Code     0  startup_stm32f10x_hd.o(.text)
    CAN1_RX1_IRQHandler                      0x0800015f   Thumb Code     0  startup_stm32f10x_hd.o(.text)
    CAN1_SCE_IRQHandler                      0x0800015f   Thumb Code     0  startup_stm32f10x_hd.o(.text)
    DMA1_Channel1_IRQHandler                 0x0800015f   Thumb Code     0  startup_stm32f10x_hd.o(.text)
    DMA1_Channel2_IRQHandler                 0x0800015f   Thumb Code     0  startup_stm32f10x_hd.o(.text)
    DMA1_Channel3_IRQHandler                 0x0800015f   Thumb Code     0  startup_stm32f10x_hd.o(.text)
    DMA1_Channel4_IRQHandler                 0x0800015f   Thumb Code     0  startup_stm32f10x_hd.o(.text)
    DMA1_Channel5_IRQHandler                 0x0800015f   Thumb Code     0  startup_stm32f10x_hd.o(.text)
    DMA1_Channel6_IRQHandler                 0x0800015f   Thumb Code     0  startup_stm32f10x_hd.o(.text)
    DMA1_Channel7_IRQHandler                 0x0800015f   Thumb Code     0  startup_stm32f10x_hd.o(.text)
    DMA2_Channel1_IRQHandler                 0x0800015f   Thumb Code     0  startup_stm32f10x_hd.o(.text)
    DMA2_Channel2_IRQHandler                 0x0800015f   Thumb Code     0  startup_stm32f10x_hd.o(.text)
    DMA2_Channel3_IRQHandler                 0x0800015f   Thumb Code     0  startup_stm32f10x_hd.o(.text)
    DMA2_Channel4_5_IRQHandler               0x0800015f   Thumb Code     0  startup_stm32f10x_hd.o(.text)
    EXTI0_IRQHandler                         0x0800015f   Thumb Code     0  startup_stm32f10x_hd.o(.text)
    EXTI15_10_IRQHandler                     0x0800015f   Thumb Code     0  startup_stm32f10x_hd.o(.text)
    EXTI1_IRQHandler                         0x0800015f   Thumb Code     0  startup_stm32f10x_hd.o(.text)
    EXTI2_IRQHandler                         0x0800015f   Thumb Code     0  startup_stm32f10x_hd.o(.text)
    EXTI3_IRQHandler                         0x0800015f   Thumb Code     0  startup_stm32f10x_hd.o(.text)
    EXTI4_IRQHandler                         0x0800015f   Thumb Code     0  startup_stm32f10x_hd.o(.text)
    EXTI9_5_IRQHandler                       0x0800015f   Thumb Code     0  startup_stm32f10x_hd.o(.text)
    FLASH_IRQHandler                         0x0800015f   Thumb Code     0  startup_stm32f10x_hd.o(.text)
    FSMC_IRQHandler                          0x0800015f   Thumb Code     0  startup_stm32f10x_hd.o(.text)
    I2C1_ER_IRQHandler                       0x0800015f   Thumb Code     0  startup_stm32f10x_hd.o(.text)
    I2C1_EV_IRQHandler                       0x0800015f   Thumb Code     0  startup_stm32f10x_hd.o(.text)
    I2C2_ER_IRQHandler                       0x0800015f   Thumb Code     0  startup_stm32f10x_hd.o(.text)
    I2C2_EV_IRQHandler                       0x0800015f   Thumb Code     0  startup_stm32f10x_hd.o(.text)
    PVD_IRQHandler                           0x0800015f   Thumb Code     0  startup_stm32f10x_hd.o(.text)
    RCC_IRQHandler                           0x0800015f   Thumb Code     0  startup_stm32f10x_hd.o(.text)
    RTCAlarm_IRQHandler                      0x0800015f   Thumb Code     0  startup_stm32f10x_hd.o(.text)
    RTC_IRQHandler                           0x0800015f   Thumb Code     0  startup_stm32f10x_hd.o(.text)
    SDIO_IRQHandler                          0x0800015f   Thumb Code     0  startup_stm32f10x_hd.o(.text)
    SPI1_IRQHandler                          0x0800015f   Thumb Code     0  startup_stm32f10x_hd.o(.text)
    SPI2_IRQHandler                          0x0800015f   Thumb Code     0  startup_stm32f10x_hd.o(.text)
    SPI3_IRQHandler                          0x0800015f   Thumb Code     0  startup_stm32f10x_hd.o(.text)
    TAMPER_IRQHandler                        0x0800015f   Thumb Code     0  startup_stm32f10x_hd.o(.text)
    TIM1_BRK_IRQHandler                      0x0800015f   Thumb Code     0  startup_stm32f10x_hd.o(.text)
    TIM1_CC_IRQHandler                       0x0800015f   Thumb Code     0  startup_stm32f10x_hd.o(.text)
    TIM1_TRG_COM_IRQHandler                  0x0800015f   Thumb Code     0  startup_stm32f10x_hd.o(.text)
    TIM1_UP_IRQHandler                       0x0800015f   Thumb Code     0  startup_stm32f10x_hd.o(.text)
    TIM4_IRQHandler                          0x0800015f   Thumb Code     0  startup_stm32f10x_hd.o(.text)
    TIM5_IRQHandler                          0x0800015f   Thumb Code     0  startup_stm32f10x_hd.o(.text)
    TIM6_IRQHandler                          0x0800015f   Thumb Code     0  startup_stm32f10x_hd.o(.text)
    TIM7_IRQHandler                          0x0800015f   Thumb Code     0  startup_stm32f10x_hd.o(.text)
    TIM8_BRK_IRQHandler                      0x0800015f   Thumb Code     0  startup_stm32f10x_hd.o(.text)
    TIM8_CC_IRQHandler                       0x0800015f   Thumb Code     0  startup_stm32f10x_hd.o(.text)
    TIM8_TRG_COM_IRQHandler                  0x0800015f   Thumb Code     0  startup_stm32f10x_hd.o(.text)
    TIM8_UP_IRQHandler                       0x0800015f   Thumb Code     0  startup_stm32f10x_hd.o(.text)
    UART4_IRQHandler                         0x0800015f   Thumb Code     0  startup_stm32f10x_hd.o(.text)
    UART5_IRQHandler                         0x0800015f   Thumb Code     0  startup_stm32f10x_hd.o(.text)
    USBWakeUp_IRQHandler                     0x0800015f   Thumb Code     0  startup_stm32f10x_hd.o(.text)
    USB_HP_CAN1_TX_IRQHandler                0x0800015f   Thumb Code     0  startup_stm32f10x_hd.o(.text)
    USB_LP_CAN1_RX0_IRQHandler               0x0800015f   Thumb Code     0  startup_stm32f10x_hd.o(.text)
    WWDG_IRQHandler                          0x0800015f   Thumb Code     0  startup_stm32f10x_hd.o(.text)
    GPIO_Config                              0x08000169   Thumb Code    38  main.o(.text)
    main                                     0x0800018f   Thumb Code    74  main.o(.text)
    NMI_Handler                              0x080001dd   Thumb Code     2  stm32f10x_it.o(.text)
    HardFault_Handler                        0x080001df   Thumb Code     4  stm32f10x_it.o(.text)
    MemManage_Handler                        0x080001e3   Thumb Code     4  stm32f10x_it.o(.text)
    BusFault_Handler                         0x080001e7   Thumb Code     4  stm32f10x_it.o(.text)
    UsageFault_Handler                       0x080001eb   Thumb Code     4  stm32f10x_it.o(.text)
    SVC_Handler                              0x080001ef   Thumb Code     2  stm32f10x_it.o(.text)
    DebugMon_Handler                         0x080001f1   Thumb Code     2  stm32f10x_it.o(.text)
    PendSV_Handler                           0x080001f3   Thumb Code     2  stm32f10x_it.o(.text)
    SysTick_Handler                          0x080001f5   Thumb Code     2  stm32f10x_it.o(.text)
    TIM2_IRQHandler                          0x080001f7   Thumb Code    30  stm32f10x_it.o(.text)
    TIM3_IRQHandler                          0x08000215   Thumb Code    58  stm32f10x_it.o(.text)
    Driver_Key1Sta                           0x0800025d   Thumb Code    60  key.o(.text)
    Driver_Key2Sta                           0x08000299   Thumb Code    60  key.o(.text)
    Driver_Key3Sta                           0x080002d5   Thumb Code    60  key.o(.text)
    Driver_Key4Sta                           0x08000311   Thumb Code    60  key.o(.text)
    Driver_Key5Sta                           0x0800034d   Thumb Code    64  key.o(.text)
    Get_Time                                 0x0800038d   Thumb Code     6  key.o(.text)
    key_service                              0x08000393   Thumb Code   198  key.o(.text)
    send                                     0x08000459   Thumb Code   154  key.o(.text)
    key_scan                                 0x080004f3   Thumb Code   162  key.o(.text)
    CCR_switch                               0x08000595   Thumb Code    56  key.o(.text)
    LED_switch                               0x080005cd   Thumb Code   100  key.o(.text)
    ESP8266_STA_TCPClient_Test               0x080006a5   Thumb Code    60  sta_tcpclent_test.o(.text)
    USART3_Init                              0x0800070d   Thumb Code   158  esp8266_drive.o(.text)
    USART3_IRQHandler                        0x080007ab   Thumb Code   134  esp8266_drive.o(.text)
    USART2_Init                              0x08000831   Thumb Code   154  esp8266_drive.o(.text)
    USART2_IRQHandler                        0x080008cb   Thumb Code   148  esp8266_drive.o(.text)
    ESP8266_Init                             0x0800095f   Thumb Code    78  esp8266_drive.o(.text)
    ESP8266_Send_AT_Cmd                      0x080009ad   Thumb Code   156  esp8266_drive.o(.text)
    ESP8266_Rst                              0x08000a49   Thumb Code    28  esp8266_drive.o(.text)
    ESP8266_AT_Test                          0x08000a65   Thumb Code    62  esp8266_drive.o(.text)
    ESP8266_Net_Mode_Choose                  0x08000aa3   Thumb Code    68  esp8266_drive.o(.text)
    ESP8266_JoinAP                           0x08000ae7   Thumb Code    38  esp8266_drive.o(.text)
    ESP8266_Enable_MultipleId                0x08000b0d   Thumb Code   204  esp8266_drive.o(.text)
    ESP8266_Link_Server                      0x08000bd9   Thumb Code   112  esp8266_drive.o(.text)
    ESP8266_UnvarnishSend                    0x08000c49   Thumb Code    42  esp8266_drive.o(.text)
    ESP8266_SendString                       0x08000c73   Thumb Code   104  esp8266_drive.o(.text)
    ESP8266_ExitUnvarnishSend                0x08000cdb   Thumb Code    20  esp8266_drive.o(.text)
    ESP8266_Get_LinkStatus                   0x08000cef   Thumb Code    66  esp8266_drive.o(.text)
    USART_printf                             0x08000e77   Thumb Code   262  esp8266_public.o(.text)
    _sys_exit                                0x08000f7d   Thumb Code     6  usart.o(.text)
    fputc                                    0x08000f83   Thumb Code    32  usart.o(.text)
    USART1_Init                              0x08000fa3   Thumb Code   152  usart.o(.text)
    USART1_IRQHandler                        0x0800103b   Thumb Code   158  usart.o(.text)
    Systick_Init                             0x080010f1   Thumb Code    52  systick.o(.text)
    delay_us                                 0x08001125   Thumb Code    72  systick.o(.text)
    delay_ms                                 0x0800116d   Thumb Code    72  systick.o(.text)
    Driver_MCU_Init                          0x080011bd   Thumb Code   162  driver.o(.text)
    Driver_OpenEA                            0x0800125f   Thumb Code     4  driver.o(.text)
    TIM3_PWM_Init                            0x08001263   Thumb Code   212  driver.o(.text)
    TIM2_NVIC_Configuration                  0x08001345   Thumb Code    34  tim.o(.text)
    TIM2_Configuration                       0x08001367   Thumb Code    80  tim.o(.text)
    TIM3_Init                                0x080013b7   Thumb Code    82  tim.o(.text)
    Delay_us                                 0x0800140d   Thumb Code    48  ds18b20.o(.text)
    ResetDS18B20                             0x0800143d   Thumb Code    80  ds18b20.o(.text)
    DS18B20WriteByte                         0x0800148d   Thumb Code    78  ds18b20.o(.text)
    DS18B20ReadByte                          0x080014db   Thumb Code    96  ds18b20.o(.text)
    ReadRom                                  0x0800153b   Thumb Code    32  ds18b20.o(.text)
    DS18B20Init                              0x0800155b   Thumb Code    74  ds18b20.o(.text)
    DS18B20StartConvert                      0x080015a5   Thumb Code    20  ds18b20.o(.text)
    DS18B20_Configuration                    0x080015b9   Thumb Code    38  ds18b20.o(.text)
    ds18b20_init                             0x080015df   Thumb Code    22  ds18b20.o(.text)
    ds18b20_read                             0x080015f5   Thumb Code    86  ds18b20.o(.text)
    ADC1_Init                                0x080016f5   Thumb Code    12  adc.o(.text)
    ADC_change                               0x08001701   Thumb Code    20  adc.o(.text)
    Rt_ADC                                   0x08001715   Thumb Code    62  adc.o(.text)
    NVIC_PriorityGroupConfig                 0x08001765   Thumb Code    10  misc.o(.text)
    NVIC_Init                                0x0800176f   Thumb Code   100  misc.o(.text)
    NVIC_SetVectorTable                      0x080017d3   Thumb Code    14  misc.o(.text)
    NVIC_SystemLPConfig                      0x080017e1   Thumb Code    34  misc.o(.text)
    SysTick_CLKSourceConfig                  0x08001803   Thumb Code    40  misc.o(.text)
    ADC_DeInit                               0x08001841   Thumb Code    78  stm32f10x_adc.o(.text)
    ADC_Init                                 0x0800188f   Thumb Code    70  stm32f10x_adc.o(.text)
    ADC_StructInit                           0x080018d5   Thumb Code    18  stm32f10x_adc.o(.text)
    ADC_Cmd                                  0x080018e7   Thumb Code    22  stm32f10x_adc.o(.text)
    ADC_DMACmd                               0x080018fd   Thumb Code    22  stm32f10x_adc.o(.text)
    ADC_ITConfig                             0x08001913   Thumb Code    24  stm32f10x_adc.o(.text)
    ADC_ResetCalibration                     0x0800192b   Thumb Code    10  stm32f10x_adc.o(.text)
    ADC_GetResetCalibrationStatus            0x08001935   Thumb Code    20  stm32f10x_adc.o(.text)
    ADC_StartCalibration                     0x08001949   Thumb Code    10  stm32f10x_adc.o(.text)
    ADC_GetCalibrationStatus                 0x08001953   Thumb Code    20  stm32f10x_adc.o(.text)
    ADC_SoftwareStartConvCmd                 0x08001967   Thumb Code    22  stm32f10x_adc.o(.text)
    ADC_GetSoftwareStartConvStatus           0x0800197d   Thumb Code    20  stm32f10x_adc.o(.text)
    ADC_DiscModeChannelCountConfig           0x08001991   Thumb Code    24  stm32f10x_adc.o(.text)
    ADC_DiscModeCmd                          0x080019a9   Thumb Code    22  stm32f10x_adc.o(.text)
    ADC_RegularChannelConfig                 0x080019bf   Thumb Code   184  stm32f10x_adc.o(.text)
    ADC_ExternalTrigConvCmd                  0x08001a77   Thumb Code    22  stm32f10x_adc.o(.text)
    ADC_GetConversionValue                   0x08001a8d   Thumb Code     8  stm32f10x_adc.o(.text)
    ADC_GetDualModeConversionValue           0x08001a95   Thumb Code     8  stm32f10x_adc.o(.text)
    ADC_AutoInjectedConvCmd                  0x08001a9d   Thumb Code    22  stm32f10x_adc.o(.text)
    ADC_InjectedDiscModeCmd                  0x08001ab3   Thumb Code    22  stm32f10x_adc.o(.text)
    ADC_ExternalTrigInjectedConvConfig       0x08001ac9   Thumb Code    16  stm32f10x_adc.o(.text)
    ADC_ExternalTrigInjectedConvCmd          0x08001ad9   Thumb Code    22  stm32f10x_adc.o(.text)
    ADC_SoftwareStartInjectedConvCmd         0x08001aef   Thumb Code    22  stm32f10x_adc.o(.text)
    ADC_GetSoftwareStartInjectedConvCmdStatus 0x08001b05   Thumb Code    20  stm32f10x_adc.o(.text)
    ADC_InjectedChannelConfig                0x08001b19   Thumb Code   130  stm32f10x_adc.o(.text)
    ADC_InjectedSequencerLengthConfig        0x08001b9b   Thumb Code    24  stm32f10x_adc.o(.text)
    ADC_SetInjectedOffset                    0x08001bb3   Thumb Code    20  stm32f10x_adc.o(.text)
    ADC_GetInjectedConversionValue           0x08001bc7   Thumb Code    28  stm32f10x_adc.o(.text)
    ADC_AnalogWatchdogCmd                    0x08001be3   Thumb Code    16  stm32f10x_adc.o(.text)
    ADC_AnalogWatchdogThresholdsConfig       0x08001bf3   Thumb Code     6  stm32f10x_adc.o(.text)
    ADC_AnalogWatchdogSingleChannelConfig    0x08001bf9   Thumb Code    16  stm32f10x_adc.o(.text)
    ADC_TempSensorVrefintCmd                 0x08001c09   Thumb Code    64  stm32f10x_adc.o(.text)
    ADC_GetFlagStatus                        0x08001c49   Thumb Code    18  stm32f10x_adc.o(.text)
    ADC_ClearFlag                            0x08001c5b   Thumb Code     6  stm32f10x_adc.o(.text)
    ADC_GetITStatus                          0x08001c61   Thumb Code    36  stm32f10x_adc.o(.text)
    ADC_ClearITPendingBit                    0x08001c85   Thumb Code    10  stm32f10x_adc.o(.text)
    GPIO_DeInit                              0x08001c91   Thumb Code   172  stm32f10x_gpio.o(.text)
    GPIO_AFIODeInit                          0x08001d3d   Thumb Code    20  stm32f10x_gpio.o(.text)
    GPIO_Init                                0x08001d51   Thumb Code   278  stm32f10x_gpio.o(.text)
    GPIO_StructInit                          0x08001e67   Thumb Code    16  stm32f10x_gpio.o(.text)
    GPIO_ReadInputDataBit                    0x08001e77   Thumb Code    18  stm32f10x_gpio.o(.text)
    GPIO_ReadInputData                       0x08001e89   Thumb Code     8  stm32f10x_gpio.o(.text)
    GPIO_ReadOutputDataBit                   0x08001e91   Thumb Code    18  stm32f10x_gpio.o(.text)
    GPIO_ReadOutputData                      0x08001ea3   Thumb Code     8  stm32f10x_gpio.o(.text)
    GPIO_SetBits                             0x08001eab   Thumb Code     4  stm32f10x_gpio.o(.text)
    GPIO_ResetBits                           0x08001eaf   Thumb Code     4  stm32f10x_gpio.o(.text)
    GPIO_WriteBit                            0x08001eb3   Thumb Code    10  stm32f10x_gpio.o(.text)
    GPIO_Write                               0x08001ebd   Thumb Code     4  stm32f10x_gpio.o(.text)
    GPIO_PinLockConfig                       0x08001ec1   Thumb Code    18  stm32f10x_gpio.o(.text)
    GPIO_EventOutputConfig                   0x08001ed3   Thumb Code    26  stm32f10x_gpio.o(.text)
    GPIO_EventOutputCmd                      0x08001eed   Thumb Code     6  stm32f10x_gpio.o(.text)
    GPIO_PinRemapConfig                      0x08001ef3   Thumb Code   138  stm32f10x_gpio.o(.text)
    GPIO_EXTILineConfig                      0x08001f7d   Thumb Code    66  stm32f10x_gpio.o(.text)
    GPIO_ETH_MediaInterfaceConfig            0x08001fbf   Thumb Code     8  stm32f10x_gpio.o(.text)
    RCC_DeInit                               0x08001fed   Thumb Code    64  stm32f10x_rcc.o(.text)
    RCC_HSEConfig                            0x0800202d   Thumb Code    70  stm32f10x_rcc.o(.text)
    RCC_GetFlagStatus                        0x08002073   Thumb Code    56  stm32f10x_rcc.o(.text)
    RCC_WaitForHSEStartUp                    0x080020ab   Thumb Code    56  stm32f10x_rcc.o(.text)
    RCC_AdjustHSICalibrationValue            0x080020e3   Thumb Code    20  stm32f10x_rcc.o(.text)
    RCC_HSICmd                               0x080020f7   Thumb Code     6  stm32f10x_rcc.o(.text)
    RCC_PLLConfig                            0x080020fd   Thumb Code    24  stm32f10x_rcc.o(.text)
    RCC_PLLCmd                               0x08002115   Thumb Code     6  stm32f10x_rcc.o(.text)
    RCC_SYSCLKConfig                         0x0800211b   Thumb Code    18  stm32f10x_rcc.o(.text)
    RCC_GetSYSCLKSource                      0x0800212d   Thumb Code    10  stm32f10x_rcc.o(.text)
    RCC_HCLKConfig                           0x08002137   Thumb Code    18  stm32f10x_rcc.o(.text)
    RCC_PCLK1Config                          0x08002149   Thumb Code    18  stm32f10x_rcc.o(.text)
    RCC_PCLK2Config                          0x0800215b   Thumb Code    20  stm32f10x_rcc.o(.text)
    RCC_ITConfig                             0x0800216f   Thumb Code    26  stm32f10x_rcc.o(.text)
    RCC_USBCLKConfig                         0x08002189   Thumb Code     8  stm32f10x_rcc.o(.text)
    RCC_ADCCLKConfig                         0x08002191   Thumb Code    18  stm32f10x_rcc.o(.text)
    RCC_LSEConfig                            0x080021a3   Thumb Code    50  stm32f10x_rcc.o(.text)
    RCC_LSICmd                               0x080021d5   Thumb Code     6  stm32f10x_rcc.o(.text)
    RCC_RTCCLKConfig                         0x080021db   Thumb Code    12  stm32f10x_rcc.o(.text)
    RCC_RTCCLKCmd                            0x080021e7   Thumb Code     8  stm32f10x_rcc.o(.text)
    RCC_GetClocksFreq                        0x080021ef   Thumb Code   192  stm32f10x_rcc.o(.text)
    RCC_AHBPeriphClockCmd                    0x080022af   Thumb Code    26  stm32f10x_rcc.o(.text)
    RCC_APB2PeriphClockCmd                   0x080022c9   Thumb Code    26  stm32f10x_rcc.o(.text)
    RCC_APB1PeriphClockCmd                   0x080022e3   Thumb Code    26  stm32f10x_rcc.o(.text)
    RCC_APB2PeriphResetCmd                   0x080022fd   Thumb Code    26  stm32f10x_rcc.o(.text)
    RCC_APB1PeriphResetCmd                   0x08002317   Thumb Code    26  stm32f10x_rcc.o(.text)
    RCC_BackupResetCmd                       0x08002331   Thumb Code     8  stm32f10x_rcc.o(.text)
    RCC_ClockSecuritySystemCmd               0x08002339   Thumb Code     6  stm32f10x_rcc.o(.text)
    RCC_MCOConfig                            0x0800233f   Thumb Code     6  stm32f10x_rcc.o(.text)
    RCC_ClearFlag                            0x08002345   Thumb Code    14  stm32f10x_rcc.o(.text)
    RCC_GetITStatus                          0x08002353   Thumb Code    20  stm32f10x_rcc.o(.text)
    RCC_ClearITPendingBit                    0x08002367   Thumb Code     6  stm32f10x_rcc.o(.text)
    TIM_DeInit                               0x08002391   Thumb Code   424  stm32f10x_tim.o(.text)
    TIM_TimeBaseInit                         0x08002539   Thumb Code   122  stm32f10x_tim.o(.text)
    TIM_OC1Init                              0x080025b3   Thumb Code   132  stm32f10x_tim.o(.text)
    TIM_OC2Init                              0x08002637   Thumb Code   154  stm32f10x_tim.o(.text)
    TIM_OC3Init                              0x080026d1   Thumb Code   150  stm32f10x_tim.o(.text)
    TIM_OC4Init                              0x08002767   Thumb Code   182  stm32f10x_tim.o(.text)
    TIM_SetIC4Prescaler                      0x0800281d   Thumb Code    26  stm32f10x_tim.o(.text)
    TIM_SetIC3Prescaler                      0x080028b9   Thumb Code    18  stm32f10x_tim.o(.text)
    TIM_SetIC2Prescaler                      0x08002945   Thumb Code    26  stm32f10x_tim.o(.text)
    TIM_SetIC1Prescaler                      0x080029e1   Thumb Code    18  stm32f10x_tim.o(.text)
    TIM_ICInit                               0x08002a5f   Thumb Code   150  stm32f10x_tim.o(.text)
    TIM_PWMIConfig                           0x08002af5   Thumb Code   124  stm32f10x_tim.o(.text)
    TIM_BDTRConfig                           0x08002b71   Thumb Code    32  stm32f10x_tim.o(.text)
    TIM_TimeBaseStructInit                   0x08002b91   Thumb Code    18  stm32f10x_tim.o(.text)
    TIM_OCStructInit                         0x08002ba3   Thumb Code    20  stm32f10x_tim.o(.text)
    TIM_ICStructInit                         0x08002bb7   Thumb Code    18  stm32f10x_tim.o(.text)
    TIM_BDTRStructInit                       0x08002bc9   Thumb Code    40  stm32f10x_tim.o(.text)
    TIM_Cmd                                  0x08002bf1   Thumb Code    24  stm32f10x_tim.o(.text)
    TIM_CtrlPWMOutputs                       0x08002c09   Thumb Code    30  stm32f10x_tim.o(.text)
    TIM_ITConfig                             0x08002c27   Thumb Code    18  stm32f10x_tim.o(.text)
    TIM_GenerateEvent                        0x08002c39   Thumb Code     4  stm32f10x_tim.o(.text)
    TIM_DMAConfig                            0x08002c3d   Thumb Code    10  stm32f10x_tim.o(.text)
    TIM_DMACmd                               0x08002c47   Thumb Code    18  stm32f10x_tim.o(.text)
    TIM_InternalClockConfig                  0x08002c59   Thumb Code    12  stm32f10x_tim.o(.text)
    TIM_SelectInputTrigger                   0x08002c65   Thumb Code    18  stm32f10x_tim.o(.text)
    TIM_ITRxExternalClockConfig              0x08002c77   Thumb Code    24  stm32f10x_tim.o(.text)
    TIM_TIxExternalClockConfig               0x08002c8f   Thumb Code    62  stm32f10x_tim.o(.text)
    TIM_ETRConfig                            0x08002ccd   Thumb Code    28  stm32f10x_tim.o(.text)
    TIM_ETRClockMode1Config                  0x08002ce9   Thumb Code    54  stm32f10x_tim.o(.text)
    TIM_ETRClockMode2Config                  0x08002d1f   Thumb Code    32  stm32f10x_tim.o(.text)
    TIM_PrescalerConfig                      0x08002d3f   Thumb Code     6  stm32f10x_tim.o(.text)
    TIM_CounterModeConfig                    0x08002d45   Thumb Code    18  stm32f10x_tim.o(.text)
    TIM_EncoderInterfaceConfig               0x08002d57   Thumb Code    66  stm32f10x_tim.o(.text)
    TIM_ForcedOC1Config                      0x08002d99   Thumb Code    18  stm32f10x_tim.o(.text)
    TIM_ForcedOC2Config                      0x08002dab   Thumb Code    26  stm32f10x_tim.o(.text)
    TIM_ForcedOC3Config                      0x08002dc5   Thumb Code    18  stm32f10x_tim.o(.text)
    TIM_ForcedOC4Config                      0x08002dd7   Thumb Code    26  stm32f10x_tim.o(.text)
    TIM_ARRPreloadConfig                     0x08002df1   Thumb Code    24  stm32f10x_tim.o(.text)
    TIM_SelectCOM                            0x08002e09   Thumb Code    24  stm32f10x_tim.o(.text)
    TIM_SelectCCDMA                          0x08002e21   Thumb Code    24  stm32f10x_tim.o(.text)
    TIM_CCPreloadControl                     0x08002e39   Thumb Code    24  stm32f10x_tim.o(.text)
    TIM_OC1PreloadConfig                     0x08002e51   Thumb Code    18  stm32f10x_tim.o(.text)
    TIM_OC2PreloadConfig                     0x08002e63   Thumb Code    26  stm32f10x_tim.o(.text)
    TIM_OC3PreloadConfig                     0x08002e7d   Thumb Code    18  stm32f10x_tim.o(.text)
    TIM_OC4PreloadConfig                     0x08002e8f   Thumb Code    26  stm32f10x_tim.o(.text)
    TIM_OC1FastConfig                        0x08002ea9   Thumb Code    18  stm32f10x_tim.o(.text)
    TIM_OC2FastConfig                        0x08002ebb   Thumb Code    26  stm32f10x_tim.o(.text)
    TIM_OC3FastConfig                        0x08002ed5   Thumb Code    18  stm32f10x_tim.o(.text)
    TIM_OC4FastConfig                        0x08002ee7   Thumb Code    26  stm32f10x_tim.o(.text)
    TIM_ClearOC1Ref                          0x08002f01   Thumb Code    18  stm32f10x_tim.o(.text)
    TIM_ClearOC2Ref                          0x08002f13   Thumb Code    24  stm32f10x_tim.o(.text)
    TIM_ClearOC3Ref                          0x08002f2b   Thumb Code    18  stm32f10x_tim.o(.text)
    TIM_ClearOC4Ref                          0x08002f3d   Thumb Code    24  stm32f10x_tim.o(.text)
    TIM_OC1PolarityConfig                    0x08002f55   Thumb Code    18  stm32f10x_tim.o(.text)
    TIM_OC1NPolarityConfig                   0x08002f67   Thumb Code    18  stm32f10x_tim.o(.text)
    TIM_OC2PolarityConfig                    0x08002f79   Thumb Code    26  stm32f10x_tim.o(.text)
    TIM_OC2NPolarityConfig                   0x08002f93   Thumb Code    26  stm32f10x_tim.o(.text)
    TIM_OC3PolarityConfig                    0x08002fad   Thumb Code    26  stm32f10x_tim.o(.text)
    TIM_OC3NPolarityConfig                   0x08002fc7   Thumb Code    26  stm32f10x_tim.o(.text)
    TIM_OC4PolarityConfig                    0x08002fe1   Thumb Code    26  stm32f10x_tim.o(.text)
    TIM_CCxCmd                               0x08002ffb   Thumb Code    30  stm32f10x_tim.o(.text)
    TIM_CCxNCmd                              0x08003019   Thumb Code    30  stm32f10x_tim.o(.text)
    TIM_SelectOCxM                           0x08003037   Thumb Code    82  stm32f10x_tim.o(.text)
    TIM_UpdateDisableConfig                  0x08003089   Thumb Code    24  stm32f10x_tim.o(.text)
    TIM_UpdateRequestConfig                  0x080030a1   Thumb Code    24  stm32f10x_tim.o(.text)
    TIM_SelectHallSensor                     0x080030b9   Thumb Code    24  stm32f10x_tim.o(.text)
    TIM_SelectOnePulseMode                   0x080030d1   Thumb Code    18  stm32f10x_tim.o(.text)
    TIM_SelectOutputTrigger                  0x080030e3   Thumb Code    18  stm32f10x_tim.o(.text)
    TIM_SelectSlaveMode                      0x080030f5   Thumb Code    18  stm32f10x_tim.o(.text)
    TIM_SelectMasterSlaveMode                0x08003107   Thumb Code    18  stm32f10x_tim.o(.text)
    TIM_SetCounter                           0x08003119   Thumb Code     4  stm32f10x_tim.o(.text)
    TIM_SetAutoreload                        0x0800311d   Thumb Code     4  stm32f10x_tim.o(.text)
    TIM_SetCompare1                          0x08003121   Thumb Code     4  stm32f10x_tim.o(.text)
    TIM_SetCompare2                          0x08003125   Thumb Code     4  stm32f10x_tim.o(.text)
    TIM_SetCompare3                          0x08003129   Thumb Code     4  stm32f10x_tim.o(.text)
    TIM_SetCompare4                          0x0800312d   Thumb Code     6  stm32f10x_tim.o(.text)
    TIM_SetClockDivision                     0x08003133   Thumb Code    18  stm32f10x_tim.o(.text)
    TIM_GetCapture1                          0x08003145   Thumb Code     6  stm32f10x_tim.o(.text)
    TIM_GetCapture2                          0x0800314b   Thumb Code     6  stm32f10x_tim.o(.text)
    TIM_GetCapture3                          0x08003151   Thumb Code     6  stm32f10x_tim.o(.text)
    TIM_GetCapture4                          0x08003157   Thumb Code     8  stm32f10x_tim.o(.text)
    TIM_GetCounter                           0x0800315f   Thumb Code     6  stm32f10x_tim.o(.text)
    TIM_GetPrescaler                         0x08003165   Thumb Code     6  stm32f10x_tim.o(.text)
    TIM_GetFlagStatus                        0x0800316b   Thumb Code    18  stm32f10x_tim.o(.text)
    TIM_ClearFlag                            0x0800317d   Thumb Code     6  stm32f10x_tim.o(.text)
    TIM_GetITStatus                          0x08003183   Thumb Code    34  stm32f10x_tim.o(.text)
    TIM_ClearITPendingBit                    0x080031a5   Thumb Code     6  stm32f10x_tim.o(.text)
    USART_DeInit                             0x080031ad   Thumb Code   134  stm32f10x_usart.o(.text)
    USART_Init                               0x08003233   Thumb Code   210  stm32f10x_usart.o(.text)
    USART_StructInit                         0x08003305   Thumb Code    24  stm32f10x_usart.o(.text)
    USART_ClockInit                          0x0800331d   Thumb Code    34  stm32f10x_usart.o(.text)
    USART_ClockStructInit                    0x0800333f   Thumb Code    12  stm32f10x_usart.o(.text)
    USART_Cmd                                0x0800334b   Thumb Code    24  stm32f10x_usart.o(.text)
    USART_ITConfig                           0x08003363   Thumb Code    74  stm32f10x_usart.o(.text)
    USART_DMACmd                             0x080033ad   Thumb Code    18  stm32f10x_usart.o(.text)
    USART_SetAddress                         0x080033bf   Thumb Code    18  stm32f10x_usart.o(.text)
    USART_WakeUpConfig                       0x080033d1   Thumb Code    18  stm32f10x_usart.o(.text)
    USART_ReceiverWakeUpCmd                  0x080033e3   Thumb Code    24  stm32f10x_usart.o(.text)
    USART_LINBreakDetectLengthConfig         0x080033fb   Thumb Code    18  stm32f10x_usart.o(.text)
    USART_LINCmd                             0x0800340d   Thumb Code    24  stm32f10x_usart.o(.text)
    USART_SendData                           0x08003425   Thumb Code     8  stm32f10x_usart.o(.text)
    USART_ReceiveData                        0x0800342d   Thumb Code    10  stm32f10x_usart.o(.text)
    USART_SendBreak                          0x08003437   Thumb Code    10  stm32f10x_usart.o(.text)
    USART_SetGuardTime                       0x08003441   Thumb Code    16  stm32f10x_usart.o(.text)
    USART_SetPrescaler                       0x08003451   Thumb Code    16  stm32f10x_usart.o(.text)
    USART_SmartCardCmd                       0x08003461   Thumb Code    24  stm32f10x_usart.o(.text)
    USART_SmartCardNACKCmd                   0x08003479   Thumb Code    24  stm32f10x_usart.o(.text)
    USART_HalfDuplexCmd                      0x08003491   Thumb Code    24  stm32f10x_usart.o(.text)
    USART_OverSampling8Cmd                   0x080034a9   Thumb Code    22  stm32f10x_usart.o(.text)
    USART_OneBitMethodCmd                    0x080034bf   Thumb Code    24  stm32f10x_usart.o(.text)
    USART_IrDAConfig                         0x080034d7   Thumb Code    18  stm32f10x_usart.o(.text)
    USART_IrDACmd                            0x080034e9   Thumb Code    24  stm32f10x_usart.o(.text)
    USART_GetFlagStatus                      0x08003501   Thumb Code    26  stm32f10x_usart.o(.text)
    USART_ClearFlag                          0x0800351b   Thumb Code    18  stm32f10x_usart.o(.text)
    USART_GetITStatus                        0x0800352d   Thumb Code    84  stm32f10x_usart.o(.text)
    USART_ClearITPendingBit                  0x08003581   Thumb Code    52  stm32f10x_usart.o(.text)
    SystemInit                               0x08003693   Thumb Code    78  system_stm32f10x.o(.text)
    SystemCoreClockUpdate                    0x080036e1   Thumb Code   142  system_stm32f10x.o(.text)
    __aeabi_memset                           0x08003795   Thumb Code    14  memseta.o(.text)
    __aeabi_memset4                          0x08003795   Thumb Code     0  memseta.o(.text)
    __aeabi_memset8                          0x08003795   Thumb Code     0  memseta.o(.text)
    __aeabi_memclr                           0x080037a3   Thumb Code     4  memseta.o(.text)
    __aeabi_memclr4                          0x080037a3   Thumb Code     0  memseta.o(.text)
    __aeabi_memclr8                          0x080037a3   Thumb Code     0  memseta.o(.text)
    _memset$wrapper                          0x080037a7   Thumb Code    18  memseta.o(.text)
    strstr                                   0x080037b9   Thumb Code    36  strstr.o(.text)
    __aeabi_fdiv                             0x080037dd   Thumb Code   124  fdiv.o(.text)
    __aeabi_dmul                             0x08003859   Thumb Code   228  dmul.o(.text)
    __aeabi_ui2f                             0x0800393d   Thumb Code    10  ffltui.o(.text)
    __aeabi_f2iz                             0x08003947   Thumb Code    50  ffixi.o(.text)
    __aeabi_f2d                              0x08003979   Thumb Code    38  f2d.o(.text)
    __aeabi_d2f                              0x0800399f   Thumb Code    56  d2f.o(.text)
    __aeabi_cfrcmple                         0x080039d9   Thumb Code    20  cfrcmple.o(.text)
    __aeabi_uidiv                            0x080039ed   Thumb Code     0  uidiv.o(.text)
    __aeabi_uidivmod                         0x080039ed   Thumb Code    44  uidiv.o(.text)
    __aeabi_uldivmod                         0x08003a19   Thumb Code    98  uldiv.o(.text)
    __I$use$fp                               0x08003a7b   Thumb Code     0  iusefp.o(.text)
    _float_round                             0x08003a7b   Thumb Code    18  fepilogue.o(.text)
    _float_epilogue                          0x08003a8d   Thumb Code    92  fepilogue.o(.text)
    _double_round                            0x08003ae9   Thumb Code    30  depilogue.o(.text)
    _double_epilogue                         0x08003b07   Thumb Code   156  depilogue.o(.text)
    __aeabi_dadd                             0x08003ba3   Thumb Code   322  dadd.o(.text)
    __aeabi_dsub                             0x08003ce5   Thumb Code     6  dadd.o(.text)
    __aeabi_drsub                            0x08003ceb   Thumb Code     6  dadd.o(.text)
    __aeabi_ddiv                             0x08003cf1   Thumb Code   222  ddiv.o(.text)
    __aeabi_d2ulz                            0x08003dcf   Thumb Code    48  dfixul.o(.text)
    __aeabi_cdrcmple                         0x08003e01   Thumb Code    48  cdrcmple.o(.text)
    __scatterload                            0x08003e31   Thumb Code    28  init.o(.text)
    __scatterload_rt2                        0x08003e31   Thumb Code     0  init.o(.text)
    __aeabi_llsl                             0x08003e55   Thumb Code    30  llshl.o(.text)
    _ll_shift_l                              0x08003e55   Thumb Code     0  llshl.o(.text)
    __aeabi_llsr                             0x08003e73   Thumb Code    32  llushr.o(.text)
    _ll_ushift_r                             0x08003e73   Thumb Code     0  llushr.o(.text)
    __aeabi_lasr                             0x08003e93   Thumb Code    36  llsshr.o(.text)
    _ll_sshift_r                             0x08003e93   Thumb Code     0  llsshr.o(.text)
    __0printf                                0x08003eb9   Thumb Code    22  printfa.o(i.__0printf)
    __1printf                                0x08003eb9   Thumb Code     0  printfa.o(i.__0printf)
    __2printf                                0x08003eb9   Thumb Code     0  printfa.o(i.__0printf)
    __c89printf                              0x08003eb9   Thumb Code     0  printfa.o(i.__0printf)
    printf                                   0x08003eb9   Thumb Code     0  printfa.o(i.__0printf)
    __0sprintf                               0x08003ed9   Thumb Code    34  printfa.o(i.__0sprintf)
    __1sprintf                               0x08003ed9   Thumb Code     0  printfa.o(i.__0sprintf)
    __2sprintf                               0x08003ed9   Thumb Code     0  printfa.o(i.__0sprintf)
    __c89sprintf                             0x08003ed9   Thumb Code     0  printfa.o(i.__0sprintf)
    sprintf                                  0x08003ed9   Thumb Code     0  printfa.o(i.__0sprintf)
    __scatterload_copy                       0x08003f01   Thumb Code    14  handlers.o(i.__scatterload_copy)
    __scatterload_null                       0x08003f0f   Thumb Code     2  handlers.o(i.__scatterload_null)
    __scatterload_zeroinit                   0x08003f11   Thumb Code    14  handlers.o(i.__scatterload_zeroinit)
    Region$$Table$$Base                      0x080047bc   Number         0  anon$$obj.o(Region$$Table)
    Region$$Table$$Limit                     0x080047dc   Number         0  anon$$obj.o(Region$$Table)
    times                                    0x20000008   Data           4  stm32f10x_it.o(.data)
    display_time                             0x2000000c   Data           4  stm32f10x_it.o(.data)
    ucKeySec                                 0x20000015   Data           1  key.o(.data)
    fr                                       0x20000016   Data           2  key.o(.data)
    numb                                     0x20000018   Data           2  key.o(.data)
    crr                                      0x2000001a   Data           2  key.o(.data)
    StartFlag                                0x2000001c   Data           1  key.o(.data)
    Minute                                   0x20000020   Data           4  key.o(.data)
    TcpClosedFlag                            0x20000040   Data           1  sta_tcpclent_test.o(.data)
    hz                                       0x20000041   Data           1  esp8266_drive.o(.data)
    __stdout                                 0x20000044   Data           4  usart.o(.data)
    USART_RX_STA                             0x20000048   Data           2  usart.o(.data)
    ADC_ConvertedValue                       0x20000050   Data           4  adc.o(.data)
    SystemCoreClock                          0x20000068   Data           4  system_stm32f10x.o(.data)
    AHBPrescTable                            0x2000006c   Data          16  system_stm32f10x.o(.data)
    ESP8266_Fram_Record_Struct               0x2000007c   Data        1026  esp8266_drive.o(.bss)
    __initial_sp                             0x20000880   Data           0  startup_stm32f10x_hd.o(STACK)



==============================================================================

Memory Map of the image

  Image Entry point : 0x08000145

  Load Region LR_1 (Base: 0x08000000, Size: 0x00004858, Max: 0xffffffff, ABSOLUTE)

    Execution Region ER_RO (Base: 0x08000000, Size: 0x000047dc, Max: 0xffffffff, ABSOLUTE)

    Base Addr    Size         Type   Attr      Idx    E Section Name        Object

    0x08000000   0x00000130   Data   RO            3    RESET               startup_stm32f10x_hd.o
    0x08000130   0x00000000   Code   RO          711  * .ARM.Collect$$$$00000000  mc_w.l(entry.o)
    0x08000130   0x00000004   Code   RO          993    .ARM.Collect$$$$00000001  mc_w.l(entry2.o)
    0x08000134   0x00000004   Code   RO          996    .ARM.Collect$$$$00000004  mc_w.l(entry5.o)
    0x08000138   0x00000000   Code   RO          998    .ARM.Collect$$$$00000008  mc_w.l(entry7b.o)
    0x08000138   0x00000000   Code   RO         1000    .ARM.Collect$$$$0000000A  mc_w.l(entry8b.o)
    0x08000138   0x00000008   Code   RO         1001    .ARM.Collect$$$$0000000B  mc_w.l(entry9a.o)
    0x08000140   0x00000000   Code   RO         1003    .ARM.Collect$$$$0000000D  mc_w.l(entry10a.o)
    0x08000140   0x00000000   Code   RO         1005    .ARM.Collect$$$$0000000F  mc_w.l(entry11a.o)
    0x08000140   0x00000004   Code   RO          994    .ARM.Collect$$$$00002712  mc_w.l(entry2.o)
    0x08000144   0x00000024   Code   RO            4  * .text               startup_stm32f10x_hd.o
    0x08000168   0x00000074   Code   RO           10    .text               main.o
    0x080001dc   0x00000080   Code   RO          157    .text               stm32f10x_it.o
    0x0800025c   0x00000448   Code   RO          175    .text               key.o
    0x080006a4   0x00000068   Code   RO          235    .text               sta_tcpclent_test.o
    0x0800070c   0x00000708   Code   RO          254    .text               esp8266_drive.o
    0x08000e14   0x00000168   Code   RO          280    .text               esp8266_public.o
    0x08000f7c   0x00000174   Code   RO          301    .text               usart.o
    0x080010f0   0x000000cc   Code   RO          324    .text               systick.o
    0x080011bc   0x00000188   Code   RO          338    .text               driver.o
    0x08001344   0x000000c8   Code   RO          366    .text               tim.o
    0x0800140c   0x00000248   Code   RO          378    .text               ds18b20.o
    0x08001654   0x00000110   Code   RO          390    .text               adc.o
    0x08001764   0x000000dc   Code   RO          405    .text               misc.o
    0x08001840   0x0000044e   Code   RO          417    .text               stm32f10x_adc.o
    0x08001c8e   0x00000002   PAD
    0x08001c90   0x0000035c   Code   RO          549    .text               stm32f10x_gpio.o
    0x08001fec   0x000003a4   Code   RO          597    .text               stm32f10x_rcc.o
    0x08002390   0x00000e1a   Code   RO          647    .text               stm32f10x_tim.o
    0x080031aa   0x00000002   PAD
    0x080031ac   0x00000408   Code   RO          659    .text               stm32f10x_usart.o
    0x080035b4   0x000001e0   Code   RO          693    .text               system_stm32f10x.o
    0x08003794   0x00000024   Code   RO          714    .text               mc_w.l(memseta.o)
    0x080037b8   0x00000024   Code   RO          716    .text               mc_w.l(strstr.o)
    0x080037dc   0x0000007c   Code   RO          979    .text               mf_w.l(fdiv.o)
    0x08003858   0x000000e4   Code   RO          981    .text               mf_w.l(dmul.o)
    0x0800393c   0x0000000a   Code   RO          983    .text               mf_w.l(ffltui.o)
    0x08003946   0x00000032   Code   RO          985    .text               mf_w.l(ffixi.o)
    0x08003978   0x00000026   Code   RO          987    .text               mf_w.l(f2d.o)
    0x0800399e   0x00000038   Code   RO          989    .text               mf_w.l(d2f.o)
    0x080039d6   0x00000002   PAD
    0x080039d8   0x00000014   Code   RO          991    .text               mf_w.l(cfrcmple.o)
    0x080039ec   0x0000002c   Code   RO         1007    .text               mc_w.l(uidiv.o)
    0x08003a18   0x00000062   Code   RO         1009    .text               mc_w.l(uldiv.o)
    0x08003a7a   0x00000000   Code   RO         1011    .text               mc_w.l(iusefp.o)
    0x08003a7a   0x0000006e   Code   RO         1012    .text               mf_w.l(fepilogue.o)
    0x08003ae8   0x000000ba   Code   RO         1014    .text               mf_w.l(depilogue.o)
    0x08003ba2   0x0000014e   Code   RO         1016    .text               mf_w.l(dadd.o)
    0x08003cf0   0x000000de   Code   RO         1018    .text               mf_w.l(ddiv.o)
    0x08003dce   0x00000030   Code   RO         1020    .text               mf_w.l(dfixul.o)
    0x08003dfe   0x00000002   PAD
    0x08003e00   0x00000030   Code   RO         1022    .text               mf_w.l(cdrcmple.o)
    0x08003e30   0x00000024   Code   RO         1024    .text               mc_w.l(init.o)
    0x08003e54   0x0000001e   Code   RO         1026    .text               mc_w.l(llshl.o)
    0x08003e72   0x00000020   Code   RO         1028    .text               mc_w.l(llushr.o)
    0x08003e92   0x00000024   Code   RO         1030    .text               mc_w.l(llsshr.o)
    0x08003eb6   0x00000002   PAD
    0x08003eb8   0x00000020   Code   RO          951    i.__0printf         mc_w.l(printfa.o)
    0x08003ed8   0x00000028   Code   RO          953    i.__0sprintf        mc_w.l(printfa.o)
    0x08003f00   0x0000000e   Code   RO         1034    i.__scatterload_copy  mc_w.l(handlers.o)
    0x08003f0e   0x00000002   Code   RO         1035    i.__scatterload_null  mc_w.l(handlers.o)
    0x08003f10   0x0000000e   Code   RO         1036    i.__scatterload_zeroinit  mc_w.l(handlers.o)
    0x08003f1e   0x00000002   PAD
    0x08003f20   0x00000164   Code   RO          958    i._fp_digits        mc_w.l(printfa.o)
    0x08004084   0x000006dc   Code   RO          959    i._printf_core      mc_w.l(printfa.o)
    0x08004760   0x00000024   Code   RO          960    i._printf_post_padding  mc_w.l(printfa.o)
    0x08004784   0x0000002e   Code   RO          961    i._printf_pre_padding  mc_w.l(printfa.o)
    0x080047b2   0x0000000a   Code   RO          963    i._sputc            mc_w.l(printfa.o)
    0x080047bc   0x00000020   Data   RO         1032    Region$$Table       anon$$obj.o


    Execution Region ER_RW (Base: 0x20000000, Size: 0x0000007c, Max: 0xffffffff, ABSOLUTE)

    Base Addr    Size         Type   Attr      Idx    E Section Name        Object

    0x20000000   0x00000010   Data   RW          158    .data               stm32f10x_it.o
    0x20000010   0x00000030   Data   RW          176    .data               key.o
    0x20000040   0x00000001   Data   RW          236    .data               sta_tcpclent_test.o
    0x20000041   0x00000001   Data   RW          256    .data               esp8266_drive.o
    0x20000042   0x00000002   PAD
    0x20000044   0x00000006   Data   RW          303    .data               usart.o
    0x2000004a   0x00000004   Data   RW          325    .data               systick.o
    0x2000004e   0x00000002   PAD
    0x20000050   0x00000004   Data   RW          391    .data               adc.o
    0x20000054   0x00000014   Data   RW          598    .data               stm32f10x_rcc.o
    0x20000068   0x00000014   Data   RW          694    .data               system_stm32f10x.o


    Execution Region ER_ZI (Base: 0x2000007c, Size: 0x00000804, Max: 0xffffffff, ABSOLUTE)

    Base Addr    Size         Type   Attr      Idx    E Section Name        Object

    0x2000007c   0x00000402   Zero   RW          255    .bss                esp8266_drive.o
    0x2000047e   0x00000002   PAD
    0x20000480   0x00000400   Zero   RW            1    STACK               startup_stm32f10x_hd.o


==============================================================================

Image component sizes


      Code (inc. data)   RO Data    RW Data    ZI Data      Debug   Object Name

       272         18          0          4          0       1299   adc.o
       392         14          0          0          0       1150   driver.o
       584         10          0          0          0       2385   ds18b20.o
      1800        386          0          1       1026       6546   esp8266_drive.o
       360          0          0          0          0       2263   esp8266_public.o
      1096        122          0         48          0     207578   key.o
       116          4          0          0          0     262195   main.o
       220         22          0          0          0       1717   misc.o
       104         44          0          1          0       1149   sta_tcpclent_test.o
        36          8        304          0       1024        828   startup_stm32f10x_hd.o
      1102         26          0          0          0      10961   stm32f10x_adc.o
       860         38          0          0          0       5653   stm32f10x_gpio.o
       128         14          0         16          0       1875   stm32f10x_it.o
       932         36          0         20          0       8808   stm32f10x_rcc.o
      3610         88          0          0          0      22764   stm32f10x_tim.o
      1032         22          0          0          0       8376   stm32f10x_usart.o
       480         38          0         20          0       1743   system_stm32f10x.o
       204          8          0          4          0       1057   systick.o
       200          4          0          0          0        987   tim.o
       372         24          0          6          0       3264   usart.o

    ----------------------------------------------------------------------
     13904        926        336        124       2052     552598   Object Totals
         0          0         32          0          0          0   (incl. Generated)
         4          0          0          4          2          0   (incl. Padding)

    ----------------------------------------------------------------------

      Code (inc. data)   RO Data    RW Data    ZI Data      Debug   Library Member Name

         0          0          0          0          0          0   entry.o
         0          0          0          0          0          0   entry10a.o
         0          0          0          0          0          0   entry11a.o
         8          4          0          0          0          0   entry2.o
         4          0          0          0          0          0   entry5.o
         0          0          0          0          0          0   entry7b.o
         0          0          0          0          0          0   entry8b.o
         8          4          0          0          0          0   entry9a.o
        30          0          0          0          0          0   handlers.o
        36          8          0          0          0         68   init.o
         0          0          0          0          0          0   iusefp.o
        30          0          0          0          0         68   llshl.o
        36          0          0          0          0         68   llsshr.o
        32          0          0          0          0         68   llushr.o
        36          0          0          0          0        108   memseta.o
      2276         96          0          0          0        596   printfa.o
        36          0          0          0          0         80   strstr.o
        44          0          0          0          0         80   uidiv.o
        98          0          0          0          0         92   uldiv.o
        48          0          0          0          0         68   cdrcmple.o
        20          0          0          0          0         68   cfrcmple.o
        56          0          0          0          0         88   d2f.o
       334          0          0          0          0        148   dadd.o
       222          0          0          0          0        100   ddiv.o
       186          0          0          0          0        176   depilogue.o
        48          0          0          0          0         68   dfixul.o
       228          0          0          0          0         96   dmul.o
        38          0          0          0          0         68   f2d.o
       124          0          0          0          0         88   fdiv.o
       110          0          0          0          0        168   fepilogue.o
        50          0          0          0          0         68   ffixi.o
        10          0          0          0          0         68   ffltui.o

    ----------------------------------------------------------------------
      4156        112          0          0          0       2500   Library Totals
         8          0          0          0          0          0   (incl. Padding)

    ----------------------------------------------------------------------

      Code (inc. data)   RO Data    RW Data    ZI Data      Debug   Library Name

      2674        112          0          0          0       1228   mc_w.l
      1474          0          0          0          0       1272   mf_w.l

    ----------------------------------------------------------------------
      4156        112          0          0          0       2500   Library Totals

    ----------------------------------------------------------------------

==============================================================================


      Code (inc. data)   RO Data    RW Data    ZI Data      Debug   

     18060       1038        336        124       2052     552234   Grand Totals
     18060       1038        336        124       2052     552234   ELF Image Totals
     18060       1038        336        124          0          0   ROM Totals

==============================================================================

    Total RO  Size (Code + RO Data)                18396 (  17.96kB)
    Total RW  Size (RW Data + ZI Data)              2176 (   2.13kB)
    Total ROM Size (Code + RO Data + RW Data)      18520 (  18.09kB)

==============================================================================

