C51 COMPILER V9.01   SYN6288                                                               12/03/2017 11:23:49 PAGE 1   


C51 COMPILER V9.01, COMPILATION OF MODULE SYN6288
OBJECT MODULE PLACED IN .\out\syn6288.obj
COMPILER INVOKED BY: C:\Keil\C51\BIN\C51.EXE src\syn6288.c BROWSE INCDIR(.\inc;.\src;.\src) DEBUG OBJECTEXTEND PRINT(.\l
                    -isting\syn6288.lst) OBJECT(.\out\syn6288.obj)

line level    source

   1          #include "syn6288.h"
   2          #include "time0.h"
   3          
   4          
   5          
   6          void SYN_FrameInfo(uint8_t Music,uint8_t *HZdata)
   7          {
   8   1      /****************需要发送的文本**********************************/ 
   9   1                       unsigned  char  Frame_Info[50];
  10   1               unsigned  char  HZ_Length;  
  11   1                       unsigned  char  ecc  = 0;                      //定义校验字节
  12   1                   unsigned  int i=0; 
  13   1                       HZ_Length =strlen(HZdata);                     //需要发送文本的长度
  14   1       
  15   1      /*****************帧固定配置信息**************************************/           
  16   1                       Frame_Info[0] = 0xFD ;                         //构造帧头FD
  17   1                       Frame_Info[1] = 0x00 ;                         //构造数据区长度的高字节
  18   1                       Frame_Info[2] = HZ_Length + 3;                 //构造数据区长度的低字节
  19   1                       Frame_Info[3] = 0x01 ;                         //构造命令字：合成播放命令                               
  20   1                       Frame_Info[4] = 0x01 | Music<<4 ;  //构造命令参数：背景音乐设定
  21   1      
  22   1      /*******************校验码计算***************************************/           
  23   1                       for(i = 0; i<5; i++)                                   //依次发送构造好的5个帧头字节
  24   1                   {  
  25   2                       ecc=ecc^(Frame_Info[i]);               //对发送的字节进行异或校验      
  26   2                   }
  27   1      
  28   1                       for(i= 0; i<HZ_Length; i++)            //依次发送待合成的文本数据
  29   1                   {  
  30   2                       ecc=ecc^(HZdata[i]);                           //对发送的字节进行异或校验              
  31   2                   }           
  32   1      /*******************发送帧信息***************************************/            
  33   1                        memcpy(&Frame_Info[5], HZdata, HZ_Length);
  34   1                        Frame_Info[5+HZ_Length]=ecc;
  35   1                        PrintCom(Frame_Info,5+HZ_Length+1);
  36   1                        flag_2s = 1;
  37   1      }


MODULE INFORMATION:   STATIC OVERLAYABLE
   CODE SIZE        =    144    ----
   CONSTANT SIZE    =   ----    ----
   XDATA SIZE       =   ----    ----
   PDATA SIZE       =   ----    ----
   DATA SIZE        =   ----      56
   IDATA SIZE       =   ----    ----
   BIT SIZE         =   ----    ----
END OF MODULE INFORMATION.


C51 COMPILATION COMPLETE.  0 WARNING(S),  0 ERROR(S)
