Component: ARM Compiler 5.06 (build 20) Tool: armlink [4d35a3]

==============================================================================

Section Cross References

    startup_stm32f10x_hd.o(RESET) refers to startup_stm32f10x_hd.o(STACK) for __initial_sp
    startup_stm32f10x_hd.o(RESET) refers to startup_stm32f10x_hd.o(.text) for Reset_Handler
    startup_stm32f10x_hd.o(RESET) refers to stm32f10x_it.o(.text) for NMI_Handler
    startup_stm32f10x_hd.o(RESET) refers to port.o(.emb_text) for SVC_Handler
    startup_stm32f10x_hd.o(RESET) refers to port.o(.text) for SysTick_Handler
    startup_stm32f10x_hd.o(RESET) refers to rtc.o(.text) for RTC_IRQHandler
    startup_stm32f10x_hd.o(RESET) refers to usart.o(.text) for USART1_IRQHandler
    startup_stm32f10x_hd.o(RESET) refers to esp8266_drive.o(.text) for USART2_IRQHandler
    startup_stm32f10x_hd.o(RESET) refers to syn6288.o(.text) for USART3_IRQHandler
    startup_stm32f10x_hd.o(.text) refers to system_stm32f10x.o(.text) for SystemInit
    startup_stm32f10x_hd.o(.text) refers to entry.o(.ARM.Collect$$$$00000000) for __main
    main.o(.text) refers to lcd.o(.text) for LCD_Init
    main.o(.text) refers to test.o(.text) for main_test
    main.o(.text) refers to key.o(.text) for key_scan
    main.o(.text) refers to tasks.o(.text) for vTaskDelay
    main.o(.text) refers to sta_tcpclent_test.o(.text) for ESP8266_STA_TCPClient_Test
    main.o(.text) refers to adc.o(.text) for spend
    main.o(.text) refers to driver.o(.text) for Driver_MCU_Init
    main.o(.text) refers to misc.o(.text) for NVIC_PriorityGroupConfig
    main.o(.text) refers to tim.o(.text) for TIM2_NVIC_Configuration
    main.o(.text) refers to usart.o(.text) for USART1_Init
    main.o(.text) refers to syn6288.o(.text) for USART3_Init
    main.o(.text) refers to esp8266_drive.o(.text) for ESP8266_Init
    main.o(.text) refers to rtc.o(.text) for RTC_Init
    main.o(.text) refers to key.o(.data) for ucKeySec
    stm32f10x_it.o(.text) refers to stm32f10x_tim.o(.text) for TIM_GetITStatus
    stm32f10x_it.o(.text) refers to adc.o(.text) for ADC_change
    usart.o(.text) refers to stm32f10x_usart.o(.text) for USART_SendData
    usart.o(.text) refers to stm32f10x_rcc.o(.text) for RCC_APB2PeriphClockCmd
    usart.o(.text) refers to stm32f10x_gpio.o(.text) for GPIO_Init
    usart.o(.text) refers to misc.o(.text) for NVIC_Init
    usart.o(.text) refers to usart.o(.bss) for USART_RX_BUF
    usart.o(.text) refers to usart.o(.data) for USART_RX_STA
    driver.o(.text) refers to stm32f10x_rcc.o(.text) for RCC_DeInit
    driver.o(.text) refers to misc.o(.text) for NVIC_Init
    driver.o(.text) refers to stm32f10x_gpio.o(.text) for GPIO_Init
    driver.o(.text) refers to stm32f10x_tim.o(.text) for TIM_TimeBaseInit
    tim.o(.text) refers to misc.o(.text) for NVIC_Init
    tim.o(.text) refers to stm32f10x_rcc.o(.text) for RCC_APB1PeriphClockCmd
    tim.o(.text) refers to stm32f10x_tim.o(.text) for TIM_DeInit
    rtc.o(.text) refers to misc.o(.text) for NVIC_PriorityGroupConfig
    rtc.o(.text) refers to stm32f10x_rcc.o(.text) for RCC_APB1PeriphClockCmd
    rtc.o(.text) refers to stm32f10x_pwr.o(.text) for PWR_BackupAccessCmd
    rtc.o(.text) refers to stm32f10x_bkp.o(.text) for BKP_DeInit
    rtc.o(.text) refers to stm32f10x_rtc.o(.text) for RTC_WaitForSynchro
    rtc.o(.text) refers to stm32f10x_gpio.o(.text) for GPIO_SetBits
    rtc.o(.text) refers to rtc.o(.data) for dayCount
    rtc.o(.text) refers to rtc.o(.bss) for calendar
    rtc.o(.text) refers to rtc.o(.constdata) for mon_table
    stm32f10x_adc.o(.text) refers to stm32f10x_rcc.o(.text) for RCC_APB2PeriphResetCmd
    stm32f10x_bkp.o(.text) refers to stm32f10x_rcc.o(.text) for RCC_BackupResetCmd
    stm32f10x_can.o(.text) refers to stm32f10x_rcc.o(.text) for RCC_APB1PeriphResetCmd
    stm32f10x_cec.o(.text) refers to stm32f10x_rcc.o(.text) for RCC_APB1PeriphResetCmd
    stm32f10x_dac.o(.text) refers to stm32f10x_rcc.o(.text) for RCC_APB1PeriphResetCmd
    stm32f10x_gpio.o(.text) refers to stm32f10x_rcc.o(.text) for RCC_APB2PeriphResetCmd
    stm32f10x_i2c.o(.text) refers to stm32f10x_rcc.o(.text) for RCC_APB1PeriphResetCmd
    stm32f10x_pwr.o(.text) refers to stm32f10x_rcc.o(.text) for RCC_APB1PeriphResetCmd
    stm32f10x_rcc.o(.text) refers to stm32f10x_rcc.o(.data) for APBAHBPrescTable
    stm32f10x_spi.o(.text) refers to stm32f10x_rcc.o(.text) for RCC_APB2PeriphResetCmd
    stm32f10x_tim.o(.text) refers to stm32f10x_rcc.o(.text) for RCC_APB2PeriphResetCmd
    stm32f10x_usart.o(.text) refers to stm32f10x_rcc.o(.text) for RCC_APB2PeriphResetCmd
    stm32f10x_wwdg.o(.text) refers to stm32f10x_rcc.o(.text) for RCC_APB1PeriphResetCmd
    system_stm32f10x.o(.text) refers to system_stm32f10x.o(.data) for SystemCoreClock
    tasks.o(.text) refers to list.o(.text) for vListInitialise
    tasks.o(.text) refers to port.o(.text) for vPortEnterCritical
    tasks.o(.text) refers to heap_4.o(.text) for pvPortMalloc
[...]
    TI1_Config                               0x08002767   Thumb Code   108  stm32f10x_tim.o(.text)
    .text                                    0x08002f20   Section        0  stm32f10x_usart.o(.text)
    .text                                    0x08003328   Section        0  system_stm32f10x.o(.text)
    SetSysClockTo72                          0x08003329   Thumb Code   214  system_stm32f10x.o(.text)
    SetSysClock                              0x080033ff   Thumb Code     8  system_stm32f10x.o(.text)
    .text                                    0x08003508   Section        0  tasks.o(.text)
    prvInitialiseTaskLists                   0x08003509   Thumb Code    70  tasks.o(.text)
    prvAddNewTaskToReadyList                 0x0800354f   Thumb Code   150  tasks.o(.text)
    prvInitialiseNewTask                     0x080035e5   Thumb Code   128  tasks.o(.text)
    prvResetNextTaskUnblockTime              0x080036c5   Thumb Code    42  tasks.o(.text)
    prvDeleteTCB                             0x080036ef   Thumb Code    18  tasks.o(.text)
    prvAddCurrentTaskToDelayedList           0x080039b1   Thumb Code   124  tasks.o(.text)
    prvTaskIsTaskSuspended                   0x08003ce7   Thumb Code    56  tasks.o(.text)
    prvCheckTasksWaitingTermination          0x08003e4b   Thumb Code    86  tasks.o(.text)
    prvIdleTask                              0x08003ea1   Thumb Code    32  tasks.o(.text)
    .text                                    0x080044a8   Section        0  list.o(.text)
    .text                                    0x0800453c   Section        0  port.o(.text)
    prvTaskExitError                         0x0800453d   Thumb Code    22  port.o(.text)
    .text                                    0x08004624   Section        0  heap_4.o(.text)
    prvInsertBlockIntoFreeList               0x08004625   Thumb Code    96  heap_4.o(.text)
    prvHeapInit                              0x08004685   Thumb Code    98  heap_4.o(.text)
    .text                                    0x08004808   Section        0  sta_tcpclent_test.o(.text)
    .text                                    0x0800487c   Section        0  esp8266_drive.o(.text)
    .text                                    0x08004e58   Section        0  esp8266_public.o(.text)
    itoa                                     0x08004e59   Thumb Code    98  esp8266_public.o(.text)
    .text                                    0x08004fc0   Section        0  key.o(.text)
    .text                                    0x080054f0   Section        0  syn6288.o(.text)
    .text                                    0x080056c4   Section        0  adc.o(.text)
    ADC1_GPIO_Config                         0x080056c5   Thumb Code    42  adc.o(.text)
    ADC1_Mode_Config                         0x080056ef   Thumb Code   210  adc.o(.text)
    .text                                    0x08005a3c   Section        0  gui.o(.text)
    .text                                    0x080063fc   Section        0  lcd.o(.text)
    .text                                    0x080068b8   Section        0  test.o(.text)
    .text                                    0x080071b0   Section        0  memseta.o(.text)
    .text                                    0x080071d4   Section        0  strstr.o(.text)
    .text                                    0x080071f8   Section        0  strlen.o(.text)
    .text                                    0x08007206   Section        0  dadd.o(.text)
    .text                                    0x08007354   Section        0  f2d.o(.text)
    .text                                    0x0800737a   Section        0  d2f.o(.text)
    .text                                    0x080073b2   Section        0  uidiv.o(.text)
    .text                                    0x080073de   Section        0  uldiv.o(.text)
    .text                                    0x08007440   Section        0  llshl.o(.text)
    .text                                    0x0800745e   Section        0  llsshr.o(.text)
    .text                                    0x08007482   Section        0  iusefp.o(.text)
    .text                                    0x08007482   Section        0  fepilogue.o(.text)
    .text                                    0x080074f0   Section        0  depilogue.o(.text)
    .text                                    0x080075aa   Section        0  dmul.o(.text)
    .text                                    0x0800768e   Section        0  ddiv.o(.text)
    .text                                    0x0800776c   Section        0  dfixul.o(.text)
    .text                                    0x0800779c   Section       48  cdrcmple.o(.text)
    .text                                    0x080077cc   Section       36  init.o(.text)
    .text                                    0x080077f0   Section        0  llushr.o(.text)
    i.__0printf                              0x08007810   Section        0  printfa.o(i.__0printf)
    i.__0sprintf                             0x08007830   Section        0  printfa.o(i.__0sprintf)
    i.__0vsprintf                            0x08007858   Section        0  printfa.o(i.__0vsprintf)
    i.__scatterload_copy                     0x0800787c   Section       14  handlers.o(i.__scatterload_copy)
    i.__scatterload_null                     0x0800788a   Section        2  handlers.o(i.__scatterload_null)
    i.__scatterload_zeroinit                 0x0800788c   Section       14  handlers.o(i.__scatterload_zeroinit)
    i._fp_digits                             0x0800789c   Section        0  printfa.o(i._fp_digits)
    _fp_digits                               0x0800789d   Thumb Code   334  printfa.o(i._fp_digits)
    i._printf_core                           0x08007a00   Section        0  printfa.o(i._printf_core)
    _printf_core                             0x08007a01   Thumb Code  1744  printfa.o(i._printf_core)
    i._printf_post_padding                   0x080080dc   Section        0  printfa.o(i._printf_post_padding)
    _printf_post_padding                     0x080080dd   Thumb Code    36  printfa.o(i._printf_post_padding)
    i._printf_pre_padding                    0x08008100   Section        0  printfa.o(i._printf_pre_padding)
    _printf_pre_padding                      0x08008101   Thumb Code    46  printfa.o(i._printf_pre_padding)
    i._sputc                                 0x0800812e   Section        0  printfa.o(i._sputc)
    _sputc                                   0x0800812f   Thumb Code    10  printfa.o(i._sputc)
    i.putc                                   0x08008138   Section        0  putc.o(i.putc)
    .constdata                               0x0800813c   Section       12  rtc.o(.constdata)
    .constdata                               0x08008148   Section      240  key.o(.constdata)
    .constdata                               0x08008238   Section     5262  gui.o(.constdata)
    .data                                    0x20000000   Section        6  usart.o(.data)
    .data                                    0x20000006   Section        2  rtc.o(.data)
    dayCount                                 0x20000006   Data           2  rtc.o(.data)
    .data                                    0x20000008   Section       20  stm32f10x_rcc.o(.data)
    APBAHBPrescTable                         0x20000008   Data          16  stm32f10x_rcc.o(.data)
    ADCPrescTable                            0x20000018   Data           4  stm32f10x_rcc.o(.data)
    .data                                    0x2000001c   Section       20  system_stm32f10x.o(.data)
    .data                                    0x20000030   Section       60  tasks.o(.data)
    pxDelayedTaskList                        0x20000034   Data           4  tasks.o(.data)
    pxOverflowDelayedTaskList                0x20000038   Data           4  tasks.o(.data)
    uxDeletedTasksWaitingCleanUp             0x2000003c   Data           4  tasks.o(.data)
    uxCurrentNumberOfTasks                   0x20000040   Data           4  tasks.o(.data)
    xTickCount                               0x20000044   Data           4  tasks.o(.data)
    uxTopReadyPriority                       0x20000048   Data           4  tasks.o(.data)
    xSchedulerRunning                        0x2000004c   Data           4  tasks.o(.data)
    uxPendedTicks                            0x20000050   Data           4  tasks.o(.data)
    xYieldPending                            0x20000054   Data           4  tasks.o(.data)
    xNumOfOverflows                          0x20000058   Data           4  tasks.o(.data)
    uxTaskNumber                             0x2000005c   Data           4  tasks.o(.data)
    xNextTaskUnblockTime                     0x20000060   Data           4  tasks.o(.data)
    xIdleTaskHandle                          0x20000064   Data           4  tasks.o(.data)
    uxSchedulerSuspended                     0x20000068   Data           4  tasks.o(.data)
    .data                                    0x2000006c   Section        4  port.o(.data)
    uxCriticalNesting                        0x2000006c   Data           4  port.o(.data)
    .data                                    0x20000070   Section       24  heap_4.o(.data)
    xStart                                   0x20000070   Data           8  heap_4.o(.data)
    pxEnd                                    0x20000078   Data           4  heap_4.o(.data)
    xFreeBytesRemaining                      0x2000007c   Data           4  heap_4.o(.data)
    xMinimumEverFreeBytesRemaining           0x20000080   Data           4  heap_4.o(.data)
    xBlockAllocatedBit                       0x20000084   Data           4  heap_4.o(.data)
    .data                                    0x20000088   Section        7  sta_tcpclent_test.o(.data)
    ucKeyLock1                               0x20000088   Data           1  sta_tcpclent_test.o(.data)
    ucKeyLock2                               0x20000089   Data           1  sta_tcpclent_test.o(.data)
    ucKeyLock3                               0x2000008a   Data           1  sta_tcpclent_test.o(.data)
    ucKeyLock4                               0x2000008b   Data           1  sta_tcpclent_test.o(.data)
    ucKeyLock5                               0x2000008c   Data           1  sta_tcpclent_test.o(.data)
    ucKeyLock6                               0x2000008d   Data           1  sta_tcpclent_test.o(.data)
    .data                                    0x20000090   Section       30  key.o(.data)
    ucKeyLock1                               0x20000090   Data           1  key.o(.data)
    ucKeyLock2                               0x20000091   Data           1  key.o(.data)
    ucKeyLock3                               0x20000092   Data           1  key.o(.data)
    ucKeyLock4                               0x20000093   Data           1  key.o(.data)
    ucKeyLock5                               0x20000094   Data           1  key.o(.data)
    ucKeyLock6                               0x20000095   Data           1  key.o(.data)
    StartFlag                                0x200000a6   Data           1  key.o(.data)
    StartFlag                                0x200000a7   Data           1  key.o(.data)
    StartFlag                                0x200000a8   Data           1  key.o(.data)
    StartFlag                                0x200000a9   Data           1  key.o(.data)
    StartFlag                                0x200000aa   Data           1  key.o(.data)
    StartFlag                                0x200000ab   Data           1  key.o(.data)
    Cuty_cont                                0x200000ac   Data           2  key.o(.data)
    .data                                    0x200000b0   Section       48  adc.o(.data)
    .data                                    0x200000e0   Section        6  lcd.o(.data)
    .data                                    0x200000e6   Section       18  test.o(.data)
    ucKeyLock1                               0x200000e6   Data           1  test.o(.data)
    ucKeyLock2                               0x200000e7   Data           1  test.o(.data)
    ucKeyLock3                               0x200000e8   Data           1  test.o(.data)
    ucKeyLock4                               0x200000e9   Data           1  test.o(.data)
    ucKeyLock5                               0x200000ea   Data           1  test.o(.data)
    ucKeyLock6                               0x200000eb   Data           1  test.o(.data)
    .bss                                     0x200000f8   Section      200  usart.o(.bss)
    .bss                                     0x200001c0   Section       10  rtc.o(.bss)
    .bss                                     0x200001cc   Section      200  tasks.o(.bss)
    pxReadyTasksLists                        0x200001cc   Data         100  tasks.o(.bss)
    xDelayedTaskList1                        0x20000230   Data          20  tasks.o(.bss)
    xDelayedTaskList2                        0x20000244   Data          20  tasks.o(.bss)
    xPendingReadyList                        0x20000258   Data          20  tasks.o(.bss)
    xTasksWaitingTermination                 0x2000026c   Data          20  tasks.o(.bss)
    xSuspendedTaskList                       0x20000280   Data          20  tasks.o(.bss)
    .bss                                     0x20000294   Section    17408  heap_4.o(.bss)
    ucHeap                                   0x20000294   Data       17408  heap_4.o(.bss)
    .bss                                     0x20004694   Section     1026  esp8266_drive.o(.bss)
    .bss                                     0x20004a96   Section       10  key.o(.bss)
    .bss                                     0x20004aa0   Section       40  adc.o(.bss)
    .bss                                     0x20004ac8   Section       14  lcd.o(.bss)
    .bss                                     0x20004ad6   Section       40  test.o(.bss)
    STACK                                    0x20004b00   Section     1024  startup_stm32f10x_hd.o(STACK)

    Global Symbols

    Symbol Name                              Value     Ov Type        Size  Object(Section)

    BuildAttributes$$THM_ISAv4$P$D$K$B$S$PE$A:L22UL41UL21$X:L11$S22US41US21$IEEE1$IW$USESV6$~STKCKD$USESV7$~SHL$OTIME$ROPI$EBA8$MICROLIB$REQ8$PRES8$EABIv2 0x00000000   Number         0  anon$$obj.o ABSOLUTE
    __ARM_use_no_argv                        0x00000000   Number         0  main.o ABSOLUTE
    _printf_a                                0x00000000   Number         0  stubs.o ABSOLUTE
    _printf_c                                0x00000000   Number         0  stubs.o ABSOLUTE
    _printf_charcount                        0x00000000   Number         0  stubs.o ABSOLUTE
    _printf_d                                0x00000000   Number         0  stubs.o ABSOLUTE
    _printf_e                                0x00000000   Number         0  stubs.o ABSOLUTE
    _printf_f                                0x00000000   Number         0  stubs.o ABSOLUTE
    _printf_flags                            0x00000000   Number         0  stubs.o ABSOLUTE
    _printf_fp_dec                           0x00000000   Number         0  stubs.o ABSOLUTE
    _printf_fp_hex                           0x00000000   Number         0  stubs.o ABSOLUTE
    _printf_g                                0x00000000   Number         0  stubs.o ABSOLUTE
    _printf_i                                0x00000000   Number         0  stubs.o ABSOLUTE
    _printf_int_dec                          0x00000000   Number         0  stubs.o ABSOLUTE
    _printf_l                                0x00000000   Number         0  stubs.o ABSOLUTE
    _printf_lc                               0x00000000   Number         0  stubs.o ABSOLUTE
    _printf_ll                               0x00000000   Number         0  stubs.o ABSOLUTE
    _printf_lld                              0x00000000   Number         0  stubs.o ABSOLUTE
    _printf_lli                              0x00000000   Number         0  stubs.o ABSOLUTE
    _printf_llo                              0x00000000   Number         0  stubs.o ABSOLUTE
    _printf_llu                              0x00000000   Number         0  stubs.o ABSOLUTE
    _printf_llx                              0x00000000   Number         0  stubs.o ABSOLUTE
    _printf_longlong_dec                     0x00000000   Number         0  stubs.o ABSOLUTE
    _printf_longlong_hex                     0x00000000   Number         0  stubs.o ABSOLUTE
    _printf_longlong_oct                     0x00000000   Number         0  stubs.o ABSOLUTE
    _printf_ls                               0x00000000   Number         0  stubs.o ABSOLUTE
    _printf_mbtowc                           0x00000000   Number         0  stubs.o ABSOLUTE
    _printf_n                                0x00000000   Number         0  stubs.o ABSOLUTE
    _printf_o                                0x00000000   Number         0  stubs.o ABSOLUTE
    _printf_p                                0x00000000   Number         0  stubs.o ABSOLUTE
    _printf_percent                          0x00000000   Number         0  stubs.o ABSOLUTE
    _printf_pre_padding                      0x00000000   Number         0  stubs.o ABSOLUTE
    _printf_return_value                     0x00000000   Number         0  stubs.o ABSOLUTE
    _printf_s                                0x00000000   Number         0  stubs.o ABSOLUTE
    _printf_sizespec                         0x00000000   Number         0  stubs.o ABSOLUTE
    _printf_str                              0x00000000   Number         0  stubs.o ABSOLUTE
    _printf_truncate_signed                  0x00000000   Number         0  stubs.o ABSOLUTE
    _printf_truncate_unsigned                0x00000000   Number         0  stubs.o ABSOLUTE
    _printf_u                                0x00000000   Number         0  stubs.o ABSOLUTE
    _printf_wc                               0x00000000   Number         0  stubs.o ABSOLUTE
    _printf_wctomb                           0x00000000   Number         0  stubs.o ABSOLUTE
    _printf_widthprec                        0x00000000   Number         0  stubs.o ABSOLUTE
    _printf_x                                0x00000000   Number         0  stubs.o ABSOLUTE
    __cpp_initialize__aeabi_                  - Undefined Weak Reference
    __cxa_finalize                            - Undefined Weak Reference
    __decompress                              - Undefined Weak Reference
    _clock_init                               - Undefined Weak Reference
    _microlib_exit                            - Undefined Weak Reference
    __Vectors_Size                           0x00000130   Number         0  startup_stm32f10x_hd.o ABSOLUTE
    __Vectors                                0x08000000   Data           4  startup_stm32f10x_hd.o(RESET)
    __Vectors_End                            0x08000130   Data           0  startup_stm32f10x_hd.o(RESET)
    __main                                   0x08000131   Thumb Code     0  entry.o(.ARM.Collect$$$$00000000)
    _main_stk                                0x08000131   Thumb Code     0  entry2.o(.ARM.Collect$$$$00000001)
    _main_scatterload                        0x08000135   Thumb Code     0  entry5.o(.ARM.Collect$$$$00000004)
    __main_after_scatterload                 0x08000139   Thumb Code     0  entry5.o(.ARM.Collect$$$$00000004)
    _main_clock                              0x08000139   Thumb Code     0  entry7b.o(.ARM.Collect$$$$00000008)
    _main_cpp_init                           0x08000139   Thumb Code     0  entry8b.o(.ARM.Collect$$$$0000000A)
    _main_init                               0x08000139   Thumb Code     0  entry9a.o(.ARM.Collect$$$$0000000B)
    __rt_final_cpp                           0x08000141   Thumb Code     0  entry10a.o(.ARM.Collect$$$$0000000D)
    __rt_final_exit                          0x08000141   Thumb Code     0  entry11a.o(.ARM.Collect$$$$0000000F)
    SVC_Handler                              0x08000145   Thumb Code    32  port.o(.emb_text)
    __asm___6_port_c_39a90d8d__prvStartFirstTask 0x08000169   Thumb Code    28  port.o(.emb_text)
    PendSV_Handler                           0x08000189   Thumb Code    72  port.o(.emb_text)
    vPortGetIPSR                             0x080001d5   Thumb Code     6  port.o(.emb_text)
    Reset_Handler                            0x080001dd   Thumb Code     8  startup_stm32f10x_hd.o(.text)
    ADC1_2_IRQHandler                        0x080001f7   Thumb Code     0  startup_stm32f10x_hd.o(.text)
    ADC3_IRQHandler                          0x080001f7   Thumb Code     0  startup_stm32f10x_hd.o(.text)
    CAN1_RX1_IRQHandler                      0x080001f7   Thumb Code     0  startup_stm32f10x_hd.o(.text)
    CAN1_SCE_IRQHandler                      0x080001f7   Thumb Code     0  startup_stm32f10x_hd.o(.text)
    DMA1_Channel1_IRQHandler                 0x080001f7   Thumb Code     0  startup_stm32f10x_hd.o(.text)
    DMA1_Channel2_IRQHandler                 0x080001f7   Thumb Code     0  startup_stm32f10x_hd.o(.text)
    DMA1_Channel3_IRQHandler                 0x080001f7   Thumb Code     0  startup_stm32f10x_hd.o(.text)
    DMA1_Channel4_IRQHandler                 0x080001f7   Thumb Code     0  startup_stm32f10x_hd.o(.text)
    DMA1_Channel5_IRQHandler                 0x080001f7   Thumb Code     0  startup_stm32f10x_hd.o(.text)
    DMA1_Channel6_IRQHandler                 0x080001f7   Thumb Code     0  startup_stm32f10x_hd.o(.text)
    DMA1_Channel7_IRQHandler                 0x080001f7   Thumb Code     0  startup_stm32f10x_hd.o(.text)
    DMA2_Channel1_IRQHandler                 0x080001f7   Thumb Code     0  startup_stm32f10x_hd.o(.text)
    DMA2_Channel2_IRQHandler                 0x080001f7   Thumb Code     0  startup_stm32f10x_hd.o(.text)
    DMA2_Channel3_IRQHandler                 0x080001f7   Thumb Code     0  startup_stm32f10x_hd.o(.text)
    DMA2_Channel4_5_IRQHandler               0x080001f7   Thumb Code     0  startup_stm32f10x_hd.o(.text)
    EXTI0_IRQHandler                         0x080001f7   Thumb Code     0  startup_stm32f10x_hd.o(.text)
    EXTI15_10_IRQHandler                     0x080001f7   Thumb Code     0  startup_stm32f10x_hd.o(.text)
    EXTI1_IRQHandler                         0x080001f7   Thumb Code     0  startup_stm32f10x_hd.o(.text)
    EXTI2_IRQHandler                         0x080001f7   Thumb Code     0  startup_stm32f10x_hd.o(.text)
    EXTI3_IRQHandler                         0x080001f7   Thumb Code     0  startup_stm32f10x_hd.o(.text)
    EXTI4_IRQHandler                         0x080001f7   Thumb Code     0  startup_stm32f10x_hd.o(.text)
    EXTI9_5_IRQHandler                       0x080001f7   Thumb Code     0  startup_stm32f10x_hd.o(.text)
    FLASH_IRQHandler                         0x080001f7   Thumb Code     0  startup_stm32f10x_hd.o(.text)
    FSMC_IRQHandler                          0x080001f7   Thumb Code     0  startup_stm32f10x_hd.o(.text)
    I2C1_ER_IRQHandler                       0x080001f7   Thumb Code     0  startup_stm32f10x_hd.o(.text)
    I2C1_EV_IRQHandler                       0x080001f7   Thumb Code     0  startup_stm32f10x_hd.o(.text)
    I2C2_ER_IRQHandler                       0x080001f7   Thumb Code     0  startup_stm32f10x_hd.o(.text)
    I2C2_EV_IRQHandler                       0x080001f7   Thumb Code     0  startup_stm32f10x_hd.o(.text)
    PVD_IRQHandler                           0x080001f7   Thumb Code     0  startup_stm32f10x_hd.o(.text)
    RCC_IRQHandler                           0x080001f7   Thumb Code     0  startup_stm32f10x_hd.o(.text)
    RTCAlarm_IRQHandler                      0x080001f7   Thumb Code     0  startup_stm32f10x_hd.o(.text)
    SDIO_IRQHandler                          0x080001f7   Thumb Code     0  startup_stm32f10x_hd.o(.text)
    SPI1_IRQHandler                          0x080001f7   Thumb Code     0  startup_stm32f10x_hd.o(.text)
    SPI2_IRQHandler                          0x080001f7   Thumb Code     0  startup_stm32f10x_hd.o(.text)
    SPI3_IRQHandler                          0x080001f7   Thumb Code     0  startup_stm32f10x_hd.o(.text)
    TAMPER_IRQHandler                        0x080001f7   Thumb Code     0  startup_stm32f10x_hd.o(.text)
    TIM1_BRK_IRQHandler                      0x080001f7   Thumb Code     0  startup_stm32f10x_hd.o(.text)
    TIM1_CC_IRQHandler                       0x080001f7   Thumb Code     0  startup_stm32f10x_hd.o(.text)
    TIM1_TRG_COM_IRQHandler                  0x080001f7   Thumb Code     0  startup_stm32f10x_hd.o(.text)
    TIM1_UP_IRQHandler                       0x080001f7   Thumb Code     0  startup_stm32f10x_hd.o(.text)
    TIM3_IRQHandler                          0x080001f7   Thumb Code     0  startup_stm32f10x_hd.o(.text)
    TIM4_IRQHandler                          0x080001f7   Thumb Code     0  startup_stm32f10x_hd.o(.text)
    TIM5_IRQHandler                          0x080001f7   Thumb Code     0  startup_stm32f10x_hd.o(.text)
    TIM6_IRQHandler                          0x080001f7   Thumb Code     0  startup_stm32f10x_hd.o(.text)
    TIM7_IRQHandler                          0x080001f7   Thumb Code     0  startup_stm32f10x_hd.o(.text)
    TIM8_BRK_IRQHandler                      0x080001f7   Thumb Code     0  startup_stm32f10x_hd.o(.text)
    TIM8_CC_IRQHandler                       0x080001f7   Thumb Code     0  startup_stm32f10x_hd.o(.text)
    TIM8_TRG_COM_IRQHandler                  0x080001f7   Thumb Code     0  startup_stm32f10x_hd.o(.text)
    TIM8_UP_IRQHandler                       0x080001f7   Thumb Code     0  startup_stm32f10x_hd.o(.text)
    UART4_IRQHandler                         0x080001f7   Thumb Code     0  startup_stm32f10x_hd.o(.text)
    UART5_IRQHandler                         0x080001f7   Thumb Code     0  startup_stm32f10x_hd.o(.text)
    USBWakeUp_IRQHandler                     0x080001f7   Thumb Code     0  startup_stm32f10x_hd.o(.text)
    USB_HP_CAN1_TX_IRQHandler                0x080001f7   Thumb Code     0  startup_stm32f10x_hd.o(.text)
    USB_LP_CAN1_RX0_IRQHandler               0x080001f7   Thumb Code     0  startup_stm32f10x_hd.o(.text)
    WWDG_IRQHandler                          0x080001f7   Thumb Code     0  startup_stm32f10x_hd.o(.text)
    GUI                                      0x08000201   Thumb Code    12  main.o(.text)
    Key_Scan                                 0x0800020d   Thumb Code    24  main.o(.text)
    ESP8266_Link                             0x08000225   Thumb Code    14  main.o(.text)
    BMP_Test                                 0x08000233   Thumb Code    14  main.o(.text)
    Spend_all                                0x08000241   Thumb Code    34  main.o(.text)
    main                                     0x08000263   Thumb Code   190  main.o(.text)
    NMI_Handler                              0x08000361   Thumb Code     2  stm32f10x_it.o(.text)
    HardFault_Handler                        0x08000363   Thumb Code     4  stm32f10x_it.o(.text)
    MemManage_Handler                        0x08000367   Thumb Code     4  stm32f10x_it.o(.text)
    BusFault_Handler                         0x0800036b   Thumb Code     4  stm32f10x_it.o(.text)
    UsageFault_Handler                       0x0800036f   Thumb Code     4  stm32f10x_it.o(.text)
    DebugMon_Handler                         0x08000373   Thumb Code     2  stm32f10x_it.o(.text)
    TIM2_IRQHandler                          0x08000375   Thumb Code    26  stm32f10x_it.o(.text)
    _sys_exit                                0x08000391   Thumb Code     4  usart.o(.text)
    fputc                                    0x08000395   Thumb Code    32  usart.o(.text)
    USART1_Init                              0x080003b5   Thumb Code   152  usart.o(.text)
    USART1_IRQHandler                        0x0800044d   Thumb Code    66  usart.o(.text)
    Driver_MCU_Init                          0x080004a1   Thumb Code   162  driver.o(.text)
    Driver_OpenEA                            0x08000543   Thumb Code     4  driver.o(.text)
    TIM3_PWM_Init                            0x08000547   Thumb Code   238  driver.o(.text)
    TIM2_NVIC_Configuration                  0x08000641   Thumb Code    30  tim.o(.text)
    TIM2_Configuration                       0x0800065f   Thumb Code    80  tim.o(.text)
    NVIC_Configuration                       0x080006b1   Thumb Code    40  rtc.o(.text)
    RTC_Configuration                        0x080006d9   Thumb Code    88  rtc.o(.text)
    Is_Leap_Year                             0x08000731   Thumb Code    58  rtc.o(.text)
    RTC_Get                                  0x0800076b   Thumb Code   220  rtc.o(.text)
    RTC_Set                                  0x08000847   Thumb Code   172  rtc.o(.text)
    RTC_Init                                 0x080008f3   Thumb Code   100  rtc.o(.text)
    RTC_IRQHandler                           0x08000957   Thumb Code    40  rtc.o(.text)
    NVIC_PriorityGroupConfig                 0x080009a1   Thumb Code    10  misc.o(.text)
    NVIC_Init                                0x080009ab   Thumb Code   100  misc.o(.text)
    NVIC_SetVectorTable                      0x08000a0f   Thumb Code    14  misc.o(.text)
    NVIC_SystemLPConfig                      0x08000a1d   Thumb Code    34  misc.o(.text)
    SysTick_CLKSourceConfig                  0x08000a3f   Thumb Code    40  misc.o(.text)
    ADC_DeInit                               0x08000a7d   Thumb Code    78  stm32f10x_adc.o(.text)
    ADC_Init                                 0x08000acb   Thumb Code    70  stm32f10x_adc.o(.text)
    ADC_StructInit                           0x08000b11   Thumb Code    18  stm32f10x_adc.o(.text)
    ADC_Cmd                                  0x08000b23   Thumb Code    22  stm32f10x_adc.o(.text)
    ADC_DMACmd                               0x08000b39   Thumb Code    22  stm32f10x_adc.o(.text)
    ADC_ITConfig                             0x08000b4f   Thumb Code    24  stm32f10x_adc.o(.text)
    ADC_ResetCalibration                     0x08000b67   Thumb Code    10  stm32f10x_adc.o(.text)
    ADC_GetResetCalibrationStatus            0x08000b71   Thumb Code    20  stm32f10x_adc.o(.text)
    ADC_StartCalibration                     0x08000b85   Thumb Code    10  stm32f10x_adc.o(.text)
    ADC_GetCalibrationStatus                 0x08000b8f   Thumb Code    20  stm32f10x_adc.o(.text)
    ADC_SoftwareStartConvCmd                 0x08000ba3   Thumb Code    22  stm32f10x_adc.o(.text)
    ADC_GetSoftwareStartConvStatus           0x08000bb9   Thumb Code    20  stm32f10x_adc.o(.text)
    ADC_DiscModeChannelCountConfig           0x08000bcd   Thumb Code    24  stm32f10x_adc.o(.text)
    ADC_DiscModeCmd                          0x08000be5   Thumb Code    22  stm32f10x_adc.o(.text)
    ADC_RegularChannelConfig                 0x08000bfb   Thumb Code   184  stm32f10x_adc.o(.text)
    ADC_ExternalTrigConvCmd                  0x08000cb3   Thumb Code    22  stm32f10x_adc.o(.text)
    ADC_GetConversionValue                   0x08000cc9   Thumb Code     8  stm32f10x_adc.o(.text)
    ADC_GetDualModeConversionValue           0x08000cd1   Thumb Code     8  stm32f10x_adc.o(.text)
    ADC_AutoInjectedConvCmd                  0x08000cd9   Thumb Code    22  stm32f10x_adc.o(.text)
    ADC_InjectedDiscModeCmd                  0x08000cef   Thumb Code    22  stm32f10x_adc.o(.text)
    ADC_ExternalTrigInjectedConvConfig       0x08000d05   Thumb Code    16  stm32f10x_adc.o(.text)
    ADC_ExternalTrigInjectedConvCmd          0x08000d15   Thumb Code    22  stm32f10x_adc.o(.text)
    ADC_SoftwareStartInjectedConvCmd         0x08000d2b   Thumb Code    22  stm32f10x_adc.o(.text)
    ADC_GetSoftwareStartInjectedConvCmdStatus 0x08000d41   Thumb Code    20  stm32f10x_adc.o(.text)
    ADC_InjectedChannelConfig                0x08000d55   Thumb Code   130  stm32f10x_adc.o(.text)
    ADC_InjectedSequencerLengthConfig        0x08000dd7   Thumb Code    24  stm32f10x_adc.o(.text)
    ADC_SetInjectedOffset                    0x08000def   Thumb Code    20  stm32f10x_adc.o(.text)
    ADC_GetInjectedConversionValue           0x08000e03   Thumb Code    28  stm32f10x_adc.o(.text)
    ADC_AnalogWatchdogCmd                    0x08000e1f   Thumb Code    16  stm32f10x_adc.o(.text)
    ADC_AnalogWatchdogThresholdsConfig       0x08000e2f   Thumb Code     6  stm32f10x_adc.o(.text)
    ADC_AnalogWatchdogSingleChannelConfig    0x08000e35   Thumb Code    16  stm32f10x_adc.o(.text)
    ADC_TempSensorVrefintCmd                 0x08000e45   Thumb Code    64  stm32f10x_adc.o(.text)
    ADC_GetFlagStatus                        0x08000e85   Thumb Code    18  stm32f10x_adc.o(.text)
    ADC_ClearFlag                            0x08000e97   Thumb Code     6  stm32f10x_adc.o(.text)
    ADC_GetITStatus                          0x08000e9d   Thumb Code    36  stm32f10x_adc.o(.text)
    ADC_ClearITPendingBit                    0x08000ec1   Thumb Code    10  stm32f10x_adc.o(.text)
    BKP_DeInit                               0x08000ecd   Thumb Code    16  stm32f10x_bkp.o(.text)
    BKP_TamperPinLevelConfig                 0x08000edd   Thumb Code     6  stm32f10x_bkp.o(.text)
    BKP_TamperPinCmd                         0x08000ee3   Thumb Code     8  stm32f10x_bkp.o(.text)
    BKP_ITConfig                             0x08000eeb   Thumb Code     8  stm32f10x_bkp.o(.text)
    BKP_RTCOutputConfig                      0x08000ef3   Thumb Code    22  stm32f10x_bkp.o(.text)
    BKP_SetRTCCalibrationValue               0x08000f09   Thumb Code    22  stm32f10x_bkp.o(.text)
    BKP_WriteBackupRegister                  0x08000f1f   Thumb Code    24  stm32f10x_bkp.o(.text)
    BKP_ReadBackupRegister                   0x08000f37   Thumb Code    26  stm32f10x_bkp.o(.text)
    BKP_GetFlagStatus                        0x08000f51   Thumb Code    10  stm32f10x_bkp.o(.text)
    BKP_ClearFlag                            0x08000f5b   Thumb Code    18  stm32f10x_bkp.o(.text)
    BKP_GetITStatus                          0x08000f6d   Thumb Code    10  stm32f10x_bkp.o(.text)
    BKP_ClearITPendingBit                    0x08000f77   Thumb Code    18  stm32f10x_bkp.o(.text)
    DMA_DeInit                               0x08000f91   Thumb Code   324  stm32f10x_dma.o(.text)
    DMA_Init                                 0x080010d5   Thumb Code    60  stm32f10x_dma.o(.text)
    DMA_StructInit                           0x08001111   Thumb Code    26  stm32f10x_dma.o(.text)
    DMA_Cmd                                  0x0800112b   Thumb Code    24  stm32f10x_dma.o(.text)
    DMA_ITConfig                             0x08001143   Thumb Code    18  stm32f10x_dma.o(.text)
    DMA_SetCurrDataCounter                   0x08001155   Thumb Code     4  stm32f10x_dma.o(.text)
    DMA_GetCurrDataCounter                   0x08001159   Thumb Code     8  stm32f10x_dma.o(.text)
    DMA_GetFlagStatus                        0x08001161   Thumb Code    40  stm32f10x_dma.o(.text)
    DMA_ClearFlag                            0x08001189   Thumb Code    22  stm32f10x_dma.o(.text)
    DMA_GetITStatus                          0x0800119f   Thumb Code    40  stm32f10x_dma.o(.text)
    DMA_ClearITPendingBit                    0x080011c7   Thumb Code    22  stm32f10x_dma.o(.text)
    FSMC_NORSRAMDeInit                       0x080011e5   Thumb Code    54  stm32f10x_fsmc.o(.text)
    FSMC_NANDDeInit                          0x0800121b   Thumb Code    62  stm32f10x_fsmc.o(.text)
    FSMC_PCCARDDeInit                        0x08001259   Thumb Code    36  stm32f10x_fsmc.o(.text)
    FSMC_NORSRAMInit                         0x0800127d   Thumb Code   230  stm32f10x_fsmc.o(.text)
    FSMC_NANDInit                            0x08001363   Thumb Code   132  stm32f10x_fsmc.o(.text)
    FSMC_PCCARDInit                          0x080013e7   Thumb Code   130  stm32f10x_fsmc.o(.text)
    FSMC_NORSRAMStructInit                   0x08001469   Thumb Code   114  stm32f10x_fsmc.o(.text)
    FSMC_NANDStructInit                      0x080014db   Thumb Code    54  stm32f10x_fsmc.o(.text)
    FSMC_PCCARDStructInit                    0x08001511   Thumb Code    60  stm32f10x_fsmc.o(.text)
    FSMC_NORSRAMCmd                          0x0800154d   Thumb Code    46  stm32f10x_fsmc.o(.text)
    FSMC_NANDCmd                             0x0800157b   Thumb Code    86  stm32f10x_fsmc.o(.text)
    FSMC_PCCARDCmd                           0x080015d1   Thumb Code    44  stm32f10x_fsmc.o(.text)
    FSMC_NANDECCCmd                          0x080015fd   Thumb Code    90  stm32f10x_fsmc.o(.text)
    FSMC_GetECC                              0x08001657   Thumb Code    24  stm32f10x_fsmc.o(.text)
    FSMC_ITConfig                            0x0800166f   Thumb Code   128  stm32f10x_fsmc.o(.text)
    FSMC_GetFlagStatus                       0x080016ef   Thumb Code    54  stm32f10x_fsmc.o(.text)
    FSMC_ClearFlag                           0x08001725   Thumb Code    62  stm32f10x_fsmc.o(.text)
    FSMC_GetITStatus                         0x08001763   Thumb Code    64  stm32f10x_fsmc.o(.text)
    FSMC_ClearITPendingBit                   0x080017a3   Thumb Code    68  stm32f10x_fsmc.o(.text)
    GPIO_DeInit                              0x080017f1   Thumb Code   172  stm32f10x_gpio.o(.text)
    GPIO_AFIODeInit                          0x0800189d   Thumb Code    20  stm32f10x_gpio.o(.text)
    GPIO_Init                                0x080018b1   Thumb Code   278  stm32f10x_gpio.o(.text)
    GPIO_StructInit                          0x080019c7   Thumb Code    16  stm32f10x_gpio.o(.text)
    GPIO_ReadInputDataBit                    0x080019d7   Thumb Code    18  stm32f10x_gpio.o(.text)
    GPIO_ReadInputData                       0x080019e9   Thumb Code     8  stm32f10x_gpio.o(.text)
    GPIO_ReadOutputDataBit                   0x080019f1   Thumb Code    18  stm32f10x_gpio.o(.text)
    GPIO_ReadOutputData                      0x08001a03   Thumb Code     8  stm32f10x_gpio.o(.text)
    GPIO_SetBits                             0x08001a0b   Thumb Code     4  stm32f10x_gpio.o(.text)
    GPIO_ResetBits                           0x08001a0f   Thumb Code     4  stm32f10x_gpio.o(.text)
    GPIO_WriteBit                            0x08001a13   Thumb Code    10  stm32f10x_gpio.o(.text)
    GPIO_Write                               0x08001a1d   Thumb Code     4  stm32f10x_gpio.o(.text)
    GPIO_PinLockConfig                       0x08001a21   Thumb Code    18  stm32f10x_gpio.o(.text)
    GPIO_EventOutputConfig                   0x08001a33   Thumb Code    26  stm32f10x_gpio.o(.text)
    GPIO_EventOutputCmd                      0x08001a4d   Thumb Code     6  stm32f10x_gpio.o(.text)
    GPIO_PinRemapConfig                      0x08001a53   Thumb Code   138  stm32f10x_gpio.o(.text)
    GPIO_EXTILineConfig                      0x08001add   Thumb Code    66  stm32f10x_gpio.o(.text)
    GPIO_ETH_MediaInterfaceConfig            0x08001b1f   Thumb Code     8  stm32f10x_gpio.o(.text)
    PWR_DeInit                               0x08001b4d   Thumb Code    22  stm32f10x_pwr.o(.text)
    PWR_BackupAccessCmd                      0x08001b63   Thumb Code     6  stm32f10x_pwr.o(.text)
    PWR_PVDCmd                               0x08001b69   Thumb Code     6  stm32f10x_pwr.o(.text)
    PWR_PVDLevelConfig                       0x08001b6f   Thumb Code    18  stm32f10x_pwr.o(.text)
    PWR_WakeUpPinCmd                         0x08001b81   Thumb Code     8  stm32f10x_pwr.o(.text)
    PWR_EnterSTOPMode                        0x08001b89   Thumb Code    54  stm32f10x_pwr.o(.text)
    PWR_EnterSTANDBYMode                     0x08001bbf   Thumb Code    42  stm32f10x_pwr.o(.text)
    PWR_GetFlagStatus                        0x08001be9   Thumb Code    20  stm32f10x_pwr.o(.text)
    PWR_ClearFlag                            0x08001bfd   Thumb Code    14  stm32f10x_pwr.o(.text)
    RCC_DeInit                               0x08001c19   Thumb Code    64  stm32f10x_rcc.o(.text)
    RCC_HSEConfig                            0x08001c59   Thumb Code    70  stm32f10x_rcc.o(.text)
    RCC_GetFlagStatus                        0x08001c9f   Thumb Code    56  stm32f10x_rcc.o(.text)
    RCC_WaitForHSEStartUp                    0x08001cd7   Thumb Code    56  stm32f10x_rcc.o(.text)
    RCC_AdjustHSICalibrationValue            0x08001d0f   Thumb Code    20  stm32f10x_rcc.o(.text)
    RCC_HSICmd                               0x08001d23   Thumb Code     6  stm32f10x_rcc.o(.text)
    RCC_PLLConfig                            0x08001d29   Thumb Code    24  stm32f10x_rcc.o(.text)
    RCC_PLLCmd                               0x08001d41   Thumb Code     6  stm32f10x_rcc.o(.text)
    RCC_SYSCLKConfig                         0x08001d47   Thumb Code    18  stm32f10x_rcc.o(.text)
    RCC_GetSYSCLKSource                      0x08001d59   Thumb Code    10  stm32f10x_rcc.o(.text)
    RCC_HCLKConfig                           0x08001d63   Thumb Code    18  stm32f10x_rcc.o(.text)
    RCC_PCLK1Config                          0x08001d75   Thumb Code    18  stm32f10x_rcc.o(.text)
    RCC_PCLK2Config                          0x08001d87   Thumb Code    20  stm32f10x_rcc.o(.text)
    RCC_ITConfig                             0x08001d9b   Thumb Code    26  stm32f10x_rcc.o(.text)
    RCC_USBCLKConfig                         0x08001db5   Thumb Code     8  stm32f10x_rcc.o(.text)
    RCC_ADCCLKConfig                         0x08001dbd   Thumb Code    18  stm32f10x_rcc.o(.text)
    RCC_LSEConfig                            0x08001dcf   Thumb Code    50  stm32f10x_rcc.o(.text)
    RCC_LSICmd                               0x08001e01   Thumb Code     6  stm32f10x_rcc.o(.text)
    RCC_RTCCLKConfig                         0x08001e07   Thumb Code    12  stm32f10x_rcc.o(.text)
    RCC_RTCCLKCmd                            0x08001e13   Thumb Code     8  stm32f10x_rcc.o(.text)
    RCC_GetClocksFreq                        0x08001e1b   Thumb Code   192  stm32f10x_rcc.o(.text)
    RCC_AHBPeriphClockCmd                    0x08001edb   Thumb Code    26  stm32f10x_rcc.o(.text)
    RCC_APB2PeriphClockCmd                   0x08001ef5   Thumb Code    26  stm32f10x_rcc.o(.text)
    RCC_APB1PeriphClockCmd                   0x08001f0f   Thumb Code    26  stm32f10x_rcc.o(.text)
    RCC_APB2PeriphResetCmd                   0x08001f29   Thumb Code    26  stm32f10x_rcc.o(.text)
    RCC_APB1PeriphResetCmd                   0x08001f43   Thumb Code    26  stm32f10x_rcc.o(.text)
    RCC_BackupResetCmd                       0x08001f5d   Thumb Code     8  stm32f10x_rcc.o(.text)
    RCC_ClockSecuritySystemCmd               0x08001f65   Thumb Code     6  stm32f10x_rcc.o(.text)
    RCC_MCOConfig                            0x08001f6b   Thumb Code     6  stm32f10x_rcc.o(.text)
    RCC_ClearFlag                            0x08001f71   Thumb Code    14  stm32f10x_rcc.o(.text)
    RCC_GetITStatus                          0x08001f7f   Thumb Code    20  stm32f10x_rcc.o(.text)
    RCC_ClearITPendingBit                    0x08001f93   Thumb Code     6  stm32f10x_rcc.o(.text)
    RTC_ITConfig                             0x08001fbd   Thumb Code    26  stm32f10x_rtc.o(.text)
    RTC_EnterConfigMode                      0x08001fd7   Thumb Code    18  stm32f10x_rtc.o(.text)
    RTC_ExitConfigMode                       0x08001fe9   Thumb Code    20  stm32f10x_rtc.o(.text)
    RTC_GetCounter                           0x08001ffd   Thumb Code    18  stm32f10x_rtc.o(.text)
    RTC_SetCounter                           0x0800200f   Thumb Code    26  stm32f10x_rtc.o(.text)
    RTC_SetPrescaler                         0x08002029   Thumb Code    28  stm32f10x_rtc.o(.text)
    RTC_SetAlarm                             0x08002045   Thumb Code    26  stm32f10x_rtc.o(.text)
    RTC_GetDivider                           0x0800205f   Thumb Code    22  stm32f10x_rtc.o(.text)
    RTC_WaitForLastTask                      0x08002075   Thumb Code    18  stm32f10x_rtc.o(.text)
    RTC_WaitForSynchro                       0x08002087   Thumb Code    36  stm32f10x_rtc.o(.text)
    RTC_GetFlagStatus                        0x080020ab   Thumb Code    22  stm32f10x_rtc.o(.text)
    RTC_ClearFlag                            0x080020c1   Thumb Code    16  stm32f10x_rtc.o(.text)
    RTC_GetITStatus                          0x080020d1   Thumb Code    32  stm32f10x_rtc.o(.text)
    RTC_ClearITPendingBit                    0x080020f1   Thumb Code    16  stm32f10x_rtc.o(.text)
    TIM_DeInit                               0x08002105   Thumb Code   424  stm32f10x_tim.o(.text)
    TIM_TimeBaseInit                         0x080022ad   Thumb Code   122  stm32f10x_tim.o(.text)
    TIM_OC1Init                              0x08002327   Thumb Code   132  stm32f10x_tim.o(.text)
    TIM_OC2Init                              0x080023ab   Thumb Code   154  stm32f10x_tim.o(.text)
    TIM_OC3Init                              0x08002445   Thumb Code   150  stm32f10x_tim.o(.text)
    TIM_OC4Init                              0x080024db   Thumb Code   182  stm32f10x_tim.o(.text)
    TIM_SetIC4Prescaler                      0x08002591   Thumb Code    26  stm32f10x_tim.o(.text)
    TIM_SetIC3Prescaler                      0x0800262d   Thumb Code    18  stm32f10x_tim.o(.text)
    TIM_SetIC2Prescaler                      0x080026b9   Thumb Code    26  stm32f10x_tim.o(.text)
    TIM_SetIC1Prescaler                      0x08002755   Thumb Code    18  stm32f10x_tim.o(.text)
    TIM_ICInit                               0x080027d3   Thumb Code   150  stm32f10x_tim.o(.text)
    TIM_PWMIConfig                           0x08002869   Thumb Code   124  stm32f10x_tim.o(.text)
    TIM_BDTRConfig                           0x080028e5   Thumb Code    32  stm32f10x_tim.o(.text)
    TIM_TimeBaseStructInit                   0x08002905   Thumb Code    18  stm32f10x_tim.o(.text)
    TIM_OCStructInit                         0x08002917   Thumb Code    20  stm32f10x_tim.o(.text)
    TIM_ICStructInit                         0x0800292b   Thumb Code    18  stm32f10x_tim.o(.text)
    TIM_BDTRStructInit                       0x0800293d   Thumb Code    40  stm32f10x_tim.o(.text)
    TIM_Cmd                                  0x08002965   Thumb Code    24  stm32f10x_tim.o(.text)
    TIM_CtrlPWMOutputs                       0x0800297d   Thumb Code    30  stm32f10x_tim.o(.text)
    TIM_ITConfig                             0x0800299b   Thumb Code    18  stm32f10x_tim.o(.text)
    TIM_GenerateEvent                        0x080029ad   Thumb Code     4  stm32f10x_tim.o(.text)
    TIM_DMAConfig                            0x080029b1   Thumb Code    10  stm32f10x_tim.o(.text)
    TIM_DMACmd                               0x080029bb   Thumb Code    18  stm32f10x_tim.o(.text)
    TIM_InternalClockConfig                  0x080029cd   Thumb Code    12  stm32f10x_tim.o(.text)
    TIM_SelectInputTrigger                   0x080029d9   Thumb Code    18  stm32f10x_tim.o(.text)
    TIM_ITRxExternalClockConfig              0x080029eb   Thumb Code    24  stm32f10x_tim.o(.text)
    TIM_TIxExternalClockConfig               0x08002a03   Thumb Code    62  stm32f10x_tim.o(.text)
    TIM_ETRConfig                            0x08002a41   Thumb Code    28  stm32f10x_tim.o(.text)
    TIM_ETRClockMode1Config                  0x08002a5d   Thumb Code    54  stm32f10x_tim.o(.text)
    TIM_ETRClockMode2Config                  0x08002a93   Thumb Code    32  stm32f10x_tim.o(.text)
    TIM_PrescalerConfig                      0x08002ab3   Thumb Code     6  stm32f10x_tim.o(.text)
    TIM_CounterModeConfig                    0x08002ab9   Thumb Code    18  stm32f10x_tim.o(.text)
    TIM_EncoderInterfaceConfig               0x08002acb   Thumb Code    66  stm32f10x_tim.o(.text)
    TIM_ForcedOC1Config                      0x08002b0d   Thumb Code    18  stm32f10x_tim.o(.text)
    TIM_ForcedOC2Config                      0x08002b1f   Thumb Code    26  stm32f10x_tim.o(.text)
    TIM_ForcedOC3Config                      0x08002b39   Thumb Code    18  stm32f10x_tim.o(.text)
    TIM_ForcedOC4Config                      0x08002b4b   Thumb Code    26  stm32f10x_tim.o(.text)
    TIM_ARRPreloadConfig                     0x08002b65   Thumb Code    24  stm32f10x_tim.o(.text)
    TIM_SelectCOM                            0x08002b7d   Thumb Code    24  stm32f10x_tim.o(.text)
    TIM_SelectCCDMA                          0x08002b95   Thumb Code    24  stm32f10x_tim.o(.text)
    TIM_CCPreloadControl                     0x08002bad   Thumb Code    24  stm32f10x_tim.o(.text)
    TIM_OC1PreloadConfig                     0x08002bc5   Thumb Code    18  stm32f10x_tim.o(.text)
    TIM_OC2PreloadConfig                     0x08002bd7   Thumb Code    26  stm32f10x_tim.o(.text)
    TIM_OC3PreloadConfig                     0x08002bf1   Thumb Code    18  stm32f10x_tim.o(.text)
    TIM_OC4PreloadConfig                     0x08002c03   Thumb Code    26  stm32f10x_tim.o(.text)
    TIM_OC1FastConfig                        0x08002c1d   Thumb Code    18  stm32f10x_tim.o(.text)
    TIM_OC2FastConfig                        0x08002c2f   Thumb Code    26  stm32f10x_tim.o(.text)
    TIM_OC3FastConfig                        0x08002c49   Thumb Code    18  stm32f10x_tim.o(.text)
    TIM_OC4FastConfig                        0x08002c5b   Thumb Code    26  stm32f10x_tim.o(.text)
    TIM_ClearOC1Ref                          0x08002c75   Thumb Code    18  stm32f10x_tim.o(.text)
    TIM_ClearOC2Ref                          0x08002c87   Thumb Code    24  stm32f10x_tim.o(.text)
    TIM_ClearOC3Ref                          0x08002c9f   Thumb Code    18  stm32f10x_tim.o(.text)
    TIM_ClearOC4Ref                          0x08002cb1   Thumb Code    24  stm32f10x_tim.o(.text)
    TIM_OC1PolarityConfig                    0x08002cc9   Thumb Code    18  stm32f10x_tim.o(.text)
    TIM_OC1NPolarityConfig                   0x08002cdb   Thumb Code    18  stm32f10x_tim.o(.text)
    TIM_OC2PolarityConfig                    0x08002ced   Thumb Code    26  stm32f10x_tim.o(.text)
    TIM_OC2NPolarityConfig                   0x08002d07   Thumb Code    26  stm32f10x_tim.o(.text)
    TIM_OC3PolarityConfig                    0x08002d21   Thumb Code    26  stm32f10x_tim.o(.text)
    TIM_OC3NPolarityConfig                   0x08002d3b   Thumb Code    26  stm32f10x_tim.o(.text)
    TIM_OC4PolarityConfig                    0x08002d55   Thumb Code    26  stm32f10x_tim.o(.text)
    TIM_CCxCmd                               0x08002d6f   Thumb Code    30  stm32f10x_tim.o(.text)
    TIM_CCxNCmd                              0x08002d8d   Thumb Code    30  stm32f10x_tim.o(.text)
    TIM_SelectOCxM                           0x08002dab   Thumb Code    82  stm32f10x_tim.o(.text)
    TIM_UpdateDisableConfig                  0x08002dfd   Thumb Code    24  stm32f10x_tim.o(.text)
    TIM_UpdateRequestConfig                  0x08002e15   Thumb Code    24  stm32f10x_tim.o(.text)
    TIM_SelectHallSensor                     0x08002e2d   Thumb Code    24  stm32f10x_tim.o(.text)
    TIM_SelectOnePulseMode                   0x08002e45   Thumb Code    18  stm32f10x_tim.o(.text)
    TIM_SelectOutputTrigger                  0x08002e57   Thumb Code    18  stm32f10x_tim.o(.text)
    TIM_SelectSlaveMode                      0x08002e69   Thumb Code    18  stm32f10x_tim.o(.text)
    TIM_SelectMasterSlaveMode                0x08002e7b   Thumb Code    18  stm32f10x_tim.o(.text)
    TIM_SetCounter                           0x08002e8d   Thumb Code     4  stm32f10x_tim.o(.text)
    TIM_SetAutoreload                        0x08002e91   Thumb Code     4  stm32f10x_tim.o(.text)
    TIM_SetCompare1                          0x08002e95   Thumb Code     4  stm32f10x_tim.o(.text)
    TIM_SetCompare2                          0x08002e99   Thumb Code     4  stm32f10x_tim.o(.text)
    TIM_SetCompare3                          0x08002e9d   Thumb Code     4  stm32f10x_tim.o(.text)
    TIM_SetCompare4                          0x08002ea1   Thumb Code     6  stm32f10x_tim.o(.text)
    TIM_SetClockDivision                     0x08002ea7   Thumb Code    18  stm32f10x_tim.o(.text)
    TIM_GetCapture1                          0x08002eb9   Thumb Code     6  stm32f10x_tim.o(.text)
    TIM_GetCapture2                          0x08002ebf   Thumb Code     6  stm32f10x_tim.o(.text)
    TIM_GetCapture3                          0x08002ec5   Thumb Code     6  stm32f10x_tim.o(.text)
    TIM_GetCapture4                          0x08002ecb   Thumb Code     8  stm32f10x_tim.o(.text)
    TIM_GetCounter                           0x08002ed3   Thumb Code     6  stm32f10x_tim.o(.text)
    TIM_GetPrescaler                         0x08002ed9   Thumb Code     6  stm32f10x_tim.o(.text)
    TIM_GetFlagStatus                        0x08002edf   Thumb Code    18  stm32f10x_tim.o(.text)
    TIM_ClearFlag                            0x08002ef1   Thumb Code     6  stm32f10x_tim.o(.text)
    TIM_GetITStatus                          0x08002ef7   Thumb Code    34  stm32f10x_tim.o(.text)
    TIM_ClearITPendingBit                    0x08002f19   Thumb Code     6  stm32f10x_tim.o(.text)
    USART_DeInit                             0x08002f21   Thumb Code   134  stm32f10x_usart.o(.text)
    USART_Init                               0x08002fa7   Thumb Code   210  stm32f10x_usart.o(.text)
    USART_StructInit                         0x08003079   Thumb Code    24  stm32f10x_usart.o(.text)
    USART_ClockInit                          0x08003091   Thumb Code    34  stm32f10x_usart.o(.text)
    USART_ClockStructInit                    0x080030b3   Thumb Code    12  stm32f10x_usart.o(.text)
    USART_Cmd                                0x080030bf   Thumb Code    24  stm32f10x_usart.o(.text)
    USART_ITConfig                           0x080030d7   Thumb Code    74  stm32f10x_usart.o(.text)
    USART_DMACmd                             0x08003121   Thumb Code    18  stm32f10x_usart.o(.text)
    USART_SetAddress                         0x08003133   Thumb Code    18  stm32f10x_usart.o(.text)
    USART_WakeUpConfig                       0x08003145   Thumb Code    18  stm32f10x_usart.o(.text)
    USART_ReceiverWakeUpCmd                  0x08003157   Thumb Code    24  stm32f10x_usart.o(.text)
    USART_LINBreakDetectLengthConfig         0x0800316f   Thumb Code    18  stm32f10x_usart.o(.text)
    USART_LINCmd                             0x08003181   Thumb Code    24  stm32f10x_usart.o(.text)
    USART_SendData                           0x08003199   Thumb Code     8  stm32f10x_usart.o(.text)
    USART_ReceiveData                        0x080031a1   Thumb Code    10  stm32f10x_usart.o(.text)
    USART_SendBreak                          0x080031ab   Thumb Code    10  stm32f10x_usart.o(.text)
    USART_SetGuardTime                       0x080031b5   Thumb Code    16  stm32f10x_usart.o(.text)
    USART_SetPrescaler                       0x080031c5   Thumb Code    16  stm32f10x_usart.o(.text)
    USART_SmartCardCmd                       0x080031d5   Thumb Code    24  stm32f10x_usart.o(.text)
    USART_SmartCardNACKCmd                   0x080031ed   Thumb Code    24  stm32f10x_usart.o(.text)
    USART_HalfDuplexCmd                      0x08003205   Thumb Code    24  stm32f10x_usart.o(.text)
    USART_OverSampling8Cmd                   0x0800321d   Thumb Code    22  stm32f10x_usart.o(.text)
    USART_OneBitMethodCmd                    0x08003233   Thumb Code    24  stm32f10x_usart.o(.text)
    USART_IrDAConfig                         0x0800324b   Thumb Code    18  stm32f10x_usart.o(.text)
    USART_IrDACmd                            0x0800325d   Thumb Code    24  stm32f10x_usart.o(.text)
    USART_GetFlagStatus                      0x08003275   Thumb Code    26  stm32f10x_usart.o(.text)
    USART_ClearFlag                          0x0800328f   Thumb Code    18  stm32f10x_usart.o(.text)
    USART_GetITStatus                        0x080032a1   Thumb Code    84  stm32f10x_usart.o(.text)
    USART_ClearITPendingBit                  0x080032f5   Thumb Code    52  stm32f10x_usart.o(.text)
    SystemInit                               0x08003407   Thumb Code    78  system_stm32f10x.o(.text)
    SystemCoreClockUpdate                    0x08003455   Thumb Code   142  system_stm32f10x.o(.text)
    xTaskCreate                              0x08003665   Thumb Code    96  tasks.o(.text)
    vTaskDelete                              0x08003701   Thumb Code   166  tasks.o(.text)
    xTaskIncrementTick                       0x080037a7   Thumb Code   238  tasks.o(.text)
    xTaskResumeAll                           0x08003895   Thumb Code   284  tasks.o(.text)
    vTaskSuspendAll                          0x08003a2d   Thumb Code    12  tasks.o(.text)
    vTaskDelayUntil                          0x08003a39   Thumb Code   106  tasks.o(.text)
    vTaskDelay                               0x08003aa3   Thumb Code    46  tasks.o(.text)
    uxTaskPriorityGet                        0x08003ad1   Thumb Code    30  tasks.o(.text)
    uxTaskPriorityGetFromISR                 0x08003aef   Thumb Code    52  tasks.o(.text)
    vTaskPrioritySet                         0x08003b23   Thumb Code   216  tasks.o(.text)
    vTaskSwitchContext                       0x08003bfb   Thumb Code    76  tasks.o(.text)
    vTaskSuspend                             0x08003c47   Thumb Code   160  tasks.o(.text)
    vTaskResume                              0x08003d1f   Thumb Code   170  tasks.o(.text)
    xTaskResumeFromISR                       0x08003dc9   Thumb Code   130  tasks.o(.text)
    vTaskStartScheduler                      0x08003ec1   Thumb Code    72  tasks.o(.text)
    vTaskEndScheduler                        0x08003f09   Thumb Code    32  tasks.o(.text)
    xTaskGetTickCount                        0x08003f29   Thumb Code     6  tasks.o(.text)
    xTaskGetTickCountFromISR                 0x08003f2f   Thumb Code     8  tasks.o(.text)
    uxTaskGetNumberOfTasks                   0x08003f37   Thumb Code     6  tasks.o(.text)
    pcTaskGetName                            0x08003f3d   Thumb Code    20  tasks.o(.text)
    vTaskPlaceOnEventList                    0x08003f51   Thumb Code    28  tasks.o(.text)
    vTaskPlaceOnUnorderedEventList           0x08003f6d   Thumb Code    40  tasks.o(.text)
    xTaskRemoveFromEventList                 0x08003f95   Thumb Code   104  tasks.o(.text)
    xTaskRemoveFromUnorderedEventList        0x08003ffd   Thumb Code    94  tasks.o(.text)
    vTaskSetTimeOutState                     0x0800405b   Thumb Code    14  tasks.o(.text)
    xTaskCheckForTimeOut                     0x08004069   Thumb Code    84  tasks.o(.text)
    vTaskMissedYield                         0x080040bd   Thumb Code     8  tasks.o(.text)
    uxTaskResetEventItemValue                0x080040c5   Thumb Code    24  tasks.o(.text)
    ulTaskNotifyTake                         0x080040dd   Thumb Code   108  tasks.o(.text)
    xTaskNotifyWait                          0x08004149   Thumb Code   226  tasks.o(.text)
    xTaskGenericNotify                       0x0800422b   Thumb Code   178  tasks.o(.text)
    xTaskGenericNotifyFromISR                0x080042dd   Thumb Code   228  tasks.o(.text)
    vTaskNotifyGiveFromISR                   0x080043c1   Thumb Code   154  tasks.o(.text)
    xTaskNotifyStateClear                    0x0800445b   Thumb Code    48  tasks.o(.text)
    vListInitialise                          0x080044a9   Thumb Code    26  list.o(.text)
    vListInitialiseItem                      0x080044c3   Thumb Code     6  list.o(.text)
    vListInsertEnd                           0x080044c9   Thumb Code    24  list.o(.text)
    vListInsert                              0x080044e1   Thumb Code    52  list.o(.text)
    uxListRemove                             0x08004515   Thumb Code    40  list.o(.text)
    pxPortInitialiseStack                    0x08004553   Thumb Code    30  port.o(.text)
    vPortSetupTimerInterrupt                 0x08004571   Thumb Code    14  port.o(.text)
    xPortStartScheduler                      0x0800457f   Thumb Code    42  port.o(.text)
    vPortEndScheduler                        0x080045a9   Thumb Code     2  port.o(.text)
    vPortEnterCritical                       0x080045ab   Thumb Code    30  port.o(.text)
    vPortExitCritical                        0x080045c9   Thumb Code    28  port.o(.text)
    SysTick_Handler                          0x080045e5   Thumb Code    48  port.o(.text)
    pvPortMalloc                             0x080046e7   Thumb Code   188  heap_4.o(.text)
    vPortFree                                0x080047a3   Thumb Code    64  heap_4.o(.text)
    xPortGetFreeHeapSize                     0x080047e3   Thumb Code     6  heap_4.o(.text)
    xPortGetMinimumEverFreeHeapSize          0x080047e9   Thumb Code     6  heap_4.o(.text)
    vPortInitialiseBlocks                    0x080047ef   Thumb Code     2  heap_4.o(.text)
    ESP8266_STA_TCPClient_Test               0x08004809   Thumb Code    70  sta_tcpclent_test.o(.text)
    USART2_Init                              0x0800487d   Thumb Code   156  esp8266_drive.o(.text)
    USART2_IRQHandler                        0x08004919   Thumb Code   148  esp8266_drive.o(.text)
    ESP8266_Init                             0x080049ad   Thumb Code    78  esp8266_drive.o(.text)
    ESP8266_Send_AT_Cmd                      0x080049fb   Thumb Code   178  esp8266_drive.o(.text)
    ESP8266_Rst                              0x08004aad   Thumb Code    20  esp8266_drive.o(.text)
    ESP8266_AT_Test                          0x08004ac1   Thumb Code    62  esp8266_drive.o(.text)
    ESP8266_Net_Mode_Choose                  0x08004aff   Thumb Code    68  esp8266_drive.o(.text)
    ESP8266_JoinAP                           0x08004b43   Thumb Code    38  esp8266_drive.o(.text)
    ESP8266_Enable_MultipleId                0x08004b69   Thumb Code    42  esp8266_drive.o(.text)
    ESP8266_Link_Server                      0x08004b93   Thumb Code   110  esp8266_drive.o(.text)
    ESP8266_UnvarnishSend                    0x08004c01   Thumb Code    38  esp8266_drive.o(.text)
    ESP8266_SendString                       0x08004c27   Thumb Code   402  esp8266_drive.o(.text)
    ESP8266_ExitUnvarnishSend                0x08004db9   Thumb Code    28  esp8266_drive.o(.text)
    ESP8266_Get_LinkStatus                   0x08004dd5   Thumb Code    66  esp8266_drive.o(.text)
    USART_printf                             0x08004ebb   Thumb Code   262  esp8266_public.o(.text)
    Driver_Key1Sta                           0x08004fc1   Thumb Code    60  key.o(.text)
    Driver_Key2Sta                           0x08004ffd   Thumb Code    60  key.o(.text)
    Driver_Key3Sta                           0x08005039   Thumb Code    60  key.o(.text)
    Driver_Key4Sta                           0x08005075   Thumb Code    60  key.o(.text)
    Driver_Key5Sta                           0x080050b1   Thumb Code    64  key.o(.text)
    Driver_Key6Sta                           0x080050f1   Thumb Code    60  key.o(.text)
    send                                     0x0800512d   Thumb Code    50  key.o(.text)
    Get_Hz                                   0x0800515f   Thumb Code     6  key.o(.text)
    Get_Cuty                                 0x08005165   Thumb Code     6  key.o(.text)
    Speak_Value                              0x0800516b   Thumb Code    34  key.o(.text)
    CCR_switch                               0x0800518d   Thumb Code    56  key.o(.text)
    LED_switch                               0x080051c5   Thumb Code   100  key.o(.text)
    key_service                              0x08005229   Thumb Code   358  key.o(.text)
    key_scan                                 0x0800538f   Thumb Code   324  key.o(.text)
    USART3_Init                              0x080054f1   Thumb Code   194  syn6288.o(.text)
    USART_Send_Byte                          0x080055b3   Thumb Code    44  syn6288.o(.text)
    USART3_IRQHandler                        0x080055df   Thumb Code    32  syn6288.o(.text)
    TTS_Init                                 0x080055ff   Thumb Code    38  syn6288.o(.text)
    TTSPlay                                  0x08005625   Thumb Code   144  syn6288.o(.text)
    ADC1_Init                                0x080057c1   Thumb Code    12  adc.o(.text)
    ADC_change                               0x080057cd   Thumb Code   452  adc.o(.text)
    sendDataToProcessing                     0x08005991   Thumb Code    24  adc.o(.text)
    rt_BPM                                   0x080059a9   Thumb Code     6  adc.o(.text)
    rt_IBI                                   0x080059af   Thumb Code     6  adc.o(.text)
    spend                                    0x080059b5   Thumb Code    48  adc.o(.text)
    GUI_DrawPoint                            0x08005a3d   Thumb Code    24  gui.o(.text)
    LCD_Fill                                 0x08005a55   Thumb Code   104  gui.o(.text)
    LCD_DrawLine                             0x08005abd   Thumb Code   176  gui.o(.text)
    LCD_DrawRectangle                        0x08005b6d   Thumb Code    64  gui.o(.text)
    LCD_DrawFillRectangle                    0x08005bad   Thumb Code    30  gui.o(.text)
    _draw_circle_8                           0x08005bcb   Thumb Code   132  gui.o(.text)
    gui_circle                               0x08005c4f   Thumb Code   154  gui.o(.text)
    LCD_ShowChar                             0x08005ce9   Thumb Code   276  gui.o(.text)
    LCD_ShowString                           0x08005dfd   Thumb Code    94  gui.o(.text)
    mypow                                    0x08005e5b   Thumb Code    46  gui.o(.text)
    LCD_ShowNum                              0x08005e89   Thumb Code   168  gui.o(.text)
    GUI_DrawFont16                           0x08005f31   Thumb Code   252  gui.o(.text)
    GUI_DrawFont24                           0x0800602d   Thumb Code   268  gui.o(.text)
    GUI_DrawFont32                           0x08006139   Thumb Code   252  gui.o(.text)
    Show_Str                                 0x08006235   Thumb Code   292  gui.o(.text)
    Gui_StrCenter                            0x08006359   Thumb Code    68  gui.o(.text)
    Gui_Drawbmp16                            0x0800639d   Thumb Code    90  gui.o(.text)
    LCD_WR_REG                               0x080063fd   Thumb Code     6  lcd.o(.text)
    LCD_WR_DATA                              0x08006403   Thumb Code     8  lcd.o(.text)
    LCD_DrawPoint_16Bit                      0x0800640b   Thumb Code    12  lcd.o(.text)
    LCD_WriteReg                             0x08006417   Thumb Code    10  lcd.o(.text)
    LCD_WriteRAM_Prepare                     0x08006421   Thumb Code    12  lcd.o(.text)
    LCD_SetCursor                            0x0800642d   Thumb Code    52  lcd.o(.text)
    LCD_DrawPoint                            0x08006461   Thumb Code    24  lcd.o(.text)
    LCD_SetWindows                           0x08006479   Thumb Code    76  lcd.o(.text)
    LCD_Clear                                0x080064c5   Thumb Code    50  lcd.o(.text)
    LCD_GPIOInit                             0x080064f7   Thumb Code   274  lcd.o(.text)
    LCD_RESET                                0x08006609   Thumb Code    32  lcd.o(.text)
    LCD_SetParam                             0x08006629   Thumb Code    40  lcd.o(.text)
    LCD_Init                                 0x08006651   Thumb Code   610  lcd.o(.text)
    DrawTestPage                             0x080068b9   Thumb Code   142  test.o(.text)
    main_test                                0x08006947   Thumb Code   292  test.o(.text)
    Test_Color                               0x08006a6b   Thumb Code   338  test.o(.text)
    Test_FillRec                             0x08006bbd   Thumb Code   630  test.o(.text)
    Test_Circle                              0x08006e33   Thumb Code   224  test.o(.text)
    English_Font_test                        0x08006f13   Thumb Code   128  test.o(.text)
    Chinese_Font_test                        0x08006f93   Thumb Code   122  test.o(.text)
    __aeabi_memset                           0x080071b1   Thumb Code    14  memseta.o(.text)
    __aeabi_memset4                          0x080071b1   Thumb Code     0  memseta.o(.text)
    __aeabi_memset8                          0x080071b1   Thumb Code     0  memseta.o(.text)
    __aeabi_memclr                           0x080071bf   Thumb Code     4  memseta.o(.text)
    __aeabi_memclr4                          0x080071bf   Thumb Code     0  memseta.o(.text)
    __aeabi_memclr8                          0x080071bf   Thumb Code     0  memseta.o(.text)
    _memset$wrapper                          0x080071c3   Thumb Code    18  memseta.o(.text)
    strstr                                   0x080071d5   Thumb Code    36  strstr.o(.text)
    strlen                                   0x080071f9   Thumb Code    14  strlen.o(.text)
    __aeabi_dadd                             0x08007207   Thumb Code   322  dadd.o(.text)
    __aeabi_dsub                             0x08007349   Thumb Code     6  dadd.o(.text)
    __aeabi_drsub                            0x0800734f   Thumb Code     6  dadd.o(.text)
    __aeabi_f2d                              0x08007355   Thumb Code    38  f2d.o(.text)
    __aeabi_d2f                              0x0800737b   Thumb Code    56  d2f.o(.text)
    __aeabi_uidiv                            0x080073b3   Thumb Code     0  uidiv.o(.text)
    __aeabi_uidivmod                         0x080073b3   Thumb Code    44  uidiv.o(.text)
    __aeabi_uldivmod                         0x080073df   Thumb Code    98  uldiv.o(.text)
    __aeabi_llsl                             0x08007441   Thumb Code    30  llshl.o(.text)
    _ll_shift_l                              0x08007441   Thumb Code     0  llshl.o(.text)
    __aeabi_lasr                             0x0800745f   Thumb Code    36  llsshr.o(.text)
    _ll_sshift_r                             0x0800745f   Thumb Code     0  llsshr.o(.text)
    __I$use$fp                               0x08007483   Thumb Code     0  iusefp.o(.text)
    _float_round                             0x08007483   Thumb Code    18  fepilogue.o(.text)
    _float_epilogue                          0x08007495   Thumb Code    92  fepilogue.o(.text)
    _double_round                            0x080074f1   Thumb Code    30  depilogue.o(.text)
    _double_epilogue                         0x0800750f   Thumb Code   156  depilogue.o(.text)
    __aeabi_dmul                             0x080075ab   Thumb Code   228  dmul.o(.text)
    __aeabi_ddiv                             0x0800768f   Thumb Code   222  ddiv.o(.text)
    __aeabi_d2ulz                            0x0800776d   Thumb Code    48  dfixul.o(.text)
    __aeabi_cdrcmple                         0x0800779d   Thumb Code    48  cdrcmple.o(.text)
    __scatterload                            0x080077cd   Thumb Code    28  init.o(.text)
    __scatterload_rt2                        0x080077cd   Thumb Code     0  init.o(.text)
    __aeabi_llsr                             0x080077f1   Thumb Code    32  llushr.o(.text)
    _ll_ushift_r                             0x080077f1   Thumb Code     0  llushr.o(.text)
    __0printf                                0x08007811   Thumb Code    22  printfa.o(i.__0printf)
    __1printf                                0x08007811   Thumb Code     0  printfa.o(i.__0printf)
    __2printf                                0x08007811   Thumb Code     0  printfa.o(i.__0printf)
    __c89printf                              0x08007811   Thumb Code     0  printfa.o(i.__0printf)
    printf                                   0x08007811   Thumb Code     0  printfa.o(i.__0printf)
    __0sprintf                               0x08007831   Thumb Code    34  printfa.o(i.__0sprintf)
    __1sprintf                               0x08007831   Thumb Code     0  printfa.o(i.__0sprintf)
    __2sprintf                               0x08007831   Thumb Code     0  printfa.o(i.__0sprintf)
    __c89sprintf                             0x08007831   Thumb Code     0  printfa.o(i.__0sprintf)
    sprintf                                  0x08007831   Thumb Code     0  printfa.o(i.__0sprintf)
    __0vsprintf                              0x08007859   Thumb Code    30  printfa.o(i.__0vsprintf)
    __1vsprintf                              0x08007859   Thumb Code     0  printfa.o(i.__0vsprintf)
    __2vsprintf                              0x08007859   Thumb Code     0  printfa.o(i.__0vsprintf)
    __c89vsprintf                            0x08007859   Thumb Code     0  printfa.o(i.__0vsprintf)
    vsprintf                                 0x08007859   Thumb Code     0  printfa.o(i.__0vsprintf)
    __scatterload_copy                       0x0800787d   Thumb Code    14  handlers.o(i.__scatterload_copy)
    __scatterload_null                       0x0800788b   Thumb Code     2  handlers.o(i.__scatterload_null)
    __scatterload_zeroinit                   0x0800788d   Thumb Code    14  handlers.o(i.__scatterload_zeroinit)
    putc                                     0x08008139   Thumb Code     4  putc.o(i.putc)
    mon_table                                0x0800813c   Data          12  rtc.o(.constdata)
    pl                                       0x08008148   Data         202  key.o(.constdata)
    Cuty                                     0x08008212   Data          38  key.o(.constdata)
    asc2_1206                                0x08008238   Data        1140  gui.o(.constdata)
    asc2_1608                                0x080086ac   Data        1520  gui.o(.constdata)
    tfont16                                  0x08008c9c   Data        1564  gui.o(.constdata)
    tfont24                                  0x080092b8   Data         518  gui.o(.constdata)
    tfont32                                  0x080094be   Data         520  gui.o(.constdata)
    Region$$Table$$Base                      0x080096c8   Number         0  anon$$obj.o(Region$$Table)
    Region$$Table$$Limit                     0x080096e8   Number         0  anon$$obj.o(Region$$Table)
    __stdout                                 0x20000000   Data           4  usart.o(.data)
    USART_RX_STA                             0x20000004   Data           2  usart.o(.data)
    SystemCoreClock                          0x2000001c   Data           4  system_stm32f10x.o(.data)
    AHBPrescTable                            0x20000020   Data          16  system_stm32f10x.o(.data)
    pxCurrentTCB                             0x20000030   Data           4  tasks.o(.data)
    TcpClosedFlag                            0x2000008e   Data           1  sta_tcpclent_test.o(.data)
    ucKeySec                                 0x20000096   Data           1  key.o(.data)
    fr                                       0x20000098   Data           2  key.o(.data)
    numb                                     0x2000009a   Data           2  key.o(.data)
    crr                                      0x2000009c   Data           2  key.o(.data)
    hz                                       0x2000009e   Data           2  key.o(.data)
    Speak_hz                                 0x200000a0   Data           4  key.o(.data)
    cont                                     0x200000a4   Data           2  key.o(.data)
    BPM                                      0x200000b0   Data           4  adc.o(.data)
    Signal                                   0x200000b4   Data           4  adc.o(.data)
    IBI                                      0x200000b8   Data           4  adc.o(.data)
    Pulse                                    0x200000bc   Data           1  adc.o(.data)
    QS                                       0x200000bd   Data           1  adc.o(.data)
    sampleCounter                            0x200000c0   Data           4  adc.o(.data)
    lastBeatTime                             0x200000c4   Data           4  adc.o(.data)
    P                                        0x200000c8   Data           4  adc.o(.data)
    T                                        0x200000cc   Data           4  adc.o(.data)
    thresh                                   0x200000d0   Data           4  adc.o(.data)
    amp                                      0x200000d4   Data           4  adc.o(.data)
    Num                                      0x200000d8   Data           4  adc.o(.data)
    firstBeat                                0x200000dc   Data           1  adc.o(.data)
    secondBeat                               0x200000dd   Data           1  adc.o(.data)
    ADC_ConvertedValue                       0x200000de   Data           2  adc.o(.data)
    POINT_COLOR                              0x200000e0   Data           2  lcd.o(.data)
    BACK_COLOR                               0x200000e2   Data           2  lcd.o(.data)
    DeviceCode                               0x200000e4   Data           2  lcd.o(.data)
    ColorTab                                 0x200000ec   Data          10  test.o(.data)
    Time                                     0x200000f6   Data           1  test.o(.data)
    t                                        0x200000f7   Data           1  test.o(.data)
    USART_RX_BUF                             0x200000f8   Data         200  usart.o(.bss)
    calendar                                 0x200001c0   Data          10  rtc.o(.bss)
    ESP8266_Fram_Record_Struct               0x20004694   Data        1026  esp8266_drive.o(.bss)
    text                                     0x20004a96   Data          10  key.o(.bss)
    rate                                     0x20004aa0   Data          40  adc.o(.bss)
    lcddev                                   0x20004ac8   Data          14  lcd.o(.bss)
    Disp_Hz                                  0x20004ad6   Data          10  test.o(.bss)
    Disp_Duty                                0x20004ae0   Data          10  test.o(.bss)
    Disp_BPM                                 0x20004aea   Data          10  test.o(.bss)
    Disp_IBI                                 0x20004af4   Data          10  test.o(.bss)
    __initial_sp                             0x20004f00   Data           0  startup_stm32f10x_hd.o(STACK)



==============================================================================

Memory Map of the image

  Image Entry point : 0x08000131

  Load Region LR_IROM1 (Base: 0x08000000, Size: 0x000097e0, Max: 0x00080000, ABSOLUTE)

    Execution Region ER_IROM1 (Base: 0x08000000, Size: 0x000096e8, Max: 0x00080000, ABSOLUTE)

    Base Addr    Size         Type   Attr      Idx    E Section Name        Object

    0x08000000   0x00000130   Data   RO            3    RESET               startup_stm32f10x_hd.o
    0x08000130   0x00000000   Code   RO          936  * .ARM.Collect$$$$00000000  mc_w.l(entry.o)
    0x08000130   0x00000004   Code   RO         1214    .ARM.Collect$$$$00000001  mc_w.l(entry2.o)
    0x08000134   0x00000004   Code   RO         1217    .ARM.Collect$$$$00000004  mc_w.l(entry5.o)
    0x08000138   0x00000000   Code   RO         1219    .ARM.Collect$$$$00000008  mc_w.l(entry7b.o)
    0x08000138   0x00000000   Code   RO         1221    .ARM.Collect$$$$0000000A  mc_w.l(entry8b.o)
    0x08000138   0x00000008   Code   RO         1222    .ARM.Collect$$$$0000000B  mc_w.l(entry9a.o)
    0x08000140   0x00000000   Code   RO         1224    .ARM.Collect$$$$0000000D  mc_w.l(entry10a.o)
    0x08000140   0x00000000   Code   RO         1226    .ARM.Collect$$$$0000000F  mc_w.l(entry11a.o)
    0x08000140   0x00000004   Code   RO         1215    .ARM.Collect$$$$00002712  mc_w.l(entry2.o)
    0x08000144   0x00000096   Code   RO          696    .emb_text           port.o
    0x080001da   0x00000002   PAD
    0x080001dc   0x00000024   Code   RO            4    .text               startup_stm32f10x_hd.o
    0x08000200   0x00000160   Code   RO           10    .text               main.o
    0x08000360   0x0000002e   Code   RO          204    .text               stm32f10x_it.o
    0x0800038e   0x00000002   PAD
    0x08000390   0x00000110   Code   RO          227    .text               usart.o
    0x080004a0   0x000001a0   Code   RO          250    .text               driver.o
    0x08000640   0x0000006e   Code   RO          300    .text               tim.o
    0x080006ae   0x00000002   PAD
    0x080006b0   0x000002f0   Code   RO          312    .text               rtc.o
    0x080009a0   0x000000dc   Code   RO          332    .text               misc.o
    0x08000a7c   0x0000044e   Code   RO          344    .text               stm32f10x_adc.o
    0x08000eca   0x00000002   PAD
    0x08000ecc   0x000000c4   Code   RO          356    .text               stm32f10x_bkp.o
    0x08000f90   0x00000254   Code   RO          428    .text               stm32f10x_dma.o
    0x080011e4   0x0000060c   Code   RO          464    .text               stm32f10x_fsmc.o
    0x080017f0   0x0000035c   Code   RO          476    .text               stm32f10x_gpio.o
    0x08001b4c   0x000000cc   Code   RO          512    .text               stm32f10x_pwr.o
    0x08001c18   0x000003a4   Code   RO          524    .text               stm32f10x_rcc.o
    0x08001fbc   0x00000148   Code   RO          538    .text               stm32f10x_rtc.o
    0x08002104   0x00000e1a   Code   RO          574    .text               stm32f10x_tim.o
    0x08002f1e   0x00000002   PAD
    0x08002f20   0x00000408   Code   RO          586    .text               stm32f10x_usart.o
    0x08003328   0x000001e0   Code   RO          620    .text               system_stm32f10x.o
    0x08003508   0x00000fa0   Code   RO          638    .text               tasks.o
    0x080044a8   0x00000094   Code   RO          684    .text               list.o
    0x0800453c   0x000000e8   Code   RO          697    .text               port.o
    0x08004624   0x000001e4   Code   RO          732    .text               heap_4.o
    0x08004808   0x00000074   Code   RO          747    .text               sta_tcpclent_test.o
    0x0800487c   0x000005dc   Code   RO          768    .text               esp8266_drive.o
    0x08004e58   0x00000168   Code   RO          790    .text               esp8266_public.o
    0x08004fc0   0x00000530   Code   RO          805    .text               key.o
    0x080054f0   0x000001d4   Code   RO          834    .text               syn6288.o
    0x080056c4   0x00000378   Code   RO          850    .text               adc.o
    0x08005a3c   0x000009c0   Code   RO          866    .text               gui.o
    0x080063fc   0x000004bc   Code   RO          890    .text               lcd.o
    0x080068b8   0x000008f8   Code   RO          913    .text               test.o
    0x080071b0   0x00000024   Code   RO          941    .text               mc_w.l(memseta.o)
    0x080071d4   0x00000024   Code   RO          943    .text               mc_w.l(strstr.o)
    0x080071f8   0x0000000e   Code   RO          945    .text               mc_w.l(strlen.o)
    0x08007206   0x0000014e   Code   RO         1208    .text               mf_w.l(dadd.o)
    0x08007354   0x00000026   Code   RO         1210    .text               mf_w.l(f2d.o)
    0x0800737a   0x00000038   Code   RO         1212    .text               mf_w.l(d2f.o)
    0x080073b2   0x0000002c   Code   RO         1228    .text               mc_w.l(uidiv.o)
    0x080073de   0x00000062   Code   RO         1230    .text               mc_w.l(uldiv.o)
    0x08007440   0x0000001e   Code   RO         1232    .text               mc_w.l(llshl.o)
    0x0800745e   0x00000024   Code   RO         1234    .text               mc_w.l(llsshr.o)
    0x08007482   0x00000000   Code   RO         1236    .text               mc_w.l(iusefp.o)
    0x08007482   0x0000006e   Code   RO         1237    .text               mf_w.l(fepilogue.o)
    0x080074f0   0x000000ba   Code   RO         1239    .text               mf_w.l(depilogue.o)
    0x080075aa   0x000000e4   Code   RO         1241    .text               mf_w.l(dmul.o)
    0x0800768e   0x000000de   Code   RO         1243    .text               mf_w.l(ddiv.o)
    0x0800776c   0x00000030   Code   RO         1245    .text               mf_w.l(dfixul.o)
    0x0800779c   0x00000030   Code   RO         1247    .text               mf_w.l(cdrcmple.o)
    0x080077cc   0x00000024   Code   RO         1249    .text               mc_w.l(init.o)
    0x080077f0   0x00000020   Code   RO         1251    .text               mc_w.l(llushr.o)
    0x08007810   0x00000020   Code   RO         1180    i.__0printf         mc_w.l(printfa.o)
    0x08007830   0x00000028   Code   RO         1182    i.__0sprintf        mc_w.l(printfa.o)
    0x08007858   0x00000024   Code   RO         1186    i.__0vsprintf       mc_w.l(printfa.o)
    0x0800787c   0x0000000e   Code   RO         1255    i.__scatterload_copy  mc_w.l(handlers.o)
    0x0800788a   0x00000002   Code   RO         1256    i.__scatterload_null  mc_w.l(handlers.o)
    0x0800788c   0x0000000e   Code   RO         1257    i.__scatterload_zeroinit  mc_w.l(handlers.o)
    0x0800789a   0x00000002   PAD
    0x0800789c   0x00000164   Code   RO         1187    i._fp_digits        mc_w.l(printfa.o)
    0x08007a00   0x000006dc   Code   RO         1188    i._printf_core      mc_w.l(printfa.o)
    0x080080dc   0x00000024   Code   RO         1189    i._printf_post_padding  mc_w.l(printfa.o)
    0x08008100   0x0000002e   Code   RO         1190    i._printf_pre_padding  mc_w.l(printfa.o)
    0x0800812e   0x0000000a   Code   RO         1192    i._sputc            mc_w.l(printfa.o)
    0x08008138   0x00000004   Code   RO          939    i.putc              mc_w.l(putc.o)
    0x0800813c   0x0000000c   Data   RO          314    .constdata          rtc.o
    0x08008148   0x000000f0   Data   RO          807    .constdata          key.o
    0x08008238   0x0000148e   Data   RO          867    .constdata          gui.o
    0x080096c6   0x00000002   PAD
    0x080096c8   0x00000020   Data   RO         1253    Region$$Table       anon$$obj.o


    Execution Region RW_IRAM1 (Base: 0x20000000, Size: 0x00004f00, Max: 0x00010000, ABSOLUTE)

    Base Addr    Size         Type   Attr      Idx    E Section Name        Object

    0x20000000   0x00000006   Data   RW          229    .data               usart.o
    0x20000006   0x00000002   Data   RW          315    .data               rtc.o
    0x20000008   0x00000014   Data   RW          525    .data               stm32f10x_rcc.o
    0x2000001c   0x00000014   Data   RW          621    .data               system_stm32f10x.o
    0x20000030   0x0000003c   Data   RW          640    .data               tasks.o
    0x2000006c   0x00000004   Data   RW          698    .data               port.o
    0x20000070   0x00000018   Data   RW          734    .data               heap_4.o
    0x20000088   0x00000007   Data   RW          748    .data               sta_tcpclent_test.o
    0x2000008f   0x00000001   PAD
    0x20000090   0x0000001e   Data   RW          808    .data               key.o
    0x200000ae   0x00000002   PAD
    0x200000b0   0x00000030   Data   RW          852    .data               adc.o
    0x200000e0   0x00000006   Data   RW          892    .data               lcd.o
    0x200000e6   0x00000012   Data   RW          916    .data               test.o
    0x200000f8   0x000000c8   Zero   RW          228    .bss                usart.o
    0x200001c0   0x0000000a   Zero   RW          313    .bss                rtc.o
    0x200001ca   0x00000002   PAD
    0x200001cc   0x000000c8   Zero   RW          639    .bss                tasks.o
    0x20000294   0x00004400   Zero   RW          733    .bss                heap_4.o
    0x20004694   0x00000402   Zero   RW          769    .bss                esp8266_drive.o
    0x20004a96   0x0000000a   Zero   RW          806    .bss                key.o
    0x20004aa0   0x00000028   Zero   RW          851    .bss                adc.o
    0x20004ac8   0x0000000e   Zero   RW          891    .bss                lcd.o
    0x20004ad6   0x00000028   Zero   RW          914    .bss                test.o
    0x20004afe   0x00000002   PAD
    0x20004b00   0x00000400   Zero   RW            1    STACK               startup_stm32f10x_hd.o


==============================================================================

Image component sizes


      Code (inc. data)   RO Data    RW Data    ZI Data      Debug   Object Name

       888         88          0         48         40       3165   adc.o
       416         12          0          0          0     206326   driver.o
      1500        368          0          0       1026       6705   esp8266_drive.o
       360          0          0          0          0       2255   esp8266_public.o
      2496         56       5262          0          0       9626   gui.o
       484         24          0         24      17408       3216   heap_4.o
      1328        164        240         30         10       4705   key.o
      1212         40          0          6         14       6220   lcd.o
       148          0          0          0          0       1790   list.o
       352         64          0          0          0     287688   main.o
       220         22          0          0          0       1713   misc.o
       382         28          0          4          0       6964   port.o
       752         34         12          2         10       3141   rtc.o
       116         46          0          7          0       1265   sta_tcpclent_test.o
        36          8        304          0       1024        824   startup_stm32f10x_hd.o
      1102         26          0          0          0      10953   stm32f10x_adc.o
       196          8          0          0          0       3412   stm32f10x_bkp.o
       596          8          0          0          0       4278   stm32f10x_dma.o
      1548         18          0          0          0       5291   stm32f10x_fsmc.o
       860         38          0          0          0       5649   stm32f10x_gpio.o
        46          0          0          0          0       1083   stm32f10x_it.o
       204         14          0          0          0       1915   stm32f10x_pwr.o
       932         36          0         20          0       8796   stm32f10x_rcc.o
       328          4          0          0          0       2686   stm32f10x_rtc.o
      3610         88          0          0          0      22756   stm32f10x_tim.o
      1032         22          0          0          0       8368   stm32f10x_usart.o
       468         16          0          0          0       1689   syn6288.o
       480         38          0         20          0       1731   system_stm32f10x.o
      4000        260          0         60        200      28235   tasks.o
      2296        658          0         18         40       2965   test.o
       110          0          0          0          0        677   tim.o
       272         18          0          6        200       3044   usart.o

    ----------------------------------------------------------------------
     28780       2206       5852        248      19976     659131   Object Totals
         0          0         32          0          0          0   (incl. Generated)
        10          0          2          3          4          0   (incl. Padding)

    ----------------------------------------------------------------------

      Code (inc. data)   RO Data    RW Data    ZI Data      Debug   Library Member Name

         0          0          0          0          0          0   entry.o
         0          0          0          0          0          0   entry10a.o
         0          0          0          0          0          0   entry11a.o
         8          4          0          0          0          0   entry2.o
         4          0          0          0          0          0   entry5.o
         0          0          0          0          0          0   entry7b.o
         0          0          0          0          0          0   entry8b.o
         8          4          0          0          0          0   entry9a.o
        30          0          0          0          0          0   handlers.o
        36          8          0          0          0         68   init.o
         0          0          0          0          0          0   iusefp.o
        30          0          0          0          0         68   llshl.o
        36          0          0          0          0         68   llsshr.o
        32          0          0          0          0         68   llushr.o
        36          0          0          0          0        108   memseta.o
      2312        102          0          0          0        676   printfa.o
         4          0          0          0          0         68   putc.o
        14          0          0          0          0         68   strlen.o
        36          0          0          0          0         80   strstr.o
        44          0          0          0          0         80   uidiv.o
        98          0          0          0          0         92   uldiv.o
        48          0          0          0          0         68   cdrcmple.o
        56          0          0          0          0         88   d2f.o
       334          0          0          0          0        148   dadd.o
       222          0          0          0          0        100   ddiv.o
       186          0          0          0          0        176   depilogue.o
        48          0          0          0          0         68   dfixul.o
       228          0          0          0          0         96   dmul.o
        38          0          0          0          0         68   f2d.o
       110          0          0          0          0        168   fepilogue.o

    ----------------------------------------------------------------------
      4000        118          0          0          0       2424   Library Totals
         2          0          0          0          0          0   (incl. Padding)

    ----------------------------------------------------------------------

      Code (inc. data)   RO Data    RW Data    ZI Data      Debug   Library Name

      2728        118          0          0          0       1444   mc_w.l
      1270          0          0          0          0        980   mf_w.l

    ----------------------------------------------------------------------
      4000        118          0          0          0       2424   Library Totals

    ----------------------------------------------------------------------

==============================================================================


      Code (inc. data)   RO Data    RW Data    ZI Data      Debug   

     32780       2324       5852        248      19976     656819   Grand Totals
     32780       2324       5852        248      19976     656819   ELF Image Totals
     32780       2324       5852        248          0          0   ROM Totals

==============================================================================

    Total RO  Size (Code + RO Data)                38632 (  37.73kB)
    Total RW  Size (RW Data + ZI Data)             20224 (  19.75kB)
    Total ROM Size (Code + RO Data + RW Data)      38880 (  37.97kB)

==============================================================================

