Component: ARM Compiler 5.06 (build 20) Tool: armlink [4d35a3]

==============================================================================

Section Cross References

    startup_stm32f10x_hd.o(RESET) refers to startup_stm32f10x_hd.o(STACK) for __initial_sp
    startup_stm32f10x_hd.o(RESET) refers to startup_stm32f10x_hd.o(.text) for Reset_Handler
    startup_stm32f10x_hd.o(RESET) refers to stm32f10x_it.o(.text) for NMI_Handler
    startup_stm32f10x_hd.o(RESET) refers to port.o(.emb_text) for SVC_Handler
    startup_stm32f10x_hd.o(RESET) refers to port.o(.text) for SysTick_Handler
    startup_stm32f10x_hd.o(RESET) refers to rtc.o(.text) for RTC_IRQHandler
    startup_stm32f10x_hd.o(RESET) refers to usart.o(.text) for USART1_IRQHandler
    startup_stm32f10x_hd.o(RESET) refers to esp8266_drive.o(.text) for USART2_IRQHandler
    startup_stm32f10x_hd.o(RESET) refers to syn6288.o(.text) for USART3_IRQHandler
    startup_stm32f10x_hd.o(.text) refers to system_stm32f10x.o(.text) for SystemInit
    startup_stm32f10x_hd.o(.text) refers to entry.o(.ARM.Collect$$$$00000000) for __main
    main.o(.text) refers to lcd.o(.text) for LCD_Init
    main.o(.text) refers to test.o(.text) for main_test
    main.o(.text) refers to key.o(.text) for key_scan
    main.o(.text) refers to tasks.o(.text) for vTaskDelay
    main.o(.text) refers to sta_tcpclent_test.o(.text) for ESP8266_STA_TCPClient_Test
    main.o(.text) refers to adc.o(.text) for spend
    main.o(.text) refers to driver.o(.text) for Driver_MCU_Init
    main.o(.text) refers to misc.o(.text) for NVIC_PriorityGroupConfig
    main.o(.text) refers to usart.o(.text) for USART1_Init
    main.o(.text) refers to syn6288.o(.text) for USART3_Init
    main.o(.text) refers to esp8266_drive.o(.text) for ESP8266_Init
    main.o(.text) refers to rtc.o(.text) for RTC_Init
    main.o(.text) refers to key.o(.data) for ucKeySec
    stm32f10x_it.o(.text) refers to stm32f10x_tim.o(.text) for TIM_GetITStatus
    usart.o(.text) refers to stm32f10x_usart.o(.text) for USART_SendData
    usart.o(.text) refers to stm32f10x_rcc.o(.text) for RCC_APB2PeriphClockCmd
    usart.o(.text) refers to stm32f10x_gpio.o(.text) for GPIO_Init
    usart.o(.text) refers to misc.o(.text) for NVIC_Init
    usart.o(.text) refers to usart.o(.bss) for USART_RX_BUF
    usart.o(.text) refers to usart.o(.data) for USART_RX_STA
    driver.o(.text) refers to stm32f10x_rcc.o(.text) for RCC_DeInit
    driver.o(.text) refers to misc.o(.text) for NVIC_Init
    driver.o(.text) refers to stm32f10x_gpio.o(.text) for GPIO_Init
    driver.o(.text) refers to stm32f10x_tim.o(.text) for TIM_TimeBaseInit
    tim.o(.text) refers to misc.o(.text) for NVIC_Init
    tim.o(.text) refers to stm32f10x_rcc.o(.text) for RCC_APB1PeriphClockCmd
    tim.o(.text) refers to stm32f10x_tim.o(.text) for TIM_DeInit
    rtc.o(.text) refers to misc.o(.text) for NVIC_PriorityGroupConfig
    rtc.o(.text) refers to stm32f10x_rcc.o(.text) for RCC_APB1PeriphClockCmd
    rtc.o(.text) refers to stm32f10x_pwr.o(.text) for PWR_BackupAccessCmd
    rtc.o(.text) refers to stm32f10x_bkp.o(.text) for BKP_DeInit
    rtc.o(.text) refers to stm32f10x_rtc.o(.text) for RTC_WaitForSynchro
    rtc.o(.text) refers to stm32f10x_gpio.o(.text) for GPIO_SetBits
    rtc.o(.text) refers to rtc.o(.data) for dayCount
    rtc.o(.text) refers to rtc.o(.bss) for calendar
    rtc.o(.text) refers to rtc.o(.constdata) for mon_table
    stm32f10x_adc.o(.text) refers to stm32f10x_rcc.o(.text) for RCC_APB2PeriphResetCmd
    stm32f10x_bkp.o(.text) refers to stm32f10x_rcc.o(.text) for RCC_BackupResetCmd
    stm32f10x_can.o(.text) refers to stm32f10x_rcc.o(.text) for RCC_APB1PeriphResetCmd
    stm32f10x_cec.o(.text) refers to stm32f10x_rcc.o(.text) for RCC_APB1PeriphResetCmd
    stm32f10x_dac.o(.text) refers to stm32f10x_rcc.o(.text) for RCC_APB1PeriphResetCmd
    stm32f10x_gpio.o(.text) refers to stm32f10x_rcc.o(.text) for RCC_APB2PeriphResetCmd
    stm32f10x_i2c.o(.text) refers to stm32f10x_rcc.o(.text) for RCC_APB1PeriphResetCmd
    stm32f10x_pwr.o(.text) refers to stm32f10x_rcc.o(.text) for RCC_APB1PeriphResetCmd
    stm32f10x_rcc.o(.text) refers to stm32f10x_rcc.o(.data) for APBAHBPrescTable
    stm32f10x_spi.o(.text) refers to stm32f10x_rcc.o(.text) for RCC_APB2PeriphResetCmd
    stm32f10x_tim.o(.text) refers to stm32f10x_rcc.o(.text) for RCC_APB2PeriphResetCmd
    stm32f10x_usart.o(.text) refers to stm32f10x_rcc.o(.text) for RCC_APB2PeriphResetCmd
    stm32f10x_wwdg.o(.text) refers to stm32f10x_rcc.o(.text) for RCC_APB1PeriphResetCmd
    system_stm32f10x.o(.text) refers to system_stm32f10x.o(.data) for SystemCoreClock
    tasks.o(.text) refers to list.o(.text) for vListInitialise
    tasks.o(.text) refers to port.o(.text) for vPortEnterCritical
    tasks.o(.text) refers to heap_4.o(.text) for pvPortMalloc
    tasks.o(.text) refers to tasks.o(.bss) for pxReadyTasksLists
    tasks.o(.text) refers to tasks.o(.data) for pxDelayedTaskList
[...]
    .text                                    0x08001bc8   Section        0  stm32f10x_rcc.o(.text)
    .text                                    0x08001f6c   Section        0  stm32f10x_rtc.o(.text)
    .text                                    0x080020b4   Section        0  stm32f10x_tim.o(.text)
    TI4_Config                               0x0800255b   Thumb Code   130  stm32f10x_tim.o(.text)
    TI3_Config                               0x080025ef   Thumb Code   122  stm32f10x_tim.o(.text)
    TI2_Config                               0x08002683   Thumb Code   130  stm32f10x_tim.o(.text)
    TI1_Config                               0x08002717   Thumb Code   108  stm32f10x_tim.o(.text)
    .text                                    0x08002ed0   Section        0  stm32f10x_usart.o(.text)
    .text                                    0x080032d8   Section        0  system_stm32f10x.o(.text)
    SetSysClockTo72                          0x080032d9   Thumb Code   214  system_stm32f10x.o(.text)
    SetSysClock                              0x080033af   Thumb Code     8  system_stm32f10x.o(.text)
    .text                                    0x080034b8   Section        0  tasks.o(.text)
    prvInitialiseTaskLists                   0x080034b9   Thumb Code    70  tasks.o(.text)
    prvAddNewTaskToReadyList                 0x080034ff   Thumb Code   150  tasks.o(.text)
    prvInitialiseNewTask                     0x08003595   Thumb Code   128  tasks.o(.text)
    prvResetNextTaskUnblockTime              0x08003675   Thumb Code    42  tasks.o(.text)
    prvDeleteTCB                             0x0800369f   Thumb Code    18  tasks.o(.text)
    prvAddCurrentTaskToDelayedList           0x08003961   Thumb Code   124  tasks.o(.text)
    prvTaskIsTaskSuspended                   0x08003c97   Thumb Code    56  tasks.o(.text)
    prvCheckTasksWaitingTermination          0x08003dfb   Thumb Code    86  tasks.o(.text)
    prvIdleTask                              0x08003e51   Thumb Code    32  tasks.o(.text)
    .text                                    0x08004458   Section        0  list.o(.text)
    .text                                    0x080044ec   Section        0  port.o(.text)
    prvTaskExitError                         0x080044ed   Thumb Code    22  port.o(.text)
    .text                                    0x080045d4   Section        0  heap_4.o(.text)
    prvInsertBlockIntoFreeList               0x080045d5   Thumb Code    96  heap_4.o(.text)
    prvHeapInit                              0x08004635   Thumb Code    98  heap_4.o(.text)
    .text                                    0x080047b8   Section        0  sta_tcpclent_test.o(.text)
    .text                                    0x0800482c   Section        0  esp8266_drive.o(.text)
    .text                                    0x08004e08   Section        0  esp8266_public.o(.text)
    itoa                                     0x08004e09   Thumb Code    98  esp8266_public.o(.text)
    .text                                    0x08004f70   Section        0  key.o(.text)
    .text                                    0x080054a0   Section        0  syn6288.o(.text)
    .text                                    0x08005674   Section        0  adc.o(.text)
    ADC1_GPIO_Config                         0x08005675   Thumb Code    42  adc.o(.text)
    ADC1_Mode_Config                         0x0800569f   Thumb Code   210  adc.o(.text)
    .text                                    0x080059e0   Section        0  gui.o(.text)
    .text                                    0x080063a0   Section        0  lcd.o(.text)
    .text                                    0x0800685c   Section        0  test.o(.text)
    .text                                    0x080070ec   Section        0  memseta.o(.text)
    .text                                    0x08007110   Section        0  strstr.o(.text)
    .text                                    0x08007134   Section        0  strlen.o(.text)
    .text                                    0x08007142   Section        0  dadd.o(.text)
    .text                                    0x08007290   Section        0  f2d.o(.text)
    .text                                    0x080072b6   Section        0  d2f.o(.text)
    .text                                    0x080072ee   Section        0  uidiv.o(.text)
    .text                                    0x0800731a   Section        0  uldiv.o(.text)
    .text                                    0x0800737c   Section        0  llshl.o(.text)
    .text                                    0x0800739a   Section        0  llsshr.o(.text)
    .text                                    0x080073be   Section        0  iusefp.o(.text)
    .text                                    0x080073be   Section        0  fepilogue.o(.text)
    .text                                    0x0800742c   Section        0  depilogue.o(.text)
    .text                                    0x080074e6   Section        0  dmul.o(.text)
    .text                                    0x080075ca   Section        0  ddiv.o(.text)
    .text                                    0x080076a8   Section        0  dfixul.o(.text)
    .text                                    0x080076d8   Section       48  cdrcmple.o(.text)
    .text                                    0x08007708   Section       36  init.o(.text)
    .text                                    0x0800772c   Section        0  llushr.o(.text)
    i.__0printf                              0x0800774c   Section        0  printfa.o(i.__0printf)
    i.__0sprintf                             0x0800776c   Section        0  printfa.o(i.__0sprintf)
    i.__0vsprintf                            0x08007794   Section        0  printfa.o(i.__0vsprintf)
    i.__scatterload_copy                     0x080077b8   Section       14  handlers.o(i.__scatterload_copy)
    i.__scatterload_null                     0x080077c6   Section        2  handlers.o(i.__scatterload_null)
    i.__scatterload_zeroinit                 0x080077c8   Section       14  handlers.o(i.__scatterload_zeroinit)
    i._fp_digits                             0x080077d8   Section        0  printfa.o(i._fp_digits)
    _fp_digits                               0x080077d9   Thumb Code   334  printfa.o(i._fp_digits)
    i._printf_core                           0x0800793c   Section        0  printfa.o(i._printf_core)
    _printf_core                             0x0800793d   Thumb Code  1744  printfa.o(i._printf_core)
    i._printf_post_padding                   0x08008018   Section        0  printfa.o(i._printf_post_padding)
    _printf_post_padding                     0x08008019   Thumb Code    36  printfa.o(i._printf_post_padding)
    i._printf_pre_padding                    0x0800803c   Section        0  printfa.o(i._printf_pre_padding)
    _printf_pre_padding                      0x0800803d   Thumb Code    46  printfa.o(i._printf_pre_padding)
    i._sputc                                 0x0800806a   Section        0  printfa.o(i._sputc)
    _sputc                                   0x0800806b   Thumb Code    10  printfa.o(i._sputc)
    i.putc                                   0x08008074   Section        0  putc.o(i.putc)
    .constdata                               0x08008078   Section       12  rtc.o(.constdata)
    .constdata                               0x08008084   Section      240  key.o(.constdata)
    .constdata                               0x08008174   Section     5262  gui.o(.constdata)
    .data                                    0x20000000   Section        6  usart.o(.data)
    .data                                    0x20000006   Section        2  rtc.o(.data)
    dayCount                                 0x20000006   Data           2  rtc.o(.data)
    .data                                    0x20000008   Section       20  stm32f10x_rcc.o(.data)
    APBAHBPrescTable                         0x20000008   Data          16  stm32f10x_rcc.o(.data)
    ADCPrescTable                            0x20000018   Data           4  stm32f10x_rcc.o(.data)
    .data                                    0x2000001c   Section       20  system_stm32f10x.o(.data)
    .data                                    0x20000030   Section       60  tasks.o(.data)
    pxDelayedTaskList                        0x20000034   Data           4  tasks.o(.data)
    pxOverflowDelayedTaskList                0x20000038   Data           4  tasks.o(.data)
    uxDeletedTasksWaitingCleanUp             0x2000003c   Data           4  tasks.o(.data)
    uxCurrentNumberOfTasks                   0x20000040   Data           4  tasks.o(.data)
    xTickCount                               0x20000044   Data           4  tasks.o(.data)
    uxTopReadyPriority                       0x20000048   Data           4  tasks.o(.data)
    xSchedulerRunning                        0x2000004c   Data           4  tasks.o(.data)
    uxPendedTicks                            0x20000050   Data           4  tasks.o(.data)
    xYieldPending                            0x20000054   Data           4  tasks.o(.data)
    xNumOfOverflows                          0x20000058   Data           4  tasks.o(.data)
    uxTaskNumber                             0x2000005c   Data           4  tasks.o(.data)
    xNextTaskUnblockTime                     0x20000060   Data           4  tasks.o(.data)
    xIdleTaskHandle                          0x20000064   Data           4  tasks.o(.data)
    uxSchedulerSuspended                     0x20000068   Data           4  tasks.o(.data)
    .data                                    0x2000006c   Section        4  port.o(.data)
    uxCriticalNesting                        0x2000006c   Data           4  port.o(.data)
    .data                                    0x20000070   Section       24  heap_4.o(.data)
    xStart                                   0x20000070   Data           8  heap_4.o(.data)
    pxEnd                                    0x20000078   Data           4  heap_4.o(.data)
    xFreeBytesRemaining                      0x2000007c   Data           4  heap_4.o(.data)
    xMinimumEverFreeBytesRemaining           0x20000080   Data           4  heap_4.o(.data)
    xBlockAllocatedBit                       0x20000084   Data           4  heap_4.o(.data)
    .data                                    0x20000088   Section        7  sta_tcpclent_test.o(.data)
    ucKeyLock1                               0x20000088   Data           1  sta_tcpclent_test.o(.data)
    ucKeyLock2                               0x20000089   Data           1  sta_tcpclent_test.o(.data)
    ucKeyLock3                               0x2000008a   Data           1  sta_tcpclent_test.o(.data)
    ucKeyLock4                               0x2000008b   Data           1  sta_tcpclent_test.o(.data)
    ucKeyLock5                               0x2000008c   Data           1  sta_tcpclent_test.o(.data)
    ucKeyLock6                               0x2000008d   Data           1  sta_tcpclent_test.o(.data)
    .data                                    0x20000090   Section       30  key.o(.data)
    ucKeyLock1                               0x20000090   Data           1  key.o(.data)
    ucKeyLock2                               0x20000091   Data           1  key.o(.data)
    ucKeyLock3                               0x20000092   Data           1  key.o(.data)
    ucKeyLock4                               0x20000093   Data           1  key.o(.data)
    ucKeyLock5                               0x20000094   Data           1  key.o(.data)
    ucKeyLock6                               0x20000095   Data           1  key.o(.data)
    StartFlag                                0x200000a6   Data           1  key.o(.data)
    StartFlag                                0x200000a7   Data           1  key.o(.data)
    StartFlag                                0x200000a8   Data           1  key.o(.data)
    StartFlag                                0x200000a9   Data           1  key.o(.data)
    StartFlag                                0x200000aa   Data           1  key.o(.data)
    StartFlag                                0x200000ab   Data           1  key.o(.data)
    Cuty_cont                                0x200000ac   Data           2  key.o(.data)
    .data                                    0x200000b0   Section       48  adc.o(.data)
    .data                                    0x200000e0   Section        6  lcd.o(.data)
    .data                                    0x200000e6   Section       18  test.o(.data)
    ucKeyLock1                               0x200000e6   Data           1  test.o(.data)
    ucKeyLock2                               0x200000e7   Data           1  test.o(.data)
    ucKeyLock3                               0x200000e8   Data           1  test.o(.data)
    ucKeyLock4                               0x200000e9   Data           1  test.o(.data)
    ucKeyLock5                               0x200000ea   Data           1  test.o(.data)
    ucKeyLock6                               0x200000eb   Data           1  test.o(.data)
    .bss                                     0x200000f8   Section      200  usart.o(.bss)
    .bss                                     0x200001c0   Section       10  rtc.o(.bss)
    .bss                                     0x200001cc   Section      200  tasks.o(.bss)
    pxReadyTasksLists                        0x200001cc   Data         100  tasks.o(.bss)
    xDelayedTaskList1                        0x20000230   Data          20  tasks.o(.bss)
    xDelayedTaskList2                        0x20000244   Data          20  tasks.o(.bss)
    xPendingReadyList                        0x20000258   Data          20  tasks.o(.bss)
    xTasksWaitingTermination                 0x2000026c   Data          20  tasks.o(.bss)
    xSuspendedTaskList                       0x20000280   Data          20  tasks.o(.bss)
    .bss                                     0x20000294   Section    17408  heap_4.o(.bss)
    ucHeap                                   0x20000294   Data       17408  heap_4.o(.bss)
    .bss                                     0x20004694   Section     1026  esp8266_drive.o(.bss)
    .bss                                     0x20004a96   Section       10  key.o(.bss)
    .bss                                     0x20004aa0   Section       40  adc.o(.bss)
    .bss                                     0x20004ac8   Section       14  lcd.o(.bss)
    .bss                                     0x20004ad6   Section       20  test.o(.bss)
    STACK                                    0x20004af0   Section     1024  startup_stm32f10x_hd.o(STACK)

    Global Symbols

    Symbol Name                              Value     Ov Type        Size  Object(Section)

    BuildAttributes$$THM_ISAv4$P$D$K$B$S$PE$A:L22UL41UL21$X:L11$S22US41US21$IEEE1$IW$USESV6$~STKCKD$USESV7$~SHL$OTIME$ROPI$EBA8$MICROLIB$REQ8$PRES8$EABIv2 0x00000000   Number         0  anon$$obj.o ABSOLUTE
    __ARM_use_no_argv                        0x00000000   Number         0  main.o ABSOLUTE
    _printf_a                                0x00000000   Number         0  stubs.o ABSOLUTE
    _printf_c                                0x00000000   Number         0  stubs.o ABSOLUTE
    _printf_charcount                        0x00000000   Number         0  stubs.o ABSOLUTE
    _printf_d                                0x00000000   Number         0  stubs.o ABSOLUTE
    _printf_e                                0x00000000   Number         0  stubs.o ABSOLUTE
    _printf_f                                0x00000000   Number         0  stubs.o ABSOLUTE
    _printf_flags                            0x00000000   Number         0  stubs.o ABSOLUTE
    _printf_fp_dec                           0x00000000   Number         0  stubs.o ABSOLUTE
    _printf_fp_hex                           0x00000000   Number         0  stubs.o ABSOLUTE
    _printf_g                                0x00000000   Number         0  stubs.o ABSOLUTE
    _printf_i                                0x00000000   Number         0  stubs.o ABSOLUTE
    _printf_int_dec                          0x00000000   Number         0  stubs.o ABSOLUTE
    _printf_l                                0x00000000   Number         0  stubs.o ABSOLUTE
    _printf_lc                               0x00000000   Number         0  stubs.o ABSOLUTE
    _printf_ll                               0x00000000   Number         0  stubs.o ABSOLUTE
    _printf_lld                              0x00000000   Number         0  stubs.o ABSOLUTE
    _printf_lli                              0x00000000   Number         0  stubs.o ABSOLUTE
    _printf_llo                              0x00000000   Number         0  stubs.o ABSOLUTE
    _printf_llu                              0x00000000   Number         0  stubs.o ABSOLUTE
    _printf_llx                              0x00000000   Number         0  stubs.o ABSOLUTE
    _printf_longlong_dec                     0x00000000   Number         0  stubs.o ABSOLUTE
    _printf_longlong_hex                     0x00000000   Number         0  stubs.o ABSOLUTE
    _printf_longlong_oct                     0x00000000   Number         0  stubs.o ABSOLUTE
    _printf_ls                               0x00000000   Number         0  stubs.o ABSOLUTE
    _printf_mbtowc                           0x00000000   Number         0  stubs.o ABSOLUTE
    _printf_n                                0x00000000   Number         0  stubs.o ABSOLUTE
    _printf_o                                0x00000000   Number         0  stubs.o ABSOLUTE
    _printf_p                                0x00000000   Number         0  stubs.o ABSOLUTE
    _printf_percent                          0x00000000   Number         0  stubs.o ABSOLUTE
    _printf_pre_padding                      0x00000000   Number         0  stubs.o ABSOLUTE
    _printf_return_value                     0x00000000   Number         0  stubs.o ABSOLUTE
    _printf_s                                0x00000000   Number         0  stubs.o ABSOLUTE
    _printf_sizespec                         0x00000000   Number         0  stubs.o ABSOLUTE
    _printf_str                              0x00000000   Number         0  stubs.o ABSOLUTE
    _printf_truncate_signed                  0x00000000   Number         0  stubs.o ABSOLUTE
    _printf_truncate_unsigned                0x00000000   Number         0  stubs.o ABSOLUTE
    _printf_u                                0x00000000   Number         0  stubs.o ABSOLUTE
    _printf_wc                               0x00000000   Number         0  stubs.o ABSOLUTE
    _printf_wctomb                           0x00000000   Number         0  stubs.o ABSOLUTE
    _printf_widthprec                        0x00000000   Number         0  stubs.o ABSOLUTE
    _printf_x                                0x00000000   Number         0  stubs.o ABSOLUTE
    __cpp_initialize__aeabi_                  - Undefined Weak Reference
    __cxa_finalize                            - Undefined Weak Reference
    __decompress                              - Undefined Weak Reference
    _clock_init                               - Undefined Weak Reference
    _microlib_exit                            - Undefined Weak Reference
    __Vectors_Size                           0x00000130   Number         0  startup_stm32f10x_hd.o ABSOLUTE
    __Vectors                                0x08000000   Data           4  startup_stm32f10x_hd.o(RESET)
    __Vectors_End                            0x08000130   Data           0  startup_stm32f10x_hd.o(RESET)
    __main                                   0x08000131   Thumb Code     0  entry.o(.ARM.Collect$$$$00000000)
    _main_stk                                0x08000131   Thumb Code     0  entry2.o(.ARM.Collect$$$$00000001)
    _main_scatterload                        0x08000135   Thumb Code     0  entry5.o(.ARM.Collect$$$$00000004)
    __main_after_scatterload                 0x08000139   Thumb Code     0  entry5.o(.ARM.Collect$$$$00000004)
    _main_clock                              0x08000139   Thumb Code     0  entry7b.o(.ARM.Collect$$$$00000008)
    _main_cpp_init                           0x08000139   Thumb Code     0  entry8b.o(.ARM.Collect$$$$0000000A)
    _main_init                               0x08000139   Thumb Code     0  entry9a.o(.ARM.Collect$$$$0000000B)
    __rt_final_cpp                           0x08000141   Thumb Code     0  entry10a.o(.ARM.Collect$$$$0000000D)
    __rt_final_exit                          0x08000141   Thumb Code     0  entry11a.o(.ARM.Collect$$$$0000000F)
    SVC_Handler                              0x08000145   Thumb Code    32  port.o(.emb_text)
    __asm___6_port_c_39a90d8d__prvStartFirstTask 0x08000169   Thumb Code    28  port.o(.emb_text)
    PendSV_Handler                           0x08000189   Thumb Code    72  port.o(.emb_text)
    vPortGetIPSR                             0x080001d5   Thumb Code     6  port.o(.emb_text)
    Reset_Handler                            0x080001dd   Thumb Code     8  startup_stm32f10x_hd.o(.text)
    ADC1_2_IRQHandler                        0x080001f7   Thumb Code     0  startup_stm32f10x_hd.o(.text)
    ADC3_IRQHandler                          0x080001f7   Thumb Code     0  startup_stm32f10x_hd.o(.text)
    CAN1_RX1_IRQHandler                      0x080001f7   Thumb Code     0  startup_stm32f10x_hd.o(.text)
    CAN1_SCE_IRQHandler                      0x080001f7   Thumb Code     0  startup_stm32f10x_hd.o(.text)
    DMA1_Channel1_IRQHandler                 0x080001f7   Thumb Code     0  startup_stm32f10x_hd.o(.text)
    DMA1_Channel2_IRQHandler                 0x080001f7   Thumb Code     0  startup_stm32f10x_hd.o(.text)
    DMA1_Channel3_IRQHandler                 0x080001f7   Thumb Code     0  startup_stm32f10x_hd.o(.text)
    DMA1_Channel4_IRQHandler                 0x080001f7   Thumb Code     0  startup_stm32f10x_hd.o(.text)
    DMA1_Channel5_IRQHandler                 0x080001f7   Thumb Code     0  startup_stm32f10x_hd.o(.text)
    DMA1_Channel6_IRQHandler                 0x080001f7   Thumb Code     0  startup_stm32f10x_hd.o(.text)
    DMA1_Channel7_IRQHandler                 0x080001f7   Thumb Code     0  startup_stm32f10x_hd.o(.text)
    DMA2_Channel1_IRQHandler                 0x080001f7   Thumb Code     0  startup_stm32f10x_hd.o(.text)
    DMA2_Channel2_IRQHandler                 0x080001f7   Thumb Code     0  startup_stm32f10x_hd.o(.text)
    DMA2_Channel3_IRQHandler                 0x080001f7   Thumb Code     0  startup_stm32f10x_hd.o(.text)
    DMA2_Channel4_5_IRQHandler               0x080001f7   Thumb Code     0  startup_stm32f10x_hd.o(.text)
    EXTI0_IRQHandler                         0x080001f7   Thumb Code     0  startup_stm32f10x_hd.o(.text)
    EXTI15_10_IRQHandler                     0x080001f7   Thumb Code     0  startup_stm32f10x_hd.o(.text)
    EXTI1_IRQHandler                         0x080001f7   Thumb Code     0  startup_stm32f10x_hd.o(.text)
    EXTI2_IRQHandler                         0x080001f7   Thumb Code     0  startup_stm32f10x_hd.o(.text)
    EXTI3_IRQHandler                         0x080001f7   Thumb Code     0  startup_stm32f10x_hd.o(.text)
    EXTI4_IRQHandler                         0x080001f7   Thumb Code     0  startup_stm32f10x_hd.o(.text)
    EXTI9_5_IRQHandler                       0x080001f7   Thumb Code     0  startup_stm32f10x_hd.o(.text)
    FLASH_IRQHandler                         0x080001f7   Thumb Code     0  startup_stm32f10x_hd.o(.text)
    FSMC_IRQHandler                          0x080001f7   Thumb Code     0  startup_stm32f10x_hd.o(.text)
    I2C1_ER_IRQHandler                       0x080001f7   Thumb Code     0  startup_stm32f10x_hd.o(.text)
    I2C1_EV_IRQHandler                       0x080001f7   Thumb Code     0  startup_stm32f10x_hd.o(.text)
    I2C2_ER_IRQHandler                       0x080001f7   Thumb Code     0  startup_stm32f10x_hd.o(.text)
    I2C2_EV_IRQHandler                       0x080001f7   Thumb Code     0  startup_stm32f10x_hd.o(.text)
    PVD_IRQHandler                           0x080001f7   Thumb Code     0  startup_stm32f10x_hd.o(.text)
    RCC_IRQHandler                           0x080001f7   Thumb Code     0  startup_stm32f10x_hd.o(.text)
    RTCAlarm_IRQHandler                      0x080001f7   Thumb Code     0  startup_stm32f10x_hd.o(.text)
    SDIO_IRQHandler                          0x080001f7   Thumb Code     0  startup_stm32f10x_hd.o(.text)
    SPI1_IRQHandler                          0x080001f7   Thumb Code     0  startup_stm32f10x_hd.o(.text)
    SPI2_IRQHandler                          0x080001f7   Thumb Code     0  startup_stm32f10x_hd.o(.text)
    SPI3_IRQHandler                          0x080001f7   Thumb Code     0  startup_stm32f10x_hd.o(.text)
    TAMPER_IRQHandler                        0x080001f7   Thumb Code     0  startup_stm32f10x_hd.o(.text)
    TIM1_BRK_IRQHandler                      0x080001f7   Thumb Code     0  startup_stm32f10x_hd.o(.text)
    TIM1_CC_IRQHandler                       0x080001f7   Thumb Code     0  startup_stm32f10x_hd.o(.text)
    TIM1_TRG_COM_IRQHandler                  0x080001f7   Thumb Code     0  startup_stm32f10x_hd.o(.text)
    TIM1_UP_IRQHandler                       0x080001f7   Thumb Code     0  startup_stm32f10x_hd.o(.text)
    TIM3_IRQHandler                          0x080001f7   Thumb Code     0  startup_stm32f10x_hd.o(.text)
    TIM4_IRQHandler                          0x080001f7   Thumb Code     0  startup_stm32f10x_hd.o(.text)
    TIM5_IRQHandler                          0x080001f7   Thumb Code     0  startup_stm32f10x_hd.o(.text)
    TIM6_IRQHandler                          0x080001f7   Thumb Code     0  startup_stm32f10x_hd.o(.text)
    TIM7_IRQHandler                          0x080001f7   Thumb Code     0  startup_stm32f10x_hd.o(.text)
    TIM8_BRK_IRQHandler                      0x080001f7   Thumb Code     0  startup_stm32f10x_hd.o(.text)
    TIM8_CC_IRQHandler                       0x080001f7   Thumb Code     0  startup_stm32f10x_hd.o(.text)
    TIM8_TRG_COM_IRQHandler                  0x080001f7   Thumb Code     0  startup_stm32f10x_hd.o(.text)
    TIM8_UP_IRQHandler                       0x080001f7   Thumb Code     0  startup_stm32f10x_hd.o(.text)
    UART4_IRQHandler                         0x080001f7   Thumb Code     0  startup_stm32f10x_hd.o(.text)
    UART5_IRQHandler                         0x080001f7   Thumb Code     0  startup_stm32f10x_hd.o(.text)
    USBWakeUp_IRQHandler                     0x080001f7   Thumb Code     0  startup_stm32f10x_hd.o(.text)
    USB_HP_CAN1_TX_IRQHandler                0x080001f7   Thumb Code     0  startup_stm32f10x_hd.o(.text)
    USB_LP_CAN1_RX0_IRQHandler               0x080001f7   Thumb Code     0  startup_stm32f10x_hd.o(.text)
    WWDG_IRQHandler                          0x080001f7   Thumb Code     0  startup_stm32f10x_hd.o(.text)
    GUI                                      0x08000201   Thumb Code    12  main.o(.text)
    Key_Scan                                 0x0800020d   Thumb Code    24  main.o(.text)
    ESP8266_Link                             0x08000225   Thumb Code    14  main.o(.text)
    BMP_Test                                 0x08000233   Thumb Code    14  main.o(.text)
    ADC_Re                                   0x08000241   Thumb Code    14  main.o(.text)
    Spend_all                                0x0800024f   Thumb Code    34  main.o(.text)
    main                                     0x08000271   Thumb Code   204  main.o(.text)
    NMI_Handler                              0x08000385   Thumb Code     2  stm32f10x_it.o(.text)
    HardFault_Handler                        0x08000387   Thumb Code     4  stm32f10x_it.o(.text)
    MemManage_Handler                        0x0800038b   Thumb Code     4  stm32f10x_it.o(.text)
    BusFault_Handler                         0x0800038f   Thumb Code     4  stm32f10x_it.o(.text)
    UsageFault_Handler                       0x08000393   Thumb Code     4  stm32f10x_it.o(.text)
    DebugMon_Handler                         0x08000397   Thumb Code     2  stm32f10x_it.o(.text)
    TIM2_IRQHandler                          0x08000399   Thumb Code    22  stm32f10x_it.o(.text)
    _sys_exit                                0x080003b1   Thumb Code     4  usart.o(.text)
    fputc                                    0x080003b5   Thumb Code    32  usart.o(.text)
    USART1_Init                              0x080003d5   Thumb Code   152  usart.o(.text)
    USART1_IRQHandler                        0x0800046d   Thumb Code    66  usart.o(.text)
    Driver_MCU_Init                          0x080004c1   Thumb Code   162  driver.o(.text)
    Driver_OpenEA                            0x08000563   Thumb Code     4  driver.o(.text)
    TIM3_PWM_Init                            0x08000567   Thumb Code   238  driver.o(.text)
    NVIC_Configuration                       0x08000661   Thumb Code    40  rtc.o(.text)
    RTC_Configuration                        0x08000689   Thumb Code    88  rtc.o(.text)
    Is_Leap_Year                             0x080006e1   Thumb Code    58  rtc.o(.text)
    RTC_Get                                  0x0800071b   Thumb Code   220  rtc.o(.text)
    RTC_Set                                  0x080007f7   Thumb Code   172  rtc.o(.text)
    RTC_Init                                 0x080008a3   Thumb Code   100  rtc.o(.text)
    RTC_IRQHandler                           0x08000907   Thumb Code    40  rtc.o(.text)
    NVIC_PriorityGroupConfig                 0x08000951   Thumb Code    10  misc.o(.text)
    NVIC_Init                                0x0800095b   Thumb Code   100  misc.o(.text)
    NVIC_SetVectorTable                      0x080009bf   Thumb Code    14  misc.o(.text)
    NVIC_SystemLPConfig                      0x080009cd   Thumb Code    34  misc.o(.text)
    SysTick_CLKSourceConfig                  0x080009ef   Thumb Code    40  misc.o(.text)
    ADC_DeInit                               0x08000a2d   Thumb Code    78  stm32f10x_adc.o(.text)
    ADC_Init                                 0x08000a7b   Thumb Code    70  stm32f10x_adc.o(.text)
    ADC_StructInit                           0x08000ac1   Thumb Code    18  stm32f10x_adc.o(.text)
    ADC_Cmd                                  0x08000ad3   Thumb Code    22  stm32f10x_adc.o(.text)
    ADC_DMACmd                               0x08000ae9   Thumb Code    22  stm32f10x_adc.o(.text)
    ADC_ITConfig                             0x08000aff   Thumb Code    24  stm32f10x_adc.o(.text)
    ADC_ResetCalibration                     0x08000b17   Thumb Code    10  stm32f10x_adc.o(.text)
    ADC_GetResetCalibrationStatus            0x08000b21   Thumb Code    20  stm32f10x_adc.o(.text)
    ADC_StartCalibration                     0x08000b35   Thumb Code    10  stm32f10x_adc.o(.text)
    ADC_GetCalibrationStatus                 0x08000b3f   Thumb Code    20  stm32f10x_adc.o(.text)
    ADC_SoftwareStartConvCmd                 0x08000b53   Thumb Code    22  stm32f10x_adc.o(.text)
    ADC_GetSoftwareStartConvStatus           0x08000b69   Thumb Code    20  stm32f10x_adc.o(.text)
    ADC_DiscModeChannelCountConfig           0x08000b7d   Thumb Code    24  stm32f10x_adc.o(.text)
    ADC_DiscModeCmd                          0x08000b95   Thumb Code    22  stm32f10x_adc.o(.text)
    ADC_RegularChannelConfig                 0x08000bab   Thumb Code   184  stm32f10x_adc.o(.text)
    ADC_ExternalTrigConvCmd                  0x08000c63   Thumb Code    22  stm32f10x_adc.o(.text)
    ADC_GetConversionValue                   0x08000c79   Thumb Code     8  stm32f10x_adc.o(.text)
    ADC_GetDualModeConversionValue           0x08000c81   Thumb Code     8  stm32f10x_adc.o(.text)
    ADC_AutoInjectedConvCmd                  0x08000c89   Thumb Code    22  stm32f10x_adc.o(.text)
    ADC_InjectedDiscModeCmd                  0x08000c9f   Thumb Code    22  stm32f10x_adc.o(.text)
    ADC_ExternalTrigInjectedConvConfig       0x08000cb5   Thumb Code    16  stm32f10x_adc.o(.text)
    ADC_ExternalTrigInjectedConvCmd          0x08000cc5   Thumb Code    22  stm32f10x_adc.o(.text)
    ADC_SoftwareStartInjectedConvCmd         0x08000cdb   Thumb Code    22  stm32f10x_adc.o(.text)
    ADC_GetSoftwareStartInjectedConvCmdStatus 0x08000cf1   Thumb Code    20  stm32f10x_adc.o(.text)
    ADC_InjectedChannelConfig                0x08000d05   Thumb Code   130  stm32f10x_adc.o(.text)
    ADC_InjectedSequencerLengthConfig        0x08000d87   Thumb Code    24  stm32f10x_adc.o(.text)
    ADC_SetInjectedOffset                    0x08000d9f   Thumb Code    20  stm32f10x_adc.o(.text)
    ADC_GetInjectedConversionValue           0x08000db3   Thumb Code    28  stm32f10x_adc.o(.text)
    ADC_AnalogWatchdogCmd                    0x08000dcf   Thumb Code    16  stm32f10x_adc.o(.text)
    ADC_AnalogWatchdogThresholdsConfig       0x08000ddf   Thumb Code     6  stm32f10x_adc.o(.text)
    ADC_AnalogWatchdogSingleChannelConfig    0x08000de5   Thumb Code    16  stm32f10x_adc.o(.text)
    ADC_TempSensorVrefintCmd                 0x08000df5   Thumb Code    64  stm32f10x_adc.o(.text)
    ADC_GetFlagStatus                        0x08000e35   Thumb Code    18  stm32f10x_adc.o(.text)
    ADC_ClearFlag                            0x08000e47   Thumb Code     6  stm32f10x_adc.o(.text)
    ADC_GetITStatus                          0x08000e4d   Thumb Code    36  stm32f10x_adc.o(.text)
    ADC_ClearITPendingBit                    0x08000e71   Thumb Code    10  stm32f10x_adc.o(.text)
    BKP_DeInit                               0x08000e7d   Thumb Code    16  stm32f10x_bkp.o(.text)
    BKP_TamperPinLevelConfig                 0x08000e8d   Thumb Code     6  stm32f10x_bkp.o(.text)
    BKP_TamperPinCmd                         0x08000e93   Thumb Code     8  stm32f10x_bkp.o(.text)
    BKP_ITConfig                             0x08000e9b   Thumb Code     8  stm32f10x_bkp.o(.text)
    BKP_RTCOutputConfig                      0x08000ea3   Thumb Code    22  stm32f10x_bkp.o(.text)
    BKP_SetRTCCalibrationValue               0x08000eb9   Thumb Code    22  stm32f10x_bkp.o(.text)
    BKP_WriteBackupRegister                  0x08000ecf   Thumb Code    24  stm32f10x_bkp.o(.text)
    BKP_ReadBackupRegister                   0x08000ee7   Thumb Code    26  stm32f10x_bkp.o(.text)
    BKP_GetFlagStatus                        0x08000f01   Thumb Code    10  stm32f10x_bkp.o(.text)
    BKP_ClearFlag                            0x08000f0b   Thumb Code    18  stm32f10x_bkp.o(.text)
    BKP_GetITStatus                          0x08000f1d   Thumb Code    10  stm32f10x_bkp.o(.text)
    BKP_ClearITPendingBit                    0x08000f27   Thumb Code    18  stm32f10x_bkp.o(.text)
    DMA_DeInit                               0x08000f41   Thumb Code   324  stm32f10x_dma.o(.text)
    DMA_Init                                 0x08001085   Thumb Code    60  stm32f10x_dma.o(.text)
    DMA_StructInit                           0x080010c1   Thumb Code    26  stm32f10x_dma.o(.text)
    DMA_Cmd                                  0x080010db   Thumb Code    24  stm32f10x_dma.o(.text)
    DMA_ITConfig                             0x080010f3   Thumb Code    18  stm32f10x_dma.o(.text)
    DMA_SetCurrDataCounter                   0x08001105   Thumb Code     4  stm32f10x_dma.o(.text)
    DMA_GetCurrDataCounter                   0x08001109   Thumb Code     8  stm32f10x_dma.o(.text)
    DMA_GetFlagStatus                        0x08001111   Thumb Code    40  stm32f10x_dma.o(.text)
    DMA_ClearFlag                            0x08001139   Thumb Code    22  stm32f10x_dma.o(.text)
    DMA_GetITStatus                          0x0800114f   Thumb Code    40  stm32f10x_dma.o(.text)
    DMA_ClearITPendingBit                    0x08001177   Thumb Code    22  stm32f10x_dma.o(.text)
    FSMC_NORSRAMDeInit                       0x08001195   Thumb Code    54  stm32f10x_fsmc.o(.text)
    FSMC_NANDDeInit                          0x080011cb   Thumb Code    62  stm32f10x_fsmc.o(.text)
    FSMC_PCCARDDeInit                        0x08001209   Thumb Code    36  stm32f10x_fsmc.o(.text)
    FSMC_NORSRAMInit                         0x0800122d   Thumb Code   230  stm32f10x_fsmc.o(.text)
    FSMC_NANDInit                            0x08001313   Thumb Code   132  stm32f10x_fsmc.o(.text)
    FSMC_PCCARDInit                          0x08001397   Thumb Code   130  stm32f10x_fsmc.o(.text)
    FSMC_NORSRAMStructInit                   0x08001419   Thumb Code   114  stm32f10x_fsmc.o(.text)
    FSMC_NANDStructInit                      0x0800148b   Thumb Code    54  stm32f10x_fsmc.o(.text)
    FSMC_PCCARDStructInit                    0x080014c1   Thumb Code    60  stm32f10x_fsmc.o(.text)
    FSMC_NORSRAMCmd                          0x080014fd   Thumb Code    46  stm32f10x_fsmc.o(.text)
    FSMC_NANDCmd                             0x0800152b   Thumb Code    86  stm32f10x_fsmc.o(.text)
    FSMC_PCCARDCmd                           0x08001581   Thumb Code    44  stm32f10x_fsmc.o(.text)
    FSMC_NANDECCCmd                          0x080015ad   Thumb Code    90  stm32f10x_fsmc.o(.text)
    FSMC_GetECC                              0x08001607   Thumb Code    24  stm32f10x_fsmc.o(.text)
    FSMC_ITConfig                            0x0800161f   Thumb Code   128  stm32f10x_fsmc.o(.text)
    FSMC_GetFlagStatus                       0x0800169f   Thumb Code    54  stm32f10x_fsmc.o(.text)
    FSMC_ClearFlag                           0x080016d5   Thumb Code    62  stm32f10x_fsmc.o(.text)
    FSMC_GetITStatus                         0x08001713   Thumb Code    64  stm32f10x_fsmc.o(.text)
    FSMC_ClearITPendingBit                   0x08001753   Thumb Code    68  stm32f10x_fsmc.o(.text)
    GPIO_DeInit                              0x080017a1   Thumb Code   172  stm32f10x_gpio.o(.text)
    GPIO_AFIODeInit                          0x0800184d   Thumb Code    20  stm32f10x_gpio.o(.text)
    GPIO_Init                                0x08001861   Thumb Code   278  stm32f10x_gpio.o(.text)
    GPIO_StructInit                          0x08001977   Thumb Code    16  stm32f10x_gpio.o(.text)
    GPIO_ReadInputDataBit                    0x08001987   Thumb Code    18  stm32f10x_gpio.o(.text)
    GPIO_ReadInputData                       0x08001999   Thumb Code     8  stm32f10x_gpio.o(.text)
    GPIO_ReadOutputDataBit                   0x080019a1   Thumb Code    18  stm32f10x_gpio.o(.text)
    GPIO_ReadOutputData                      0x080019b3   Thumb Code     8  stm32f10x_gpio.o(.text)
    GPIO_SetBits                             0x080019bb   Thumb Code     4  stm32f10x_gpio.o(.text)
    GPIO_ResetBits                           0x080019bf   Thumb Code     4  stm32f10x_gpio.o(.text)
    GPIO_WriteBit                            0x080019c3   Thumb Code    10  stm32f10x_gpio.o(.text)
    GPIO_Write                               0x080019cd   Thumb Code     4  stm32f10x_gpio.o(.text)
    GPIO_PinLockConfig                       0x080019d1   Thumb Code    18  stm32f10x_gpio.o(.text)
    GPIO_EventOutputConfig                   0x080019e3   Thumb Code    26  stm32f10x_gpio.o(.text)
    GPIO_EventOutputCmd                      0x080019fd   Thumb Code     6  stm32f10x_gpio.o(.text)
    GPIO_PinRemapConfig                      0x08001a03   Thumb Code   138  stm32f10x_gpio.o(.text)
    GPIO_EXTILineConfig                      0x08001a8d   Thumb Code    66  stm32f10x_gpio.o(.text)
    GPIO_ETH_MediaInterfaceConfig            0x08001acf   Thumb Code     8  stm32f10x_gpio.o(.text)
    PWR_DeInit                               0x08001afd   Thumb Code    22  stm32f10x_pwr.o(.text)
    PWR_BackupAccessCmd                      0x08001b13   Thumb Code     6  stm32f10x_pwr.o(.text)
    PWR_PVDCmd                               0x08001b19   Thumb Code     6  stm32f10x_pwr.o(.text)
    PWR_PVDLevelConfig                       0x08001b1f   Thumb Code    18  stm32f10x_pwr.o(.text)
    PWR_WakeUpPinCmd                         0x08001b31   Thumb Code     8  stm32f10x_pwr.o(.text)
    PWR_EnterSTOPMode                        0x08001b39   Thumb Code    54  stm32f10x_pwr.o(.text)
    PWR_EnterSTANDBYMode                     0x08001b6f   Thumb Code    42  stm32f10x_pwr.o(.text)
    PWR_GetFlagStatus                        0x08001b99   Thumb Code    20  stm32f10x_pwr.o(.text)
    PWR_ClearFlag                            0x08001bad   Thumb Code    14  stm32f10x_pwr.o(.text)
    RCC_DeInit                               0x08001bc9   Thumb Code    64  stm32f10x_rcc.o(.text)
    RCC_HSEConfig                            0x08001c09   Thumb Code    70  stm32f10x_rcc.o(.text)
    RCC_GetFlagStatus                        0x08001c4f   Thumb Code    56  stm32f10x_rcc.o(.text)
    RCC_WaitForHSEStartUp                    0x08001c87   Thumb Code    56  stm32f10x_rcc.o(.text)
    RCC_AdjustHSICalibrationValue            0x08001cbf   Thumb Code    20  stm32f10x_rcc.o(.text)
    RCC_HSICmd                               0x08001cd3   Thumb Code     6  stm32f10x_rcc.o(.text)
    RCC_PLLConfig                            0x08001cd9   Thumb Code    24  stm32f10x_rcc.o(.text)
    RCC_PLLCmd                               0x08001cf1   Thumb Code     6  stm32f10x_rcc.o(.text)
    RCC_SYSCLKConfig                         0x08001cf7   Thumb Code    18  stm32f10x_rcc.o(.text)
    RCC_GetSYSCLKSource                      0x08001d09   Thumb Code    10  stm32f10x_rcc.o(.text)
    RCC_HCLKConfig                           0x08001d13   Thumb Code    18  stm32f10x_rcc.o(.text)
    RCC_PCLK1Config                          0x08001d25   Thumb Code    18  stm32f10x_rcc.o(.text)
    RCC_PCLK2Config                          0x08001d37   Thumb Code    20  stm32f10x_rcc.o(.text)
    RCC_ITConfig                             0x08001d4b   Thumb Code    26  stm32f10x_rcc.o(.text)
    RCC_USBCLKConfig                         0x08001d65   Thumb Code     8  stm32f10x_rcc.o(.text)
    RCC_ADCCLKConfig                         0x08001d6d   Thumb Code    18  stm32f10x_rcc.o(.text)
    RCC_LSEConfig                            0x08001d7f   Thumb Code    50  stm32f10x_rcc.o(.text)
    RCC_LSICmd                               0x08001db1   Thumb Code     6  stm32f10x_rcc.o(.text)
    RCC_RTCCLKConfig                         0x08001db7   Thumb Code    12  stm32f10x_rcc.o(.text)
    RCC_RTCCLKCmd                            0x08001dc3   Thumb Code     8  stm32f10x_rcc.o(.text)
    RCC_GetClocksFreq                        0x08001dcb   Thumb Code   192  stm32f10x_rcc.o(.text)
    RCC_AHBPeriphClockCmd                    0x08001e8b   Thumb Code    26  stm32f10x_rcc.o(.text)
    RCC_APB2PeriphClockCmd                   0x08001ea5   Thumb Code    26  stm32f10x_rcc.o(.text)
    RCC_APB1PeriphClockCmd                   0x08001ebf   Thumb Code    26  stm32f10x_rcc.o(.text)
    RCC_APB2PeriphResetCmd                   0x08001ed9   Thumb Code    26  stm32f10x_rcc.o(.text)
    RCC_APB1PeriphResetCmd                   0x08001ef3   Thumb Code    26  stm32f10x_rcc.o(.text)
    RCC_BackupResetCmd                       0x08001f0d   Thumb Code     8  stm32f10x_rcc.o(.text)
    RCC_ClockSecuritySystemCmd               0x08001f15   Thumb Code     6  stm32f10x_rcc.o(.text)
    RCC_MCOConfig                            0x08001f1b   Thumb Code     6  stm32f10x_rcc.o(.text)
    RCC_ClearFlag                            0x08001f21   Thumb Code    14  stm32f10x_rcc.o(.text)
    RCC_GetITStatus                          0x08001f2f   Thumb Code    20  stm32f10x_rcc.o(.text)
    RCC_ClearITPendingBit                    0x08001f43   Thumb Code     6  stm32f10x_rcc.o(.text)
    RTC_ITConfig                             0x08001f6d   Thumb Code    26  stm32f10x_rtc.o(.text)
    RTC_EnterConfigMode                      0x08001f87   Thumb Code    18  stm32f10x_rtc.o(.text)
    RTC_ExitConfigMode                       0x08001f99   Thumb Code    20  stm32f10x_rtc.o(.text)
    RTC_GetCounter                           0x08001fad   Thumb Code    18  stm32f10x_rtc.o(.text)
    RTC_SetCounter                           0x08001fbf   Thumb Code    26  stm32f10x_rtc.o(.text)
    RTC_SetPrescaler                         0x08001fd9   Thumb Code    28  stm32f10x_rtc.o(.text)
    RTC_SetAlarm                             0x08001ff5   Thumb Code    26  stm32f10x_rtc.o(.text)
    RTC_GetDivider                           0x0800200f   Thumb Code    22  stm32f10x_rtc.o(.text)
    RTC_WaitForLastTask                      0x08002025   Thumb Code    18  stm32f10x_rtc.o(.text)
    RTC_WaitForSynchro                       0x08002037   Thumb Code    36  stm32f10x_rtc.o(.text)
    RTC_GetFlagStatus                        0x0800205b   Thumb Code    22  stm32f10x_rtc.o(.text)
    RTC_ClearFlag                            0x08002071   Thumb Code    16  stm32f10x_rtc.o(.text)
    RTC_GetITStatus                          0x08002081   Thumb Code    32  stm32f10x_rtc.o(.text)
    RTC_ClearITPendingBit                    0x080020a1   Thumb Code    16  stm32f10x_rtc.o(.text)
    TIM_DeInit                               0x080020b5   Thumb Code   424  stm32f10x_tim.o(.text)
    TIM_TimeBaseInit                         0x0800225d   Thumb Code   122  stm32f10x_tim.o(.text)
    TIM_OC1Init                              0x080022d7   Thumb Code   132  stm32f10x_tim.o(.text)
    TIM_OC2Init                              0x0800235b   Thumb Code   154  stm32f10x_tim.o(.text)
    TIM_OC3Init                              0x080023f5   Thumb Code   150  stm32f10x_tim.o(.text)
    TIM_OC4Init                              0x0800248b   Thumb Code   182  stm32f10x_tim.o(.text)
    TIM_SetIC4Prescaler                      0x08002541   Thumb Code    26  stm32f10x_tim.o(.text)
    TIM_SetIC3Prescaler                      0x080025dd   Thumb Code    18  stm32f10x_tim.o(.text)
    TIM_SetIC2Prescaler                      0x08002669   Thumb Code    26  stm32f10x_tim.o(.text)
    TIM_SetIC1Prescaler                      0x08002705   Thumb Code    18  stm32f10x_tim.o(.text)
    TIM_ICInit                               0x08002783   Thumb Code   150  stm32f10x_tim.o(.text)
    TIM_PWMIConfig                           0x08002819   Thumb Code   124  stm32f10x_tim.o(.text)
    TIM_BDTRConfig                           0x08002895   Thumb Code    32  stm32f10x_tim.o(.text)
    TIM_TimeBaseStructInit                   0x080028b5   Thumb Code    18  stm32f10x_tim.o(.text)
    TIM_OCStructInit                         0x080028c7   Thumb Code    20  stm32f10x_tim.o(.text)
    TIM_ICStructInit                         0x080028db   Thumb Code    18  stm32f10x_tim.o(.text)
    TIM_BDTRStructInit                       0x080028ed   Thumb Code    40  stm32f10x_tim.o(.text)
    TIM_Cmd                                  0x08002915   Thumb Code    24  stm32f10x_tim.o(.text)
    TIM_CtrlPWMOutputs                       0x0800292d   Thumb Code    30  stm32f10x_tim.o(.text)
    TIM_ITConfig                             0x0800294b   Thumb Code    18  stm32f10x_tim.o(.text)
    TIM_GenerateEvent                        0x0800295d   Thumb Code     4  stm32f10x_tim.o(.text)
    TIM_DMAConfig                            0x08002961   Thumb Code    10  stm32f10x_tim.o(.text)
    TIM_DMACmd                               0x0800296b   Thumb Code    18  stm32f10x_tim.o(.text)
    TIM_InternalClockConfig                  0x0800297d   Thumb Code    12  stm32f10x_tim.o(.text)
    TIM_SelectInputTrigger                   0x08002989   Thumb Code    18  stm32f10x_tim.o(.text)
    TIM_ITRxExternalClockConfig              0x0800299b   Thumb Code    24  stm32f10x_tim.o(.text)
    TIM_TIxExternalClockConfig               0x080029b3   Thumb Code    62  stm32f10x_tim.o(.text)
    TIM_ETRConfig                            0x080029f1   Thumb Code    28  stm32f10x_tim.o(.text)
    TIM_ETRClockMode1Config                  0x08002a0d   Thumb Code    54  stm32f10x_tim.o(.text)
    TIM_ETRClockMode2Config                  0x08002a43   Thumb Code    32  stm32f10x_tim.o(.text)
    TIM_PrescalerConfig                      0x08002a63   Thumb Code     6  stm32f10x_tim.o(.text)
    TIM_CounterModeConfig                    0x08002a69   Thumb Code    18  stm32f10x_tim.o(.text)
    TIM_EncoderInterfaceConfig               0x08002a7b   Thumb Code    66  stm32f10x_tim.o(.text)
    TIM_ForcedOC1Config                      0x08002abd   Thumb Code    18  stm32f10x_tim.o(.text)
    TIM_ForcedOC2Config                      0x08002acf   Thumb Code    26  stm32f10x_tim.o(.text)
    TIM_ForcedOC3Config                      0x08002ae9   Thumb Code    18  stm32f10x_tim.o(.text)
    TIM_ForcedOC4Config                      0x08002afb   Thumb Code    26  stm32f10x_tim.o(.text)
    TIM_ARRPreloadConfig                     0x08002b15   Thumb Code    24  stm32f10x_tim.o(.text)
    TIM_SelectCOM                            0x08002b2d   Thumb Code    24  stm32f10x_tim.o(.text)
    TIM_SelectCCDMA                          0x08002b45   Thumb Code    24  stm32f10x_tim.o(.text)
    TIM_CCPreloadControl                     0x08002b5d   Thumb Code    24  stm32f10x_tim.o(.text)
    TIM_OC1PreloadConfig                     0x08002b75   Thumb Code    18  stm32f10x_tim.o(.text)
    TIM_OC2PreloadConfig                     0x08002b87   Thumb Code    26  stm32f10x_tim.o(.text)
    TIM_OC3PreloadConfig                     0x08002ba1   Thumb Code    18  stm32f10x_tim.o(.text)
    TIM_OC4PreloadConfig                     0x08002bb3   Thumb Code    26  stm32f10x_tim.o(.text)
    TIM_OC1FastConfig                        0x08002bcd   Thumb Code    18  stm32f10x_tim.o(.text)
    TIM_OC2FastConfig                        0x08002bdf   Thumb Code    26  stm32f10x_tim.o(.text)
    TIM_OC3FastConfig                        0x08002bf9   Thumb Code    18  stm32f10x_tim.o(.text)
    TIM_OC4FastConfig                        0x08002c0b   Thumb Code    26  stm32f10x_tim.o(.text)
    TIM_ClearOC1Ref                          0x08002c25   Thumb Code    18  stm32f10x_tim.o(.text)
    TIM_ClearOC2Ref                          0x08002c37   Thumb Code    24  stm32f10x_tim.o(.text)
    TIM_ClearOC3Ref                          0x08002c4f   Thumb Code    18  stm32f10x_tim.o(.text)
    TIM_ClearOC4Ref                          0x08002c61   Thumb Code    24  stm32f10x_tim.o(.text)
    TIM_OC1PolarityConfig                    0x08002c79   Thumb Code    18  stm32f10x_tim.o(.text)
    TIM_OC1NPolarityConfig                   0x08002c8b   Thumb Code    18  stm32f10x_tim.o(.text)
    TIM_OC2PolarityConfig                    0x08002c9d   Thumb Code    26  stm32f10x_tim.o(.text)
    TIM_OC2NPolarityConfig                   0x08002cb7   Thumb Code    26  stm32f10x_tim.o(.text)
    TIM_OC3PolarityConfig                    0x08002cd1   Thumb Code    26  stm32f10x_tim.o(.text)
    TIM_OC3NPolarityConfig                   0x08002ceb   Thumb Code    26  stm32f10x_tim.o(.text)
    TIM_OC4PolarityConfig                    0x08002d05   Thumb Code    26  stm32f10x_tim.o(.text)
    TIM_CCxCmd                               0x08002d1f   Thumb Code    30  stm32f10x_tim.o(.text)
    TIM_CCxNCmd                              0x08002d3d   Thumb Code    30  stm32f10x_tim.o(.text)
    TIM_SelectOCxM                           0x08002d5b   Thumb Code    82  stm32f10x_tim.o(.text)
    TIM_UpdateDisableConfig                  0x08002dad   Thumb Code    24  stm32f10x_tim.o(.text)
    TIM_UpdateRequestConfig                  0x08002dc5   Thumb Code    24  stm32f10x_tim.o(.text)
    TIM_SelectHallSensor                     0x08002ddd   Thumb Code    24  stm32f10x_tim.o(.text)
    TIM_SelectOnePulseMode                   0x08002df5   Thumb Code    18  stm32f10x_tim.o(.text)
    TIM_SelectOutputTrigger                  0x08002e07   Thumb Code    18  stm32f10x_tim.o(.text)
    TIM_SelectSlaveMode                      0x08002e19   Thumb Code    18  stm32f10x_tim.o(.text)
    TIM_SelectMasterSlaveMode                0x08002e2b   Thumb Code    18  stm32f10x_tim.o(.text)
    TIM_SetCounter                           0x08002e3d   Thumb Code     4  stm32f10x_tim.o(.text)
    TIM_SetAutoreload                        0x08002e41   Thumb Code     4  stm32f10x_tim.o(.text)
    TIM_SetCompare1                          0x08002e45   Thumb Code     4  stm32f10x_tim.o(.text)
    TIM_SetCompare2                          0x08002e49   Thumb Code     4  stm32f10x_tim.o(.text)
    TIM_SetCompare3                          0x08002e4d   Thumb Code     4  stm32f10x_tim.o(.text)
    TIM_SetCompare4                          0x08002e51   Thumb Code     6  stm32f10x_tim.o(.text)
    TIM_SetClockDivision                     0x08002e57   Thumb Code    18  stm32f10x_tim.o(.text)
    TIM_GetCapture1                          0x08002e69   Thumb Code     6  stm32f10x_tim.o(.text)
    TIM_GetCapture2                          0x08002e6f   Thumb Code     6  stm32f10x_tim.o(.text)
    TIM_GetCapture3                          0x08002e75   Thumb Code     6  stm32f10x_tim.o(.text)
    TIM_GetCapture4                          0x08002e7b   Thumb Code     8  stm32f10x_tim.o(.text)
    TIM_GetCounter                           0x08002e83   Thumb Code     6  stm32f10x_tim.o(.text)
    TIM_GetPrescaler                         0x08002e89   Thumb Code     6  stm32f10x_tim.o(.text)
    TIM_GetFlagStatus                        0x08002e8f   Thumb Code    18  stm32f10x_tim.o(.text)
    TIM_ClearFlag                            0x08002ea1   Thumb Code     6  stm32f10x_tim.o(.text)
    TIM_GetITStatus                          0x08002ea7   Thumb Code    34  stm32f10x_tim.o(.text)
    TIM_ClearITPendingBit                    0x08002ec9   Thumb Code     6  stm32f10x_tim.o(.text)
    USART_DeInit                             0x08002ed1   Thumb Code   134  stm32f10x_usart.o(.text)
    USART_Init                               0x08002f57   Thumb Code   210  stm32f10x_usart.o(.text)
    USART_StructInit                         0x08003029   Thumb Code    24  stm32f10x_usart.o(.text)
    USART_ClockInit                          0x08003041   Thumb Code    34  stm32f10x_usart.o(.text)
    USART_ClockStructInit                    0x08003063   Thumb Code    12  stm32f10x_usart.o(.text)
    USART_Cmd                                0x0800306f   Thumb Code    24  stm32f10x_usart.o(.text)
    USART_ITConfig                           0x08003087   Thumb Code    74  stm32f10x_usart.o(.text)
    USART_DMACmd                             0x080030d1   Thumb Code    18  stm32f10x_usart.o(.text)
    USART_SetAddress                         0x080030e3   Thumb Code    18  stm32f10x_usart.o(.text)
    USART_WakeUpConfig                       0x080030f5   Thumb Code    18  stm32f10x_usart.o(.text)
    USART_ReceiverWakeUpCmd                  0x08003107   Thumb Code    24  stm32f10x_usart.o(.text)
    USART_LINBreakDetectLengthConfig         0x0800311f   Thumb Code    18  stm32f10x_usart.o(.text)
    USART_LINCmd                             0x08003131   Thumb Code    24  stm32f10x_usart.o(.text)
    USART_SendData                           0x08003149   Thumb Code     8  stm32f10x_usart.o(.text)
    USART_ReceiveData                        0x08003151   Thumb Code    10  stm32f10x_usart.o(.text)
    USART_SendBreak                          0x0800315b   Thumb Code    10  stm32f10x_usart.o(.text)
    USART_SetGuardTime                       0x08003165   Thumb Code    16  stm32f10x_usart.o(.text)
    USART_SetPrescaler                       0x08003175   Thumb Code    16  stm32f10x_usart.o(.text)
    USART_SmartCardCmd                       0x08003185   Thumb Code    24  stm32f10x_usart.o(.text)
    USART_SmartCardNACKCmd                   0x0800319d   Thumb Code    24  stm32f10x_usart.o(.text)
    USART_HalfDuplexCmd                      0x080031b5   Thumb Code    24  stm32f10x_usart.o(.text)
    USART_OverSampling8Cmd                   0x080031cd   Thumb Code    22  stm32f10x_usart.o(.text)
    USART_OneBitMethodCmd                    0x080031e3   Thumb Code    24  stm32f10x_usart.o(.text)
    USART_IrDAConfig                         0x080031fb   Thumb Code    18  stm32f10x_usart.o(.text)
    USART_IrDACmd                            0x0800320d   Thumb Code    24  stm32f10x_usart.o(.text)
    USART_GetFlagStatus                      0x08003225   Thumb Code    26  stm32f10x_usart.o(.text)
    USART_ClearFlag                          0x0800323f   Thumb Code    18  stm32f10x_usart.o(.text)
    USART_GetITStatus                        0x08003251   Thumb Code    84  stm32f10x_usart.o(.text)
    USART_ClearITPendingBit                  0x080032a5   Thumb Code    52  stm32f10x_usart.o(.text)
    SystemInit                               0x080033b7   Thumb Code    78  system_stm32f10x.o(.text)
    SystemCoreClockUpdate                    0x08003405   Thumb Code   142  system_stm32f10x.o(.text)
    xTaskCreate                              0x08003615   Thumb Code    96  tasks.o(.text)
    vTaskDelete                              0x080036b1   Thumb Code   166  tasks.o(.text)
    xTaskIncrementTick                       0x08003757   Thumb Code   238  tasks.o(.text)
    xTaskResumeAll                           0x08003845   Thumb Code   284  tasks.o(.text)
    vTaskSuspendAll                          0x080039dd   Thumb Code    12  tasks.o(.text)
    vTaskDelayUntil                          0x080039e9   Thumb Code   106  tasks.o(.text)
    vTaskDelay                               0x08003a53   Thumb Code    46  tasks.o(.text)
    uxTaskPriorityGet                        0x08003a81   Thumb Code    30  tasks.o(.text)
    uxTaskPriorityGetFromISR                 0x08003a9f   Thumb Code    52  tasks.o(.text)
    vTaskPrioritySet                         0x08003ad3   Thumb Code   216  tasks.o(.text)
    vTaskSwitchContext                       0x08003bab   Thumb Code    76  tasks.o(.text)
    vTaskSuspend                             0x08003bf7   Thumb Code   160  tasks.o(.text)
    vTaskResume                              0x08003ccf   Thumb Code   170  tasks.o(.text)
    xTaskResumeFromISR                       0x08003d79   Thumb Code   130  tasks.o(.text)
    vTaskStartScheduler                      0x08003e71   Thumb Code    72  tasks.o(.text)
    vTaskEndScheduler                        0x08003eb9   Thumb Code    32  tasks.o(.text)
    xTaskGetTickCount                        0x08003ed9   Thumb Code     6  tasks.o(.text)
    xTaskGetTickCountFromISR                 0x08003edf   Thumb Code     8  tasks.o(.text)
    uxTaskGetNumberOfTasks                   0x08003ee7   Thumb Code     6  tasks.o(.text)
    pcTaskGetName                            0x08003eed   Thumb Code    20  tasks.o(.text)
    vTaskPlaceOnEventList                    0x08003f01   Thumb Code    28  tasks.o(.text)
    vTaskPlaceOnUnorderedEventList           0x08003f1d   Thumb Code    40  tasks.o(.text)
    xTaskRemoveFromEventList                 0x08003f45   Thumb Code   104  tasks.o(.text)
    xTaskRemoveFromUnorderedEventList        0x08003fad   Thumb Code    94  tasks.o(.text)
    vTaskSetTimeOutState                     0x0800400b   Thumb Code    14  tasks.o(.text)
    xTaskCheckForTimeOut                     0x08004019   Thumb Code    84  tasks.o(.text)
    vTaskMissedYield                         0x0800406d   Thumb Code     8  tasks.o(.text)
    uxTaskResetEventItemValue                0x08004075   Thumb Code    24  tasks.o(.text)
    ulTaskNotifyTake                         0x0800408d   Thumb Code   108  tasks.o(.text)
    xTaskNotifyWait                          0x080040f9   Thumb Code   226  tasks.o(.text)
    xTaskGenericNotify                       0x080041db   Thumb Code   178  tasks.o(.text)
    xTaskGenericNotifyFromISR                0x0800428d   Thumb Code   228  tasks.o(.text)
    vTaskNotifyGiveFromISR                   0x08004371   Thumb Code   154  tasks.o(.text)
    xTaskNotifyStateClear                    0x0800440b   Thumb Code    48  tasks.o(.text)
    vListInitialise                          0x08004459   Thumb Code    26  list.o(.text)
    vListInitialiseItem                      0x08004473   Thumb Code     6  list.o(.text)
    vListInsertEnd                           0x08004479   Thumb Code    24  list.o(.text)
    vListInsert                              0x08004491   Thumb Code    52  list.o(.text)
    uxListRemove                             0x080044c5   Thumb Code    40  list.o(.text)
    pxPortInitialiseStack                    0x08004503   Thumb Code    30  port.o(.text)
    vPortSetupTimerInterrupt                 0x08004521   Thumb Code    14  port.o(.text)
    xPortStartScheduler                      0x0800452f   Thumb Code    42  port.o(.text)
    vPortEndScheduler                        0x08004559   Thumb Code     2  port.o(.text)
    vPortEnterCritical                       0x0800455b   Thumb Code    30  port.o(.text)
    vPortExitCritical                        0x08004579   Thumb Code    28  port.o(.text)
    SysTick_Handler                          0x08004595   Thumb Code    48  port.o(.text)
    pvPortMalloc                             0x08004697   Thumb Code   188  heap_4.o(.text)
    vPortFree                                0x08004753   Thumb Code    64  heap_4.o(.text)
    xPortGetFreeHeapSize                     0x08004793   Thumb Code     6  heap_4.o(.text)
    xPortGetMinimumEverFreeHeapSize          0x08004799   Thumb Code     6  heap_4.o(.text)
    vPortInitialiseBlocks                    0x0800479f   Thumb Code     2  heap_4.o(.text)
    ESP8266_STA_TCPClient_Test               0x080047b9   Thumb Code    70  sta_tcpclent_test.o(.text)
    USART2_Init                              0x0800482d   Thumb Code   156  esp8266_drive.o(.text)
    USART2_IRQHandler                        0x080048c9   Thumb Code   148  esp8266_drive.o(.text)
    ESP8266_Init                             0x0800495d   Thumb Code    78  esp8266_drive.o(.text)
    ESP8266_Send_AT_Cmd                      0x080049ab   Thumb Code   178  esp8266_drive.o(.text)
    ESP8266_Rst                              0x08004a5d   Thumb Code    20  esp8266_drive.o(.text)
    ESP8266_AT_Test                          0x08004a71   Thumb Code    62  esp8266_drive.o(.text)
    ESP8266_Net_Mode_Choose                  0x08004aaf   Thumb Code    68  esp8266_drive.o(.text)
    ESP8266_JoinAP                           0x08004af3   Thumb Code    38  esp8266_drive.o(.text)
    ESP8266_Enable_MultipleId                0x08004b19   Thumb Code    42  esp8266_drive.o(.text)
    ESP8266_Link_Server                      0x08004b43   Thumb Code   110  esp8266_drive.o(.text)
    ESP8266_UnvarnishSend                    0x08004bb1   Thumb Code    38  esp8266_drive.o(.text)
    ESP8266_SendString                       0x08004bd7   Thumb Code   402  esp8266_drive.o(.text)
    ESP8266_ExitUnvarnishSend                0x08004d69   Thumb Code    28  esp8266_drive.o(.text)
    ESP8266_Get_LinkStatus                   0x08004d85   Thumb Code    66  esp8266_drive.o(.text)
    USART_printf                             0x08004e6b   Thumb Code   262  esp8266_public.o(.text)
    Driver_Key1Sta                           0x08004f71   Thumb Code    60  key.o(.text)
    Driver_Key2Sta                           0x08004fad   Thumb Code    60  key.o(.text)
    Driver_Key3Sta                           0x08004fe9   Thumb Code    60  key.o(.text)
    Driver_Key4Sta                           0x08005025   Thumb Code    60  key.o(.text)
    Driver_Key5Sta                           0x08005061   Thumb Code    64  key.o(.text)
    Driver_Key6Sta                           0x080050a1   Thumb Code    60  key.o(.text)
    send                                     0x080050dd   Thumb Code    50  key.o(.text)
    Get_Hz                                   0x0800510f   Thumb Code     6  key.o(.text)
    Get_Cuty                                 0x08005115   Thumb Code     6  key.o(.text)
    Speak_Value                              0x0800511b   Thumb Code    34  key.o(.text)
    CCR_switch                               0x0800513d   Thumb Code    56  key.o(.text)
    LED_switch                               0x08005175   Thumb Code   100  key.o(.text)
    key_service                              0x080051d9   Thumb Code   358  key.o(.text)
    key_scan                                 0x0800533f   Thumb Code   324  key.o(.text)
    USART3_Init                              0x080054a1   Thumb Code   194  syn6288.o(.text)
    USART_Send_Byte                          0x08005563   Thumb Code    44  syn6288.o(.text)
    USART3_IRQHandler                        0x0800558f   Thumb Code    32  syn6288.o(.text)
    TTS_Init                                 0x080055af   Thumb Code    38  syn6288.o(.text)
    TTSPlay                                  0x080055d5   Thumb Code   144  syn6288.o(.text)
    ADC1_Init                                0x08005771   Thumb Code    12  adc.o(.text)
    ADC_change                               0x0800577d   Thumb Code   452  adc.o(.text)
    sendDataToProcessing                     0x08005941   Thumb Code    24  adc.o(.text)
    spend                                    0x08005959   Thumb Code    48  adc.o(.text)
    GUI_DrawPoint                            0x080059e1   Thumb Code    24  gui.o(.text)
    LCD_Fill                                 0x080059f9   Thumb Code   104  gui.o(.text)
    LCD_DrawLine                             0x08005a61   Thumb Code   176  gui.o(.text)
    LCD_DrawRectangle                        0x08005b11   Thumb Code    64  gui.o(.text)
    LCD_DrawFillRectangle                    0x08005b51   Thumb Code    30  gui.o(.text)
    _draw_circle_8                           0x08005b6f   Thumb Code   132  gui.o(.text)
    gui_circle                               0x08005bf3   Thumb Code   154  gui.o(.text)
    LCD_ShowChar                             0x08005c8d   Thumb Code   276  gui.o(.text)
    LCD_ShowString                           0x08005da1   Thumb Code    94  gui.o(.text)
    mypow                                    0x08005dff   Thumb Code    46  gui.o(.text)
    LCD_ShowNum                              0x08005e2d   Thumb Code   168  gui.o(.text)
    GUI_DrawFont16                           0x08005ed5   Thumb Code   252  gui.o(.text)
    GUI_DrawFont24                           0x08005fd1   Thumb Code   268  gui.o(.text)
    GUI_DrawFont32                           0x080060dd   Thumb Code   252  gui.o(.text)
    Show_Str                                 0x080061d9   Thumb Code   292  gui.o(.text)
    Gui_StrCenter                            0x080062fd   Thumb Code    68  gui.o(.text)
    Gui_Drawbmp16                            0x08006341   Thumb Code    90  gui.o(.text)
    LCD_WR_REG                               0x080063a1   Thumb Code     6  lcd.o(.text)
    LCD_WR_DATA                              0x080063a7   Thumb Code     8  lcd.o(.text)
    LCD_DrawPoint_16Bit                      0x080063af   Thumb Code    12  lcd.o(.text)
    LCD_WriteReg                             0x080063bb   Thumb Code    10  lcd.o(.text)
    LCD_WriteRAM_Prepare                     0x080063c5   Thumb Code    12  lcd.o(.text)
    LCD_SetCursor                            0x080063d1   Thumb Code    52  lcd.o(.text)
    LCD_DrawPoint                            0x08006405   Thumb Code    24  lcd.o(.text)
    LCD_SetWindows                           0x0800641d   Thumb Code    76  lcd.o(.text)
    LCD_Clear                                0x08006469   Thumb Code    50  lcd.o(.text)
    LCD_GPIOInit                             0x0800649b   Thumb Code   274  lcd.o(.text)
    LCD_RESET                                0x080065ad   Thumb Code    32  lcd.o(.text)
    LCD_SetParam                             0x080065cd   Thumb Code    40  lcd.o(.text)
    LCD_Init                                 0x080065f5   Thumb Code   610  lcd.o(.text)
    DrawTestPage                             0x0800685d   Thumb Code   142  test.o(.text)
    main_test                                0x080068eb   Thumb Code   212  test.o(.text)
    Test_Color                               0x080069bf   Thumb Code   338  test.o(.text)
    Test_FillRec                             0x08006b11   Thumb Code   606  test.o(.text)
    Test_Circle                              0x08006d6f   Thumb Code   224  test.o(.text)
    English_Font_test                        0x08006e4f   Thumb Code   128  test.o(.text)
    Chinese_Font_test                        0x08006ecf   Thumb Code   122  test.o(.text)
    __aeabi_memset                           0x080070ed   Thumb Code    14  memseta.o(.text)
    __aeabi_memset4                          0x080070ed   Thumb Code     0  memseta.o(.text)
    __aeabi_memset8                          0x080070ed   Thumb Code     0  memseta.o(.text)
    __aeabi_memclr                           0x080070fb   Thumb Code     4  memseta.o(.text)
    __aeabi_memclr4                          0x080070fb   Thumb Code     0  memseta.o(.text)
    __aeabi_memclr8                          0x080070fb   Thumb Code     0  memseta.o(.text)
    _memset$wrapper                          0x080070ff   Thumb Code    18  memseta.o(.text)
    strstr                                   0x08007111   Thumb Code    36  strstr.o(.text)
    strlen                                   0x08007135   Thumb Code    14  strlen.o(.text)
    __aeabi_dadd                             0x08007143   Thumb Code   322  dadd.o(.text)
    __aeabi_dsub                             0x08007285   Thumb Code     6  dadd.o(.text)
    __aeabi_drsub                            0x0800728b   Thumb Code     6  dadd.o(.text)
    __aeabi_f2d                              0x08007291   Thumb Code    38  f2d.o(.text)
    __aeabi_d2f                              0x080072b7   Thumb Code    56  d2f.o(.text)
    __aeabi_uidiv                            0x080072ef   Thumb Code     0  uidiv.o(.text)
    __aeabi_uidivmod                         0x080072ef   Thumb Code    44  uidiv.o(.text)
    __aeabi_uldivmod                         0x0800731b   Thumb Code    98  uldiv.o(.text)
    __aeabi_llsl                             0x0800737d   Thumb Code    30  llshl.o(.text)
    _ll_shift_l                              0x0800737d   Thumb Code     0  llshl.o(.text)
    __aeabi_lasr                             0x0800739b   Thumb Code    36  llsshr.o(.text)
    _ll_sshift_r                             0x0800739b   Thumb Code     0  llsshr.o(.text)
    __I$use$fp                               0x080073bf   Thumb Code     0  iusefp.o(.text)
    _float_round                             0x080073bf   Thumb Code    18  fepilogue.o(.text)
    _float_epilogue                          0x080073d1   Thumb Code    92  fepilogue.o(.text)
    _double_round                            0x0800742d   Thumb Code    30  depilogue.o(.text)
    _double_epilogue                         0x0800744b   Thumb Code   156  depilogue.o(.text)
    __aeabi_dmul                             0x080074e7   Thumb Code   228  dmul.o(.text)
    __aeabi_ddiv                             0x080075cb   Thumb Code   222  ddiv.o(.text)
    __aeabi_d2ulz                            0x080076a9   Thumb Code    48  dfixul.o(.text)
    __aeabi_cdrcmple                         0x080076d9   Thumb Code    48  cdrcmple.o(.text)
    __scatterload                            0x08007709   Thumb Code    28  init.o(.text)
    __scatterload_rt2                        0x08007709   Thumb Code     0  init.o(.text)
    __aeabi_llsr                             0x0800772d   Thumb Code    32  llushr.o(.text)
    _ll_ushift_r                             0x0800772d   Thumb Code     0  llushr.o(.text)
    __0printf                                0x0800774d   Thumb Code    22  printfa.o(i.__0printf)
    __1printf                                0x0800774d   Thumb Code     0  printfa.o(i.__0printf)
    __2printf                                0x0800774d   Thumb Code     0  printfa.o(i.__0printf)
    __c89printf                              0x0800774d   Thumb Code     0  printfa.o(i.__0printf)
    printf                                   0x0800774d   Thumb Code     0  printfa.o(i.__0printf)
    __0sprintf                               0x0800776d   Thumb Code    34  printfa.o(i.__0sprintf)
    __1sprintf                               0x0800776d   Thumb Code     0  printfa.o(i.__0sprintf)
    __2sprintf                               0x0800776d   Thumb Code     0  printfa.o(i.__0sprintf)
    __c89sprintf                             0x0800776d   Thumb Code     0  printfa.o(i.__0sprintf)
    sprintf                                  0x0800776d   Thumb Code     0  printfa.o(i.__0sprintf)
    __0vsprintf                              0x08007795   Thumb Code    30  printfa.o(i.__0vsprintf)
    __1vsprintf                              0x08007795   Thumb Code     0  printfa.o(i.__0vsprintf)
    __2vsprintf                              0x08007795   Thumb Code     0  printfa.o(i.__0vsprintf)
    __c89vsprintf                            0x08007795   Thumb Code     0  printfa.o(i.__0vsprintf)
    vsprintf                                 0x08007795   Thumb Code     0  printfa.o(i.__0vsprintf)
    __scatterload_copy                       0x080077b9   Thumb Code    14  handlers.o(i.__scatterload_copy)
    __scatterload_null                       0x080077c7   Thumb Code     2  handlers.o(i.__scatterload_null)
    __scatterload_zeroinit                   0x080077c9   Thumb Code    14  handlers.o(i.__scatterload_zeroinit)
    putc                                     0x08008075   Thumb Code     4  putc.o(i.putc)
    mon_table                                0x08008078   Data          12  rtc.o(.constdata)
    pl                                       0x08008084   Data         202  key.o(.constdata)
    Cuty                                     0x0800814e   Data          38  key.o(.constdata)
    asc2_1206                                0x08008174   Data        1140  gui.o(.constdata)
    asc2_1608                                0x080085e8   Data        1520  gui.o(.constdata)
    tfont16                                  0x08008bd8   Data        1564  gui.o(.constdata)
    tfont24                                  0x080091f4   Data         518  gui.o(.constdata)
    tfont32                                  0x080093fa   Data         520  gui.o(.constdata)
    Region$$Table$$Base                      0x08009604   Number         0  anon$$obj.o(Region$$Table)
    Region$$Table$$Limit                     0x08009624   Number         0  anon$$obj.o(Region$$Table)
    __stdout                                 0x20000000   Data           4  usart.o(.data)
    USART_RX_STA                             0x20000004   Data           2  usart.o(.data)
    SystemCoreClock                          0x2000001c   Data           4  system_stm32f10x.o(.data)
    AHBPrescTable                            0x20000020   Data          16  system_stm32f10x.o(.data)
    pxCurrentTCB                             0x20000030   Data           4  tasks.o(.data)
    TcpClosedFlag                            0x2000008e   Data           1  sta_tcpclent_test.o(.data)
    ucKeySec                                 0x20000096   Data           1  key.o(.data)
    fr                                       0x20000098   Data           2  key.o(.data)
    numb                                     0x2000009a   Data           2  key.o(.data)
    crr                                      0x2000009c   Data           2  key.o(.data)
    hz                                       0x2000009e   Data           2  key.o(.data)
    Speak_hz                                 0x200000a0   Data           4  key.o(.data)
    cont                                     0x200000a4   Data           2  key.o(.data)
    BPM                                      0x200000b0   Data           4  adc.o(.data)
    Signal                                   0x200000b4   Data           4  adc.o(.data)
    IBI                                      0x200000b8   Data           4  adc.o(.data)
    Pulse                                    0x200000bc   Data           1  adc.o(.data)
    QS                                       0x200000bd   Data           1  adc.o(.data)
    sampleCounter                            0x200000c0   Data           4  adc.o(.data)
    lastBeatTime                             0x200000c4   Data           4  adc.o(.data)
    P                                        0x200000c8   Data           4  adc.o(.data)
    T                                        0x200000cc   Data           4  adc.o(.data)
    thresh                                   0x200000d0   Data           4  adc.o(.data)
    amp                                      0x200000d4   Data           4  adc.o(.data)
    Num                                      0x200000d8   Data           4  adc.o(.data)
    firstBeat                                0x200000dc   Data           1  adc.o(.data)
    secondBeat                               0x200000dd   Data           1  adc.o(.data)
    ADC_ConvertedValue                       0x200000de   Data           2  adc.o(.data)
    POINT_COLOR                              0x200000e0   Data           2  lcd.o(.data)
    BACK_COLOR                               0x200000e2   Data           2  lcd.o(.data)
    DeviceCode                               0x200000e4   Data           2  lcd.o(.data)
    ColorTab                                 0x200000ec   Data          10  test.o(.data)
    Time                                     0x200000f6   Data           1  test.o(.data)
    t                                        0x200000f7   Data           1  test.o(.data)
    USART_RX_BUF                             0x200000f8   Data         200  usart.o(.bss)
    calendar                                 0x200001c0   Data          10  rtc.o(.bss)
    ESP8266_Fram_Record_Struct               0x20004694   Data        1026  esp8266_drive.o(.bss)
    text                                     0x20004a96   Data          10  key.o(.bss)
    rate                                     0x20004aa0   Data          40  adc.o(.bss)
    lcddev                                   0x20004ac8   Data          14  lcd.o(.bss)
    Disp_Hz                                  0x20004ad6   Data          10  test.o(.bss)
    Disp_Duty                                0x20004ae0   Data          10  test.o(.bss)
    __initial_sp                             0x20004ef0   Data           0  startup_stm32f10x_hd.o(STACK)



==============================================================================

Memory Map of the image

  Image Entry point : 0x08000131

  Load Region LR_IROM1 (Base: 0x08000000, Size: 0x0000971c, Max: 0x00080000, ABSOLUTE)

    Execution Region ER_IROM1 (Base: 0x08000000, Size: 0x00009624, Max: 0x00080000, ABSOLUTE)

    Base Addr    Size         Type   Attr      Idx    E Section Name        Object

    0x08000000   0x00000130   Data   RO            3    RESET               startup_stm32f10x_hd.o
    0x08000130   0x00000000   Code   RO          948  * .ARM.Collect$$$$00000000  mc_w.l(entry.o)
    0x08000130   0x00000004   Code   RO         1226    .ARM.Collect$$$$00000001  mc_w.l(entry2.o)
    0x08000134   0x00000004   Code   RO         1229    .ARM.Collect$$$$00000004  mc_w.l(entry5.o)
    0x08000138   0x00000000   Code   RO         1231    .ARM.Collect$$$$00000008  mc_w.l(entry7b.o)
    0x08000138   0x00000000   Code   RO         1233    .ARM.Collect$$$$0000000A  mc_w.l(entry8b.o)
    0x08000138   0x00000008   Code   RO         1234    .ARM.Collect$$$$0000000B  mc_w.l(entry9a.o)
    0x08000140   0x00000000   Code   RO         1236    .ARM.Collect$$$$0000000D  mc_w.l(entry10a.o)
    0x08000140   0x00000000   Code   RO         1238    .ARM.Collect$$$$0000000F  mc_w.l(entry11a.o)
    0x08000140   0x00000004   Code   RO         1227    .ARM.Collect$$$$00002712  mc_w.l(entry2.o)
    0x08000144   0x00000096   Code   RO          696    .emb_text           port.o
    0x080001da   0x00000002   PAD
    0x080001dc   0x00000024   Code   RO            4    .text               startup_stm32f10x_hd.o
    0x08000200   0x00000184   Code   RO           10    .text               main.o
    0x08000384   0x0000002a   Code   RO          204    .text               stm32f10x_it.o
    0x080003ae   0x00000002   PAD
    0x080003b0   0x00000110   Code   RO          227    .text               usart.o
    0x080004c0   0x000001a0   Code   RO          250    .text               driver.o
    0x08000660   0x000002f0   Code   RO          312    .text               rtc.o
    0x08000950   0x000000dc   Code   RO          332    .text               misc.o
    0x08000a2c   0x0000044e   Code   RO          344    .text               stm32f10x_adc.o
    0x08000e7a   0x00000002   PAD
    0x08000e7c   0x000000c4   Code   RO          356    .text               stm32f10x_bkp.o
    0x08000f40   0x00000254   Code   RO          428    .text               stm32f10x_dma.o
    0x08001194   0x0000060c   Code   RO          464    .text               stm32f10x_fsmc.o
    0x080017a0   0x0000035c   Code   RO          476    .text               stm32f10x_gpio.o
    0x08001afc   0x000000cc   Code   RO          512    .text               stm32f10x_pwr.o
    0x08001bc8   0x000003a4   Code   RO          524    .text               stm32f10x_rcc.o
    0x08001f6c   0x00000148   Code   RO          538    .text               stm32f10x_rtc.o
    0x080020b4   0x00000e1a   Code   RO          574    .text               stm32f10x_tim.o
    0x08002ece   0x00000002   PAD
    0x08002ed0   0x00000408   Code   RO          586    .text               stm32f10x_usart.o
    0x080032d8   0x000001e0   Code   RO          620    .text               system_stm32f10x.o
    0x080034b8   0x00000fa0   Code   RO          638    .text               tasks.o
    0x08004458   0x00000094   Code   RO          684    .text               list.o
    0x080044ec   0x000000e8   Code   RO          697    .text               port.o
    0x080045d4   0x000001e4   Code   RO          732    .text               heap_4.o
    0x080047b8   0x00000074   Code   RO          747    .text               sta_tcpclent_test.o
    0x0800482c   0x000005dc   Code   RO          768    .text               esp8266_drive.o
    0x08004e08   0x00000168   Code   RO          790    .text               esp8266_public.o
    0x08004f70   0x00000530   Code   RO          805    .text               key.o
    0x080054a0   0x000001d4   Code   RO          834    .text               syn6288.o
    0x08005674   0x0000036c   Code   RO          850    .text               adc.o
    0x080059e0   0x000009c0   Code   RO          866    .text               gui.o
    0x080063a0   0x000004bc   Code   RO          890    .text               lcd.o
    0x0800685c   0x00000890   Code   RO          913    .text               test.o
    0x080070ec   0x00000024   Code   RO          953    .text               mc_w.l(memseta.o)
    0x08007110   0x00000024   Code   RO          955    .text               mc_w.l(strstr.o)
    0x08007134   0x0000000e   Code   RO          957    .text               mc_w.l(strlen.o)
    0x08007142   0x0000014e   Code   RO         1220    .text               mf_w.l(dadd.o)
    0x08007290   0x00000026   Code   RO         1222    .text               mf_w.l(f2d.o)
    0x080072b6   0x00000038   Code   RO         1224    .text               mf_w.l(d2f.o)
    0x080072ee   0x0000002c   Code   RO         1240    .text               mc_w.l(uidiv.o)
    0x0800731a   0x00000062   Code   RO         1242    .text               mc_w.l(uldiv.o)
    0x0800737c   0x0000001e   Code   RO         1244    .text               mc_w.l(llshl.o)
    0x0800739a   0x00000024   Code   RO         1246    .text               mc_w.l(llsshr.o)
    0x080073be   0x00000000   Code   RO         1248    .text               mc_w.l(iusefp.o)
    0x080073be   0x0000006e   Code   RO         1249    .text               mf_w.l(fepilogue.o)
    0x0800742c   0x000000ba   Code   RO         1251    .text               mf_w.l(depilogue.o)
    0x080074e6   0x000000e4   Code   RO         1253    .text               mf_w.l(dmul.o)
    0x080075ca   0x000000de   Code   RO         1255    .text               mf_w.l(ddiv.o)
    0x080076a8   0x00000030   Code   RO         1257    .text               mf_w.l(dfixul.o)
    0x080076d8   0x00000030   Code   RO         1259    .text               mf_w.l(cdrcmple.o)
    0x08007708   0x00000024   Code   RO         1261    .text               mc_w.l(init.o)
    0x0800772c   0x00000020   Code   RO         1263    .text               mc_w.l(llushr.o)
    0x0800774c   0x00000020   Code   RO         1192    i.__0printf         mc_w.l(printfa.o)
    0x0800776c   0x00000028   Code   RO         1194    i.__0sprintf        mc_w.l(printfa.o)
    0x08007794   0x00000024   Code   RO         1198    i.__0vsprintf       mc_w.l(printfa.o)
    0x080077b8   0x0000000e   Code   RO         1267    i.__scatterload_copy  mc_w.l(handlers.o)
    0x080077c6   0x00000002   Code   RO         1268    i.__scatterload_null  mc_w.l(handlers.o)
    0x080077c8   0x0000000e   Code   RO         1269    i.__scatterload_zeroinit  mc_w.l(handlers.o)
    0x080077d6   0x00000002   PAD
    0x080077d8   0x00000164   Code   RO         1199    i._fp_digits        mc_w.l(printfa.o)
    0x0800793c   0x000006dc   Code   RO         1200    i._printf_core      mc_w.l(printfa.o)
    0x08008018   0x00000024   Code   RO         1201    i._printf_post_padding  mc_w.l(printfa.o)
    0x0800803c   0x0000002e   Code   RO         1202    i._printf_pre_padding  mc_w.l(printfa.o)
    0x0800806a   0x0000000a   Code   RO         1204    i._sputc            mc_w.l(printfa.o)
    0x08008074   0x00000004   Code   RO          951    i.putc              mc_w.l(putc.o)
    0x08008078   0x0000000c   Data   RO          314    .constdata          rtc.o
    0x08008084   0x000000f0   Data   RO          807    .constdata          key.o
    0x08008174   0x0000148e   Data   RO          867    .constdata          gui.o
    0x08009602   0x00000002   PAD
    0x08009604   0x00000020   Data   RO         1265    Region$$Table       anon$$obj.o


    Execution Region RW_IRAM1 (Base: 0x20000000, Size: 0x00004ef0, Max: 0x00010000, ABSOLUTE)

    Base Addr    Size         Type   Attr      Idx    E Section Name        Object

    0x20000000   0x00000006   Data   RW          229    .data               usart.o
    0x20000006   0x00000002   Data   RW          315    .data               rtc.o
    0x20000008   0x00000014   Data   RW          525    .data               stm32f10x_rcc.o
    0x2000001c   0x00000014   Data   RW          621    .data               system_stm32f10x.o
    0x20000030   0x0000003c   Data   RW          640    .data               tasks.o
    0x2000006c   0x00000004   Data   RW          698    .data               port.o
    0x20000070   0x00000018   Data   RW          734    .data               heap_4.o
    0x20000088   0x00000007   Data   RW          748    .data               sta_tcpclent_test.o
    0x2000008f   0x00000001   PAD
    0x20000090   0x0000001e   Data   RW          808    .data               key.o
    0x200000ae   0x00000002   PAD
    0x200000b0   0x00000030   Data   RW          852    .data               adc.o
    0x200000e0   0x00000006   Data   RW          892    .data               lcd.o
    0x200000e6   0x00000012   Data   RW          916    .data               test.o
    0x200000f8   0x000000c8   Zero   RW          228    .bss                usart.o
    0x200001c0   0x0000000a   Zero   RW          313    .bss                rtc.o
    0x200001ca   0x00000002   PAD
    0x200001cc   0x000000c8   Zero   RW          639    .bss                tasks.o
    0x20000294   0x00004400   Zero   RW          733    .bss                heap_4.o
    0x20004694   0x00000402   Zero   RW          769    .bss                esp8266_drive.o
    0x20004a96   0x0000000a   Zero   RW          806    .bss                key.o
    0x20004aa0   0x00000028   Zero   RW          851    .bss                adc.o
    0x20004ac8   0x0000000e   Zero   RW          891    .bss                lcd.o
    0x20004ad6   0x00000014   Zero   RW          914    .bss                test.o
    0x20004aea   0x00000006   PAD
    0x20004af0   0x00000400   Zero   RW            1    STACK               startup_stm32f10x_hd.o


==============================================================================

Image component sizes


      Code (inc. data)   RO Data    RW Data    ZI Data      Debug   Object Name

       876         88          0         48         40       3011   adc.o
       416         12          0          0          0     206466   driver.o
      1500        368          0          0       1026       6849   esp8266_drive.o
       360          0          0          0          0       2327   esp8266_public.o
      2496         56       5262          0          0       9786   gui.o
       484         24          0         24      17408       3320   heap_4.o
      1328        164        240         30         10       4813   key.o
      1212         40          0          6         14       6324   lcd.o
       148          0          0          0          0       1862   list.o
       388         72          0          0          0     288275   main.o
       220         22          0          0          0       1781   misc.o
       382         28          0          4          0       7140   port.o
       752         34         12          2         10       3281   rtc.o
       116         46          0          7          0       1369   sta_tcpclent_test.o
        36          8        304          0       1024        856   startup_stm32f10x_hd.o
      1102         26          0          0          0      11025   stm32f10x_adc.o
       196          8          0          0          0       3484   stm32f10x_bkp.o
       596          8          0          0          0       4350   stm32f10x_dma.o
      1548         18          0          0          0       5363   stm32f10x_fsmc.o
       860         38          0          0          0       5717   stm32f10x_gpio.o
        42          0          0          0          0       1115   stm32f10x_it.o
       204         14          0          0          0       1947   stm32f10x_pwr.o
       932         36          0         20          0       8904   stm32f10x_rcc.o
       328          4          0          0          0       2722   stm32f10x_rtc.o
      3610         88          0          0          0      22828   stm32f10x_tim.o
      1032         22          0          0          0       8440   stm32f10x_usart.o
       468         16          0          0          0       1725   syn6288.o
       480         38          0         20          0       1839   system_stm32f10x.o
      4000        260          0         60        200      28447   tasks.o
      2192        630          0         18         20       2987   test.o
       272         18          0          6        200       3144   usart.o

    ----------------------------------------------------------------------
     28584       2186       5852        248      19960     661497   Object Totals
         0          0         32          0          0          0   (incl. Generated)
         8          0          2          3          8          0   (incl. Padding)

    ----------------------------------------------------------------------

      Code (inc. data)   RO Data    RW Data    ZI Data      Debug   Library Member Name

         0          0          0          0          0          0   entry.o
         0          0          0          0          0          0   entry10a.o
         0          0          0          0          0          0   entry11a.o
         8          4          0          0          0          0   entry2.o
         4          0          0          0          0          0   entry5.o
         0          0          0          0          0          0   entry7b.o
         0          0          0          0          0          0   entry8b.o
         8          4          0          0          0          0   entry9a.o
        30          0          0          0          0          0   handlers.o
        36          8          0          0          0         68   init.o
         0          0          0          0          0          0   iusefp.o
        30          0          0          0          0         68   llshl.o
        36          0          0          0          0         68   llsshr.o
        32          0          0          0          0         68   llushr.o
        36          0          0          0          0        108   memseta.o
      2312        102          0          0          0        676   printfa.o
         4          0          0          0          0         68   putc.o
        14          0          0          0          0         68   strlen.o
        36          0          0          0          0         80   strstr.o
        44          0          0          0          0         80   uidiv.o
        98          0          0          0          0         92   uldiv.o
        48          0          0          0          0         68   cdrcmple.o
        56          0          0          0          0         88   d2f.o
       334          0          0          0          0        148   dadd.o
       222          0          0          0          0        100   ddiv.o
       186          0          0          0          0        176   depilogue.o
        48          0          0          0          0         68   dfixul.o
       228          0          0          0          0         96   dmul.o
        38          0          0          0          0         68   f2d.o
       110          0          0          0          0        168   fepilogue.o

    ----------------------------------------------------------------------
      4000        118          0          0          0       2424   Library Totals
         2          0          0          0          0          0   (incl. Padding)

    ----------------------------------------------------------------------

      Code (inc. data)   RO Data    RW Data    ZI Data      Debug   Library Name

      2728        118          0          0          0       1444   mc_w.l
      1270          0          0          0          0        980   mf_w.l

    ----------------------------------------------------------------------
      4000        118          0          0          0       2424   Library Totals

    ----------------------------------------------------------------------

==============================================================================


      Code (inc. data)   RO Data    RW Data    ZI Data      Debug   

     32584       2304       5852        248      19960     659289   Grand Totals
     32584       2304       5852        248      19960     659289   ELF Image Totals
     32584       2304       5852        248          0          0   ROM Totals

==============================================================================

    Total RO  Size (Code + RO Data)                38436 (  37.54kB)
    Total RW  Size (RW Data + ZI Data)             20208 (  19.73kB)
    Total ROM Size (Code + RO Data + RW Data)      38684 (  37.78kB)

==============================================================================

