<html>
<body>
<pre>
<h1>µVision Build Log</h1>
<h2>Tool Versions:</h2>
IDE-Version: ¦ÌVision V5.16a
Copyright (C) 2015 ARM Ltd and ARM Germany GmbH. All rights reserved.
License Information: 54545 Administrator, 54, LIC=LSNY8-3L05H-IIM5V-PB14S-R57IQ-5MT0W
 
Tool Versions:
Toolchain:       MDK-ARM Standard  Version: 5.16a
Toolchain Path:  E:\Keil_v5\ARM\ARMCC\Bin
C Compiler:      Armcc.exe V5.06 (build 20)
Assembler:       Armasm.exe V5.06 (build 20)
Linker/Locator:  ArmLink.exe V5.06 (build 20)
Library Manager: ArmAr.exe V5.06 (build 20)
Hex Converter:   FromElf.exe V5.06 (build 20)
CPU DLL:         SARMCM3.DLL V5.16a
Dialog DLL:      DARMSTM.DLL V1.65.0.0
Target DLL:      STLink\ST-LINKIII-KEIL_SWO.dll V2.0.18.0
Dialog DLL:      TARMSTM.DLL V1.64.0.0
 
<h2>Project:</h2>
D:\STM32 HAL\Smart_Socket\Smart_Socket\Smart_Socket\USER\STM32-DEMO.uvproj
Project File Date:  01/16/2018

<h2>Output:</h2>
*** Using Compiler 'V5.06 (build 20)', folder: 'E:\Keil_v5\ARM\ARMCC\Bin'
Build target 'Target 1'
compiling key.c...
..\FWlib\src\key.c(150): warning:  #550-D: variable "Dc" was set but never used
  		static int Dc;
..\FWlib\src\key.c: 1 warning, 0 errors
linking...
Program Size: Code=18060 RO-data=336 RW-data=124 ZI-data=2052  
"..\Output\STM32-DEMO.axf" - 0 Error(s), 1 Warning(s).
Build Time Elapsed:  00:00:01
</pre>
</body>
</html>
